09-08 02:21:51.540 20662 20721 D ActivityThread: holder:android.app.IActivityManager$ContentProviderHolder@dc0178b, holder.provider:android.content.ContentProviderProxy@2789068
09-08 02:21:51.546  1109  1530 D ActivityManager: getContentProviderImpl: from caller=android.app.ApplicationThreadProxy@4e467f3 (pid=20662, userId=0) to get content provider 3416a75f4cea9109507cacd8e2f2aefc cpr=ContentProviderRecord{ab7d5ee u0 com.qihoo.appstore/com.qihoo.sdk.report.common.MultiprocessSharedPreferences}
09-08 02:21:51.547 20662 20721 D ActivityThread: holder:android.app.IActivityManager$ContentProviderHolder@1c55c81, holder.provider:android.content.ContentProviderProxy@ffde126
09-08 02:21:51.554  1109  1990 D ActivityManager: getContentProviderImpl: from caller=android.app.ApplicationThreadProxy@5de7cb0 (pid=20662, userId=0) to get content provider 3416a75f4cea9109507cacd8e2f2aefc cpr=ContentProviderRecord{ab7d5ee u0 com.qihoo.appstore/com.qihoo.sdk.report.common.MultiprocessSharedPreferences}
09-08 02:21:51.555 20662 20721 D ActivityThread: holder:android.app.IActivityManager$ContentProviderHolder@316a167, holder.provider:android.content.ContentProviderProxy@27a4b14
09-08 02:21:51.560  1109  2460 D ActivityManager: getContentProviderImpl: from caller=android.app.ApplicationThreadProxy@9d8e729 (pid=20662, userId=0) to get content provider 3416a75f4cea9109507cacd8e2f2aefc cpr=ContentProviderRecord{ab7d5ee u0 com.qihoo.appstore/com.qihoo.sdk.report.common.MultiprocessSharedPreferences}
09-08 02:21:51.561 20662 20721 D ActivityThread: holder:android.app.IActivityManager$ContentProviderHolder@66a3fbd, holder.provider:android.content.ContentProviderProxy@3d6e9b2
09-08 02:21:51.571  1109  1529 D ActivityManager: getContentProviderImpl: from caller=android.app.ApplicationThreadProxy@a7f1aae (pid=20662, userId=0) to get content provider 3416a75f4cea9109507cacd8e2f2aefc cpr=ContentProviderRecord{ab7d5ee u0 com.qihoo.appstore/com.qihoo.sdk.report.common.MultiprocessSharedPreferences}
09-08 02:21:51.572 20662 20721 D ActivityThread: holder:android.app.IActivityManager$ContentProviderHolder@f61ed03, holder.provider:android.content.ContentProviderProxy@63b0480
09-08 02:21:51.579  1109  1119 D ActivityManager: getContentProviderImpl: from caller=android.app.ApplicationThreadProxy@2d3904f (pid=20662, userId=0) to get content provider 3416a75f4cea9109507cacd8e2f2aefc cpr=ContentProviderRecord{ab7d5ee u0 com.qihoo.appstore/com.qihoo.sdk.report.common.MultiprocessSharedPreferences}
09-08 02:21:51.580 20662 20721 D ActivityThread: holder:android.app.IActivityManager$ContentProviderHolder@d801ab9, holder.provider:android.content.ContentProviderProxy@bc5eefe
09-08 02:21:51.585  1109  4300 D ActivityManager: getContentProviderImpl: from caller=android.app.ApplicationThreadProxy@626b3dc (pid=20662, userId=0) to get content provider 3416a75f4cea9109507cacd8e2f2aefc cpr=ContentProviderRecord{ab7d5ee u0 com.qihoo.appstore/com.qihoo.sdk.report.common.MultiprocessSharedPreferences}
09-08 02:21:51.587 20662 20721 D ActivityThread: holder:android.app.IActivityManager$ContentProviderHolder@88c565f, holder.provider:android.content.ContentProviderProxy@28be8ac
09-08 02:21:51.592  1109  2445 D ActivityManager: getContentProviderImpl: from caller=android.app.ApplicationThreadProxy@16fcce5 (pid=20662, userId=0) to get content provider 3416a75f4cea9109507cacd8e2f2aefc cpr=ContentProviderRecord{ab7d5ee u0 com.qihoo.appstore/com.qihoo.sdk.report.common.MultiprocessSharedPreferences}
09-08 02:21:51.593 20662 20721 D ActivityThread: holder:android.app.IActivityManager$ContentProviderHolder@77ea975, holder.provider:android.content.ContentProviderProxy@e0dfd0a
09-08 02:21:51.598  1109  1620 D ActivityManager: getContentProviderImpl: from caller=android.app.ApplicationThreadProxy@b2633ba (pid=20662, userId=0) to get content provider 3416a75f4cea9109507cacd8e2f2aefc cpr=ContentProviderRecord{ab7d5ee u0 com.qihoo.appstore/com.qihoo.sdk.report.common.MultiprocessSharedPreferences}
09-08 02:21:51.599 20662 20721 D ActivityThread: holder:android.app.IActivityManager$ContentProviderHolder@ec9f97b, holder.provider:android.content.ContentProviderProxy@624e398
09-08 02:21:52.011  1109  1391 D PowerManagerService: userActivityFromNative
09-08 02:21:52.011  1109  1391 D PowerManagerService: userActivityNoUpdateLocked: eventTime=53324072, event=2, flags=0x0, uid=1000
09-08 02:21:52.011  1109  1391 D PowerManagerNotifier: onUserActivity: event=2, uid=1000
09-08 02:21:52.011  1109  1391 D PowerManagerService: updateUserActivitySummaryLocked: mWakefulness=Awake, mUserActivitySummary=0x9, nextTimeout=53327072 (in 2996 ms)
09-08 02:21:52.011  1109  1391 D DisplayPowerController: requestPowerState: policy=BRIGHT, useProximitySensor=false, screenBrightness=102, screenAutoBrightnessAdjustment=0.0, brightnessSetByUser=true, useAutoBrightness=true, blockScreenOn=false, lowPowerMode=false, boostScreenBrightness=false, dozeScreenBrightness=-1, dozeScreenState=UNKNOWN, waitForNegativeProximity=false
09-08 02:21:52.011  1109  1391 D PowerManagerService: updateDisplayPowerStateLocked: mDisplayReady=true, policy=3, mWakefulness=1, mWakeLockSummary=0x0, mUserActivitySummary=0x9, mBootCompleted=true, mScreenBrightnessBoostInProgress=false
09-08 02:21:52.013  1109  1363 I DisplayPowerState: isRealyScreenOn is true
09-08 02:21:52.013  1109  1363 D PowerManagerService: getButtonLightValue : mForceButtonOn is true
09-08 02:21:52.013  1109  1363 I PowerManagerService: 3Button light brightness: 1
09-08 02:21:52.013  1109  1620 D PowerManagerService: userActivityNoUpdateLocked: eventTime=53324077, event=0, flags=0x0, uid=10014
09-08 02:21:52.013  1109  1620 D PowerManagerNotifier: onUserActivity: event=0, uid=10014
09-08 02:21:52.013  1109  1620 D PowerManagerService: updateUserActivitySummaryLocked: mWakefulness=Awake, mUserActivitySummary=0x9, nextTimeout=53327077 (in 2999 ms)
09-08 02:21:52.013  1109  1620 D DisplayPowerController: requestPowerState: policy=BRIGHT, useProximitySensor=false, screenBrightness=102, screenAutoBrightnessAdjustment=0.0, brightnessSetByUser=true, useAutoBrightness=true, blockScreenOn=false, lowPowerMode=false, boostScreenBrightness=false, dozeScreenBrightness=-1, dozeScreenState=UNKNOWN, waitForNegativeProximity=false
09-08 02:21:52.014  1109  1620 D PowerManagerService: updateDisplayPowerStateLocked: mDisplayReady=true, policy=3, mWakefulness=1, mWakeLockSummary=0x0, mUserActivitySummary=0x9, mBootCompleted=true, mScreenBrightnessBoostInProgress=false
09-08 02:21:52.014  1109  1363 I DisplayPowerState: isRealyScreenOn is true
09-08 02:21:52.014  1109  1363 D PowerManagerService: getButtonLightValue : mForceButtonOn is true
09-08 02:21:52.014  1109  1363 I PowerManagerService: 3Button light brightness: 1
09-08 02:21:52.014  1109  4299 V SettingsProvider: packageValueForCallResult, name = haptic_feedback_enabled, value : 1
09-08 02:21:52.015  1109  4299 D PowerManagerService: acquireWakeLockInternal: lock=201353273, flags=0x1, tag="*vibrator*", ws=WorkSource{10014}, uid=1000, pid=1109
09-08 02:21:52.015  1109  4299 D PowerManagerService: updateWakeLockSummaryLocked: mWakefulness=Awake, mWakeLockSummary=0x1
09-08 02:21:52.015  1109  4299 D PowerManagerService: updateUserActivitySummaryLocked: mWakefulness=Awake, mUserActivitySummary=0x9, nextTimeout=53327077 (in 2997 ms)
09-08 02:21:52.015  1109  4299 D DisplayPowerController: requestPowerState: policy=BRIGHT, useProximitySensor=false, screenBrightness=102, screenAutoBrightnessAdjustment=0.0, brightnessSetByUser=true, useAutoBrightness=true, blockScreenOn=false, lowPowerMode=false, boostScreenBrightness=false, dozeScreenBrightness=-1, dozeScreenState=UNKNOWN, waitForNegativeProximity=false
09-08 02:21:52.015  1109  4299 D PowerManagerService: updateDisplayPowerStateLocked: mDisplayReady=true, policy=3, mWakefulness=1, mWakeLockSummary=0x1, mUserActivitySummary=0x9, mBootCompleted=true, mScreenBrightnessBoostInProgress=false
09-08 02:21:52.015  1109  4299 D PowerManagerService: Acquiring suspend blocker "PowerManagerService.WakeLocks".
09-08 02:21:52.015  1109  4299 D PowerManagerNotifier: onWakeLockAcquired: flags=1, tag="*vibrator*", packageName=android, ownerUid=1000, ownerPid=1109, workSource=WorkSource{10014}
09-08 02:21:52.016  1109  1363 I DisplayPowerState: isRealyScreenOn is true
09-08 02:21:52.016  1109  1363 D PowerManagerService: getButtonLightValue : mForceButtonOn is true
09-08 02:21:52.016  1109  1363 I PowerManagerService: 3Button light brightness: 1
09-08 02:21:52.077  1109 20738 D PowerManagerService: releaseWakeLockInternal: lock=201353273 [*vibrator*], flags=0x0, total_time=62ms
09-08 02:21:52.077  1109 20738 D PowerManagerNotifier: onWakeLockReleased: flags=1, tag="*vibrator*", packageName=android, ownerUid=1000, ownerPid=1109, workSource=WorkSource{10014}
09-08 02:21:52.077  1109 20738 D PowerManagerService: updateWakeLockSummaryLocked: mWakefulness=Awake, mWakeLockSummary=0x0
09-08 02:21:52.078  1109 20738 D PowerManagerService: updateUserActivitySummaryLocked: mWakefulness=Awake, mUserActivitySummary=0x9, nextTimeout=53327077 (in 2935 ms)
09-08 02:21:52.078  1109 20738 D DisplayPowerController: requestPowerState: policy=BRIGHT, useProximitySensor=false, screenBrightness=102, screenAutoBrightnessAdjustment=0.0, brightnessSetByUser=true, useAutoBrightness=true, blockScreenOn=false, lowPowerMode=false, boostScreenBrightness=false, dozeScreenBrightness=-1, dozeScreenState=UNKNOWN, waitForNegativeProximity=false
09-08 02:21:52.078  1109 20738 D PowerManagerService: updateDisplayPowerStateLocked: mDisplayReady=true, policy=3, mWakefulness=1, mWakeLockSummary=0x0, mUserActivitySummary=0x9, mBootCompleted=true, mScreenBrightnessBoostInProgress=false
09-08 02:21:52.078  1109 20738 D PowerManagerService: Releasing suspend blocker "PowerManagerService.WakeLocks".
09-08 02:21:52.078  1109  1363 I DisplayPowerState: isRealyScreenOn is true
09-08 02:21:52.078  1109  1363 D PowerManagerService: getButtonLightValue : mForceButtonOn is true
09-08 02:21:52.078  1109  1363 I PowerManagerService: 3Button light brightness: 1
09-08 02:21:52.137  1109  2458 D PowerManagerService: userActivityNoUpdateLocked: eventTime=53324201, event=0, flags=0x0, uid=10014
09-08 02:21:52.137  1109  2458 D PowerManagerNotifier: onUserActivity: event=0, uid=10014
09-08 02:21:52.137  1109  2458 D PowerManagerService: updateUserActivitySummaryLocked: mWakefulness=Awake, mUserActivitySummary=0x9, nextTimeout=53327201 (in 2999 ms)
09-08 02:21:52.137  1109  2458 D DisplayPowerController: requestPowerState: policy=BRIGHT, useProximitySensor=false, screenBrightness=102, screenAutoBrightnessAdjustment=0.0, brightnessSetByUser=true, useAutoBrightness=true, blockScreenOn=false, lowPowerMode=false, boostScreenBrightness=false, dozeScreenBrightness=-1, dozeScreenState=UNKNOWN, waitForNegativeProximity=false
09-08 02:21:52.137  1109  2458 D PowerManagerService: updateDisplayPowerStateLocked: mDisplayReady=true, policy=3, mWakefulness=1, mWakeLockSummary=0x0, mUserActivitySummary=0x9, mBootCompleted=true, mScreenBrightnessBoostInProgress=false
09-08 02:21:52.137  1109  1363 I DisplayPowerState: isRealyScreenOn is true
09-08 02:21:52.137  1109  1363 D PowerManagerService: getButtonLightValue : mForceButtonOn is true
09-08 02:21:52.137  1109  1363 I PowerManagerService: 3Button light brightness: 1
09-08 02:21:52.138  1109  1120 V SettingsProvider: packageValueForCallResult, name = haptic_feedback_enabled, value : 1
09-08 02:21:52.139  1109  1120 D PowerManagerService: acquireWakeLockInternal: lock=201353273, flags=0x1, tag="*vibrator*", ws=WorkSource{10014}, uid=1000, pid=1109
09-08 02:21:52.139  1109  1120 D PowerManagerService: updateWakeLockSummaryLocked: mWakefulness=Awake, mWakeLockSummary=0x1
09-08 02:21:52.139  1109  1120 D PowerManagerService: updateUserActivitySummaryLocked: mWakefulness=Awake, mUserActivitySummary=0x9, nextTimeout=53327201 (in 2997 ms)
09-08 02:21:52.139  1109  1120 D DisplayPowerController: requestPowerState: policy=BRIGHT, useProximitySensor=false, screenBrightness=102, screenAutoBrightnessAdjustment=0.0, brightnessSetByUser=true, useAutoBrightness=true, blockScreenOn=false, lowPowerMode=false, boostScreenBrightness=false, dozeScreenBrightness=-1, dozeScreenState=UNKNOWN, waitForNegativeProximity=false
09-08 02:21:52.139  1109  1120 D PowerManagerService: updateDisplayPowerStateLocked: mDisplayReady=true, policy=3, mWakefulness=1, mWakeLockSummary=0x1, mUserActivitySummary=0x9, mBootCompleted=true, mScreenBrightnessBoostInProgress=false
09-08 02:21:52.139  1109  1120 D PowerManagerService: Acquiring suspend blocker "PowerManagerService.WakeLocks".
09-08 02:21:52.139  1109  1120 D PowerManagerNotifier: onWakeLockAcquired: flags=1, tag="*vibrator*", packageName=android, ownerUid=1000, ownerPid=1109, workSource=WorkSource{10014}
09-08 02:21:52.139  1109  1363 I DisplayPowerState: isRealyScreenOn is true
09-08 02:21:52.139  1109  1363 D PowerManagerService: getButtonLightValue : mForceButtonOn is true
09-08 02:21:52.139  1109  1363 I PowerManagerService: 3Button light brightness: 1
09-08 02:21:52.202  1109 20739 D PowerManagerService: releaseWakeLockInternal: lock=201353273 [*vibrator*], flags=0x0, total_time=63ms
09-08 02:21:52.203  1109 20739 D PowerManagerNotifier: onWakeLockReleased: flags=1, tag="*vibrator*", packageName=android, ownerUid=1000, ownerPid=1109, workSource=WorkSource{10014}
09-08 02:21:52.203  1109 20739 D PowerManagerService: updateWakeLockSummaryLocked: mWakefulness=Awake, mWakeLockSummary=0x0
09-08 02:21:52.203  1109 20739 D PowerManagerService: updateUserActivitySummaryLocked: mWakefulness=Awake, mUserActivitySummary=0x9, nextTimeout=53327201 (in 2934 ms)
09-08 02:21:52.203  1109 20739 D DisplayPowerController: requestPowerState: policy=BRIGHT, useProximitySensor=false, screenBrightness=102, screenAutoBrightnessAdjustment=0.0, brightnessSetByUser=true, useAutoBrightness=true, blockScreenOn=false, lowPowerMode=false, boostScreenBrightness=false, dozeScreenBrightness=-1, dozeScreenState=UNKNOWN, waitForNegativeProximity=false
09-08 02:21:52.203  1109 20739 D PowerManagerService: updateDisplayPowerStateLocked: mDisplayReady=true, policy=3, mWakefulness=1, mWakeLockSummary=0x0, mUserActivitySummary=0x9, mBootCompleted=true, mScreenBrightnessBoostInProgress=false
09-08 02:21:52.203  1109 20739 D PowerManagerService: Releasing suspend blocker "PowerManagerService.WakeLocks".
09-08 02:21:52.203  1109  1363 I DisplayPowerState: isRealyScreenOn is true
09-08 02:21:52.203  1109  1363 D PowerManagerService: getButtonLightValue : mForceButtonOn is true
09-08 02:21:52.203  1109  1363 I PowerManagerService: 3Button light brightness: 1
09-08 02:21:52.238  1109  1620 D PowerManagerService: userActivityNoUpdateLocked: eventTime=53324303, event=0, flags=0x0, uid=10014
09-08 02:21:52.238  1109  1620 D PowerManagerNotifier: onUserActivity: event=0, uid=10014
09-08 02:21:52.239  1109  1620 D PowerManagerService: updateUserActivitySummaryLocked: mWakefulness=Awake, mUserActivitySummary=0x9, nextTimeout=53327303 (in 3000 ms)
09-08 02:21:52.239  1109  1620 D DisplayPowerController: requestPowerState: policy=BRIGHT, useProximitySensor=false, screenBrightness=102, screenAutoBrightnessAdjustment=0.0, brightnessSetByUser=true, useAutoBrightness=true, blockScreenOn=false, lowPowerMode=false, boostScreenBrightness=false, dozeScreenBrightness=-1, dozeScreenState=UNKNOWN, waitForNegativeProximity=false
09-08 02:21:52.239  1109  1620 D PowerManagerService: updateDisplayPowerStateLocked: mDisplayReady=true, policy=3, mWakefulness=1, mWakeLockSummary=0x0, mUserActivitySummary=0x9, mBootCompleted=true, mScreenBrightnessBoostInProgress=false
09-08 02:21:52.239  1109  1363 I DisplayPowerState: isRealyScreenOn is true
09-08 02:21:52.239  1109  1363 D PowerManagerService: getButtonLightValue : mForceButtonOn is true
09-08 02:21:52.239  1109  1363 I PowerManagerService: 3Button light brightness: 1
09-08 02:21:52.240  1109  4299 V SettingsProvider: packageValueForCallResult, name = haptic_feedback_enabled, value : 1
09-08 02:21:52.240  1109  4299 D PowerManagerService: acquireWakeLockInternal: lock=201353273, flags=0x1, tag="*vibrator*", ws=WorkSource{10014}, uid=1000, pid=1109
09-08 02:21:52.240  1109  4299 D PowerManagerService: updateWakeLockSummaryLocked: mWakefulness=Awake, mWakeLockSummary=0x1
09-08 02:21:52.240  1109  4299 D PowerManagerService: updateUserActivitySummaryLocked: mWakefulness=Awake, mUserActivitySummary=0x9, nextTimeout=53327303 (in 2998 ms)
09-08 02:21:52.241  1109  4299 D DisplayPowerController: requestPowerState: policy=BRIGHT, useProximitySensor=false, screenBrightness=102, screenAutoBrightnessAdjustment=0.0, brightnessSetByUser=true, useAutoBrightness=true, blockScreenOn=false, lowPowerMode=false, boostScreenBrightness=false, dozeScreenBrightness=-1, dozeScreenState=UNKNOWN, waitForNegativeProximity=false
09-08 02:21:52.241  1109  4299 D PowerManagerService: updateDisplayPowerStateLocked: mDisplayReady=true, policy=3, mWakefulness=1, mWakeLockSummary=0x1, mUserActivitySummary=0x9, mBootCompleted=true, mScreenBrightnessBoostInProgress=false
09-08 02:21:52.241  1109  4299 D PowerManagerService: Acquiring suspend blocker "PowerManagerService.WakeLocks".
09-08 02:21:52.241  1109  4299 D PowerManagerNotifier: onWakeLockAcquired: flags=1, tag="*vibrator*", packageName=android, ownerUid=1000, ownerPid=1109, workSource=WorkSource{10014}
09-08 02:21:52.241  1109  1363 I DisplayPowerState: isRealyScreenOn is true
09-08 02:21:52.241  1109  1363 D PowerManagerService: getButtonLightValue : mForceButtonOn is true
09-08 02:21:52.241  1109  1363 I PowerManagerService: 3Button light brightness: 1
09-08 02:21:52.303  1109 20740 D PowerManagerService: releaseWakeLockInternal: lock=201353273 [*vibrator*], flags=0x0, total_time=63ms
09-08 02:21:52.303  1109 20740 D PowerManagerNotifier: onWakeLockReleased: flags=1, tag="*vibrator*", packageName=android, ownerUid=1000, ownerPid=1109, workSource=WorkSource{10014}
09-08 02:21:52.303  1109 20740 D PowerManagerService: updateWakeLockSummaryLocked: mWakefulness=Awake, mWakeLockSummary=0x0
09-08 02:21:52.303  1109 20740 D PowerManagerService: updateUserActivitySummaryLocked: mWakefulness=Awake, mUserActivitySummary=0x9, nextTimeout=53327303 (in 2935 ms)
09-08 02:21:52.304  1109 20740 D DisplayPowerController: requestPowerState: policy=BRIGHT, useProximitySensor=false, screenBrightness=102, screenAutoBrightnessAdjustment=0.0, brightnessSetByUser=true, useAutoBrightness=true, blockScreenOn=false, lowPowerMode=false, boostScreenBrightness=false, dozeScreenBrightness=-1, dozeScreenState=UNKNOWN, waitForNegativeProximity=false
09-08 02:21:52.304  1109 20740 D PowerManagerService: updateDisplayPowerStateLocked: mDisplayReady=true, policy=3, mWakefulness=1, mWakeLockSummary=0x0, mUserActivitySummary=0x9, mBootCompleted=true, mScreenBrightnessBoostInProgress=false
09-08 02:21:52.304  1109 20740 D PowerManagerService: Releasing suspend blocker "PowerManagerService.WakeLocks".
09-08 02:21:52.305  1109  1363 I DisplayPowerState: isRealyScreenOn is true
09-08 02:21:52.305  1109  1363 D PowerManagerService: getButtonLightValue : mForceButtonOn is true
09-08 02:21:52.305  1109  1363 I PowerManagerService: 3Button light brightness: 1
09-08 02:21:52.372  1109  2445 D PowerManagerService: userActivityNoUpdateLocked: eventTime=53324436, event=0, flags=0x0, uid=10014
09-08 02:21:52.372  1109  2445 D PowerManagerNotifier: onUserActivity: event=0, uid=10014
09-08 02:21:52.372  1109  2445 D PowerManagerService: updateUserActivitySummaryLocked: mWakefulness=Awake, mUserActivitySummary=0x9, nextTimeout=53327436 (in 2999 ms)
09-08 02:21:52.373  1109  2445 D DisplayPowerController: requestPowerState: policy=BRIGHT, useProximitySensor=false, screenBrightness=102, screenAutoBrightnessAdjustment=0.0, brightnessSetByUser=true, useAutoBrightness=true, blockScreenOn=false, lowPowerMode=false, boostScreenBrightness=false, dozeScreenBrightness=-1, dozeScreenState=UNKNOWN, waitForNegativeProximity=false
09-08 02:21:52.373  1109  2445 D PowerManagerService: updateDisplayPowerStateLocked: mDisplayReady=true, policy=3, mWakefulness=1, mWakeLockSummary=0x0, mUserActivitySummary=0x9, mBootCompleted=true, mScreenBrightnessBoostInProgress=false
09-08 02:21:52.373  1109  1363 I DisplayPowerState: isRealyScreenOn is true
09-08 02:21:52.373  1109  1363 D PowerManagerService: getButtonLightValue : mForceButtonOn is true
09-08 02:21:52.373  1109  1363 I PowerManagerService: 3Button light brightness: 1
09-08 02:21:52.373  1109  2455 V SettingsProvider: packageValueForCallResult, name = haptic_feedback_enabled, value : 1
09-08 02:21:52.374  1109  2455 D PowerManagerService: acquireWakeLockInternal: lock=201353273, flags=0x1, tag="*vibrator*", ws=WorkSource{10014}, uid=1000, pid=1109
09-08 02:21:52.374  1109  2455 D PowerManagerService: updateWakeLockSummaryLocked: mWakefulness=Awake, mWakeLockSummary=0x1
09-08 02:21:52.374  1109  2455 D PowerManagerService: updateUserActivitySummaryLocked: mWakefulness=Awake, mUserActivitySummary=0x9, nextTimeout=53327436 (in 2997 ms)
09-08 02:21:52.374  1109  2455 D DisplayPowerController: requestPowerState: policy=BRIGHT, useProximitySensor=false, screenBrightness=102, screenAutoBrightnessAdjustment=0.0, brightnessSetByUser=true, useAutoBrightness=true, blockScreenOn=false, lowPowerMode=false, boostScreenBrightness=false, dozeScreenBrightness=-1, dozeScreenState=UNKNOWN, waitForNegativeProximity=false
09-08 02:21:52.374  1109  2455 D PowerManagerService: updateDisplayPowerStateLocked: mDisplayReady=true, policy=3, mWakefulness=1, mWakeLockSummary=0x1, mUserActivitySummary=0x9, mBootCompleted=true, mScreenBrightnessBoostInProgress=false
09-08 02:21:52.374  1109  2455 D PowerManagerService: Acquiring suspend blocker "PowerManagerService.WakeLocks".
09-08 02:21:52.375  1109  2455 D PowerManagerNotifier: onWakeLockAcquired: flags=1, tag="*vibrator*", packageName=android, ownerUid=1000, ownerPid=1109, workSource=WorkSource{10014}
09-08 02:21:52.375  1109  1363 I DisplayPowerState: isRealyScreenOn is true
09-08 02:21:52.375  1109  1363 D PowerManagerService: getButtonLightValue : mForceButtonOn is true
09-08 02:21:52.375  1109  1363 I PowerManagerService: 3Button light brightness: 1
09-08 02:21:52.417  1109  2460 D PowerManagerService: userActivityNoUpdateLocked: eventTime=53324481, event=0, flags=0x0, uid=10014
09-08 02:21:52.417  1109  2460 D PowerManagerNotifier: onUserActivity: event=0, uid=10014
09-08 02:21:52.418  1109  2460 D PowerManagerService: updateUserActivitySummaryLocked: mWakefulness=Awake, mUserActivitySummary=0x9, nextTimeout=53327481 (in 2999 ms)
09-08 02:21:52.418  1109  2460 D DisplayPowerController: requestPowerState: policy=BRIGHT, useProximitySensor=false, screenBrightness=102, screenAutoBrightnessAdjustment=0.0, brightnessSetByUser=true, useAutoBrightness=true, blockScreenOn=false, lowPowerMode=false, boostScreenBrightness=false, dozeScreenBrightness=-1, dozeScreenState=UNKNOWN, waitForNegativeProximity=false
09-08 02:21:52.418  1109  2460 D PowerManagerService: updateDisplayPowerStateLocked: mDisplayReady=true, policy=3, mWakefulness=1, mWakeLockSummary=0x1, mUserActivitySummary=0x9, mBootCompleted=true, mScreenBrightnessBoostInProgress=false
09-08 02:21:52.418  1109  1363 I DisplayPowerState: isRealyScreenOn is true
09-08 02:21:52.418  1109  1363 D PowerManagerService: getButtonLightValue : mForceButtonOn is true
09-08 02:21:52.418  1109  1363 I PowerManagerService: 3Button light brightness: 1
09-08 02:21:52.437  1109 20746 D PowerManagerService: releaseWakeLockInternal: lock=201353273 [*vibrator*], flags=0x0, total_time=63ms
09-08 02:21:52.437  1109 20746 D PowerManagerNotifier: onWakeLockReleased: flags=1, tag="*vibrator*", packageName=android, ownerUid=1000, ownerPid=1109, workSource=WorkSource{10014}
09-08 02:21:52.438  1109 20746 D PowerManagerService: updateWakeLockSummaryLocked: mWakefulness=Awake, mWakeLockSummary=0x0
09-08 02:21:52.438  1109 20746 D PowerManagerService: updateUserActivitySummaryLocked: mWakefulness=Awake, mUserActivitySummary=0x9, nextTimeout=53327481 (in 2979 ms)
09-08 02:21:52.438  1109 20746 D DisplayPowerController: requestPowerState: policy=BRIGHT, useProximitySensor=false, screenBrightness=102, screenAutoBrightnessAdjustment=0.0, brightnessSetByUser=true, useAutoBrightness=true, blockScreenOn=false, lowPowerMode=false, boostScreenBrightness=false, dozeScreenBrightness=-1, dozeScreenState=UNKNOWN, waitForNegativeProximity=false
09-08 02:21:52.438  1109 20746 D PowerManagerService: updateDisplayPowerStateLocked: mDisplayReady=true, policy=3, mWakefulness=1, mWakeLockSummary=0x0, mUserActivitySummary=0x9, mBootCompleted=true, mScreenBrightnessBoostInProgress=false
09-08 02:21:52.438  1109 20746 D PowerManagerService: Releasing suspend blocker "PowerManagerService.WakeLocks".
09-08 02:21:52.439  1109  1363 I DisplayPowerState: isRealyScreenOn is true
09-08 02:21:52.439  1109  1363 D PowerManagerService: getButtonLightValue : mForceButtonOn is true
09-08 02:21:52.439  1109  1363 I PowerManagerService: 3Button light brightness: 1
09-08 02:21:52.494  1109  2455 V AlarmManager: set(PendingIntent{ee2e26b: PendingIntentRecord{15931c8 com.android.systemui broadcastIntent}}) : type=3 triggerAtTime=2016-09-11 02:21:52 win=-1 tElapsed=357397216 maxElapsed=551797214 interval=0 flags=0x0
09-08 02:21:52.495  1109  1109 D AlarmManager: manual remove option = PendingIntent{8d55261: PendingIntentRecord{9f3d186 android broadcastIntent}}
09-08 02:21:52.496  1109  1109 D PowerManagerService: acquireWakeLockInternal: lock=172702279, flags=0x1, tag="lockoutResetCallback", ws=null, uid=10014, pid=1468
09-08 02:21:52.497  1109  1109 D PowerManagerService: updateWakeLockSummaryLocked: mWakefulness=Awake, mWakeLockSummary=0x1
09-08 02:21:52.497  1109  1109 D PowerManagerService: updateUserActivitySummaryLocked: mWakefulness=Awake, mUserActivitySummary=0x9, nextTimeout=53327481 (in 2920 ms)
09-08 02:21:52.497  1109  1109 D DisplayPowerController: requestPowerState: policy=BRIGHT, useProximitySensor=false, screenBrightness=102, screenAutoBrightnessAdjustment=0.0, brightnessSetByUser=true, useAutoBrightness=true, blockScreenOn=false, lowPowerMode=false, boostScreenBrightness=false, dozeScreenBrightness=-1, dozeScreenState=UNKNOWN, waitForNegativeProximity=false
09-08 02:21:52.497  1109  1109 D PowerManagerService: updateDisplayPowerStateLocked: mDisplayReady=true, policy=3, mWakefulness=1, mWakeLockSummary=0x1, mUserActivitySummary=0x9, mBootCompleted=true, mScreenBrightnessBoostInProgress=false
09-08 02:21:52.497  1109  1109 D PowerManagerService: Acquiring suspend blocker "PowerManagerService.WakeLocks".
09-08 02:21:52.497  1109  1109 D PowerManagerNotifier: onWakeLockAcquired: flags=1, tag="lockoutResetCallback", packageName=com.android.systemui, ownerUid=10014, ownerPid=1468, workSource=null
09-08 02:21:52.499  1109  1363 I DisplayPowerState: isRealyScreenOn is true
09-08 02:21:52.499  1109  1363 D PowerManagerService: getButtonLightValue : mForceButtonOn is true
09-08 02:21:52.499  1109  1363 I PowerManagerService: 3Button light brightness: 1
09-08 02:21:52.499  1109  1109 D PowerManagerService: acquireWakeLockInternal: lock=129213044, flags=0x1, tag="lockoutResetCallback", ws=null, uid=10014, pid=1625
09-08 02:21:52.499  1109  1109 D PowerManagerService: updateWakeLockSummaryLocked: mWakefulness=Awake, mWakeLockSummary=0x1
09-08 02:21:52.499  1109  1109 D PowerManagerService: updateUserActivitySummaryLocked: mWakefulness=Awake, mUserActivitySummary=0x9, nextTimeout=53327481 (in 2917 ms)
09-08 02:21:52.499  1109  1109 D DisplayPowerController: requestPowerState: policy=BRIGHT, useProximitySensor=false, screenBrightness=102, screenAutoBrightnessAdjustment=0.0, brightnessSetByUser=true, useAutoBrightness=true, blockScreenOn=false, lowPowerMode=false, boostScreenBrightness=false, dozeScreenBrightness=-1, dozeScreenState=UNKNOWN, waitForNegativeProximity=false
09-08 02:21:52.499  1109  1109 D PowerManagerService: updateDisplayPowerStateLocked: mDisplayReady=true, policy=3, mWakefulness=1, mWakeLockSummary=0x1, mUserActivitySummary=0x9, mBootCompleted=true, mScreenBrightnessBoostInProgress=false
09-08 02:21:52.499  1109  1109 D PowerManagerNotifier: onWakeLockAcquired: flags=1, tag="lockoutResetCallback", packageName=com.android.systemui, ownerUid=10014, ownerPid=1625, workSource=null
09-08 02:21:52.500  1109  1363 I DisplayPowerState: isRealyScreenOn is true
09-08 02:21:52.500  1109  1363 D PowerManagerService: getButtonLightValue : mForceButtonOn is true
09-08 02:21:52.500  1109  1363 I PowerManagerService: 3Button light brightness: 1
09-08 02:21:52.504  1109  1620 D FingerprintServiceExt: getFailedAttemptsCount() mFailedAttempts=0
09-08 02:21:52.505  1109  2446 D PowerManagerService: releaseWakeLockInternal: lock=129213044 [lockoutResetCallback], flags=0x0, total_time=5ms
09-08 02:21:52.505  1109  2446 D PowerManagerNotifier: onWakeLockReleased: flags=1, tag="lockoutResetCallback", packageName=com.android.systemui, ownerUid=10014, ownerPid=1625, workSource=null
09-08 02:21:52.505  1109  2446 D PowerManagerService: updateWakeLockSummaryLocked: mWakefulness=Awake, mWakeLockSummary=0x1
09-08 02:21:52.505  1109  2446 D PowerManagerService: updateUserActivitySummaryLocked: mWakefulness=Awake, mUserActivitySummary=0x9, nextTimeout=53327481 (in 2911 ms)
09-08 02:21:52.505  1109  2446 D DisplayPowerController: requestPowerState: policy=BRIGHT, useProximitySensor=false, screenBrightness=102, screenAutoBrightnessAdjustment=0.0, brightnessSetByUser=true, useAutoBrightness=true, blockScreenOn=false, lowPowerMode=false, boostScreenBrightness=false, dozeScreenBrightness=-1, dozeScreenState=UNKNOWN, waitForNegativeProximity=false
09-08 02:21:52.505  1109  2446 D PowerManagerService: updateDisplayPowerStateLocked: mDisplayReady=true, policy=3, mWakefulness=1, mWakeLockSummary=0x1, mUserActivitySummary=0x9, mBootCompleted=true, mScreenBrightnessBoostInProgress=false
09-08 02:21:52.506  1109  1363 I DisplayPowerState: isRealyScreenOn is true
09-08 02:21:52.506  1109  1363 D PowerManagerService: getButtonLightValue : mForceButtonOn is true
09-08 02:21:52.506  1109  1363 I PowerManagerService: 3Button light brightness: 1
09-08 02:21:52.509  1109  2460 V WindowManager: Looking for focus: 6 = Window{69932ec u0 StatusBar}, flags=-2120875968, canReceive=true
09-08 02:21:52.509  1109  2460 V WindowManager: findFocusedWindow: Found new focus @ 6 = Window{69932ec u0 StatusBar}
09-08 02:21:52.509  1109  2460 V WindowManager: Looking for focus: 6 = Window{69932ec u0 StatusBar}, flags=-2120875968, canReceive=true
09-08 02:21:52.509  1109  2460 V WindowManager: findFocusedWindow: Found new focus @ 6 = Window{69932ec u0 StatusBar}
09-08 02:21:52.512  1109  1155 V ActivityManager: Broadcast: Intent { act=com.yulong.android.activity.resume.changed flg=0x40000010 (has extras) } ordered=false userid=-2 callerApp=ProcessRecord{41f62cd 1109:system/1000}
09-08 02:21:52.512 17376 17376 V ActivityThread: Performing resume of ActivityRecord{acd7a35 token=android.os.BinderProxy@eb75eca {com.android.settings/com.qiku.android.settings.activities.YLUsbSettings}}
09-08 02:21:52.513  1109  1907 D FingerprintServiceExt: getFailedAttemptsCount() mFailedAttempts=0
09-08 02:21:52.513  1109  1109 D QikuFingerprintService: keyguard is locked do not do auth
09-08 02:21:52.515  1109  4218 D PowerManagerService: releaseWakeLockInternal: lock=172702279 [lockoutResetCallback], flags=0x0, total_time=19ms
09-08 02:21:52.515  1109  4218 D PowerManagerNotifier: onWakeLockReleased: flags=1, tag="lockoutResetCallback", packageName=com.android.systemui, ownerUid=10014, ownerPid=1468, workSource=null
09-08 02:21:52.515  1109  4218 D PowerManagerService: updateWakeLockSummaryLocked: mWakefulness=Awake, mWakeLockSummary=0x0
09-08 02:21:52.515  1109  4218 D PowerManagerService: updateUserActivitySummaryLocked: mWakefulness=Awake, mUserActivitySummary=0x9, nextTimeout=53327481 (in 2901 ms)
09-08 02:21:52.515  1109  4218 D DisplayPowerController: requestPowerState: policy=BRIGHT, useProximitySensor=false, screenBrightness=102, screenAutoBrightnessAdjustment=0.0, brightnessSetByUser=true, useAutoBrightness=true, blockScreenOn=false, lowPowerMode=false, boostScreenBrightness=false, dozeScreenBrightness=-1, dozeScreenState=UNKNOWN, waitForNegativeProximity=false
09-08 02:21:52.516  1109  4218 D PowerManagerService: updateDisplayPowerStateLocked: mDisplayReady=true, policy=3, mWakefulness=1, mWakeLockSummary=0x0, mUserActivitySummary=0x9, mBootCompleted=true, mScreenBrightnessBoostInProgress=false
09-08 02:21:52.516  1109  4218 D PowerManagerService: Releasing suspend blocker "PowerManagerService.WakeLocks".
09-08 02:21:52.516  1109  1363 I DisplayPowerState: isRealyScreenOn is true
09-08 02:21:52.516  1109  1363 D PowerManagerService: getButtonLightValue : mForceButtonOn is true
09-08 02:21:52.517  1109  1363 I PowerManagerService: 3Button light brightness: 1
09-08 02:21:52.523 17376 17376 D ActivityThread: ACT-AM_ON_RESUME_CALLED ActivityRecord{acd7a35 token=android.os.BinderProxy@eb75eca {com.android.settings/com.qiku.android.settings.activities.YLUsbSettings}}
09-08 02:21:52.523 17376 17376 V ActivityThread: Resume ActivityRecord{acd7a35 token=android.os.BinderProxy@eb75eca {com.android.settings/com.qiku.android.settings.activities.YLUsbSettings}} started activity: false, hideForNow: false, finished: false
09-08 02:21:52.523 17376 17376 V ActivityThread: Resuming ActivityRecord{acd7a35 token=android.os.BinderProxy@eb75eca {com.android.settings/com.qiku.android.settings.activities.YLUsbSettings}} with isForward=true
09-08 02:21:52.524 17376 17376 V ActivityThread: Scheduling idle handler for ActivityRecord{acd7a35 token=android.os.BinderProxy@eb75eca {com.android.settings/com.qiku.android.settings.activities.YLUsbSettings}}
09-08 02:21:52.524  1109  1990 V SettingsProvider: name : qiku_mistouch_state callingUid : 10014
09-08 02:21:52.525 17376 17376 D ActivityThread: ACT-RESUME_ACTIVITY handled : 1 / android.os.BinderProxy@eb75eca
09-08 02:21:52.525  1109  1990 V SettingsProvider: Package name : com.android.systemui privateFlags : 8
09-08 02:21:52.526  1109  1250 V WindowManager: Looking for focus: 6 = Window{69932ec u0 StatusBar}, flags=-2120875968, canReceive=true
09-08 02:21:52.526  1109  1250 V WindowManager: findFocusedWindow: Found new focus @ 6 = Window{69932ec u0 StatusBar}
09-08 02:21:52.540  1109  1250 E WindowAnimator: Timeout waiting for animation to startup
09-08 02:21:52.548  1468  1468 D AudioTrack: audiotrack 0x7f75d09880 set Type 1, rate 44100, fmt 1, chn 3, fcnt 0, flags 0004
09-08 02:21:52.552  1109  4299 D PowerManagerService: acquireWakeLockInternal: lock=106102634, flags=0x1, tag="AudioMix", ws=null, uid=1013, pid=0
09-08 02:21:52.552  1109  4299 D PowerManagerService: updateWakeLockSummaryLocked: mWakefulness=Awake, mWakeLockSummary=0x1
09-08 02:21:52.552  1109  4299 D PowerManagerService: updateUserActivitySummaryLocked: mWakefulness=Awake, mUserActivitySummary=0x9, nextTimeout=53327481 (in 2864 ms)
09-08 02:21:52.552  1109  4299 D DisplayPowerController: requestPowerState: policy=BRIGHT, useProximitySensor=false, screenBrightness=102, screenAutoBrightnessAdjustment=0.0, brightnessSetByUser=true, useAutoBrightness=true, blockScreenOn=false, lowPowerMode=false, boostScreenBrightness=false, dozeScreenBrightness=-1, dozeScreenState=UNKNOWN, waitForNegativeProximity=false
09-08 02:21:52.552  1109  4299 D PowerManagerService: updateDisplayPowerStateLocked: mDisplayReady=true, policy=3, mWakefulness=1, mWakeLockSummary=0x1, mUserActivitySummary=0x9, mBootCompleted=true, mScreenBrightnessBoostInProgress=false
09-08 02:21:52.552  1109  4299 D PowerManagerService: Acquiring suspend blocker "PowerManagerService.WakeLocks".
09-08 02:21:52.553  1109  4299 D PowerManagerNotifier: onWakeLockAcquired: flags=1, tag="AudioMix", packageName=media, ownerUid=1013, ownerPid=0, workSource=null
09-08 02:21:52.553  1109  1363 I DisplayPowerState: isRealyScreenOn is true
09-08 02:21:52.553  1109  1363 D PowerManagerService: getButtonLightValue : mForceButtonOn is true
09-08 02:21:52.553  1109  1363 I PowerManagerService: 3Button light brightness: 1
09-08 02:21:52.558  1468  1468 D AudioTrackCenter: addTrack, trackId:0x7f545cd000, frameCount:18432, sampleRate:44100, trackPtr:0x7f75d09880
09-08 02:21:52.569  1468  1468 D AudioTrackCenter: removeTrack, trackPtr:0x7f86126a80
09-08 02:21:52.571  1109  2445 D NotificationService: clearEffects
09-08 02:21:52.571  1109  2445 V ActivityManager: Broadcast: Intent { act=yulong.intent.action.NOTIFY_LED_UPDATE flg=0x50000010 (has extras) } ordered=false userid=0 callerApp=ProcessRecord{41f62cd 1109:system/1000}
09-08 02:21:52.572  1109  1109 I BatteryService: onReceive: action = yulong.intent.action.NOTIFY_LED_UPDATE
09-08 02:21:52.576  1109  2446 V ActivityManager: Broadcast: Intent { act=INTENT_FOR_PANEL_VIEW_STATUS flg=0x10 (has extras) } ordered=false userid=0 callerApp=ProcessRecord{2c1d8fb 1468:com.android.systemui/u0a14}
09-08 02:21:52.578  1861  1861 W ContextImpl: Calling a method in the system process without a qualified user: android.app.ContextImpl.startService:1242 android.content.ContextWrapper.startService:581 android.content.ContextWrapper.startService:581 com.qiku.healthguard.receiver.BootCompleteBroadcastReicever.startWorkService:49 com.qiku.healthguard.receiver.BootCompleteBroadcastReicever.onReceive:43 
09-08 02:21:52.580  1861  1861 D ActivityThread: BDC-Calling onReceive: intent=Intent { act=INTENT_FOR_PANEL_VIEW_STATUS flg=0x10 cmp=com.qiku.healthguard/.receiver.BootCompleteBroadcastReicever (has extras) }, receiver=com.qiku.healthguard.receiver.BootCompleteBroadcastReicever@7a6f0ea
09-08 02:21:52.580  1893  1893 D ActivityThread: SVC-Calling onStartCommand: com.qiku.healthguard.service.HealthGuardService@6b84cf9, flags=0, startId=415
09-08 02:21:52.580  1861  1861 D ActivityThread: BDC-RECEIVER handled : 0 / ReceiverData{intent=Intent { act=INTENT_FOR_PANEL_VIEW_STATUS flg=0x10 cmp=com.qiku.healthguard/.receiver.BootCompleteBroadcastReicever (has extras) } packageName=com.qiku.healthguard resultCode=-1 resultData=null resultExtras=null}
09-08 02:21:52.580  1893  1893 D ActivityThread: SVC-SERVICE_ARGS handled : 0 / ServiceArgsData{token=android.os.BinderProxy@c105e66 startId=415 args=Intent { cmp=com.qiku.healthguard/.service.HealthGuardService }}
09-08 02:21:52.583 16441 16441 D ActivityThread: BDC-Calling onReceive: intent=Intent { act=INTENT_FOR_PANEL_VIEW_STATUS flg=0x10 cmp=com.android.settings.wifi/.CaptivePortalReceiver (has extras) }, receiver=com.android.settings.wifi.CaptivePortalReceiver@4644f
09-08 02:21:52.583 16441 16441 D ActivityThread: BDC-RECEIVER handled : 0 / ReceiverData{intent=Intent { act=INTENT_FOR_PANEL_VIEW_STATUS flg=0x10 cmp=com.android.settings.wifi/.CaptivePortalReceiver (has extras) } packageName=com.android.settings.wifi resultCode=0 resultData=null resultExtras=null}
09-08 02:21:52.591  1468  1468 V kg_DisplayManager: hide
09-08 02:21:52.591  1109  2460 V SettingsProvider: packageValueForCallResult, name = accelerometer_rotation, value : 0
09-08 02:21:52.592  1109  1990 V SettingsProvider: packageValueForCallResult, name = hide_rotation_lock_toggle_for_accessibility, value : 0
09-08 02:21:52.599  1109  1529 V FingerprintServiceExt: cancelAuthentication(): opPackageName com.android.systemui
09-08 02:21:52.600  1109  1109 D FingerprintServiceExt: stopAuthentication initiatedByClient=true,opPackageName=com.android.systemui
09-08 02:21:52.600  1109  1109 V FingerprintServiceExt: hasAuthenticateClientConnect mAuthClients={android.os.BinderProxy@e578e75=ClientMonitor [userId=0, restricted=true, owner=com.android.systemui, state=5]}, this=STATE_IDLE STATE_AUTHENTICATE mAuthClients size=1
09-08 02:21:52.600  1109  1109 D FingerprintServiceExt: inAuthenticateMode ret=true,this=STATE_IDLE STATE_AUTHENTICATE mAuthClients size=1
09-08 02:21:52.600  1109  1109 V FingerprintServiceExt: canOwnerCancelAuthenticate owner=com.android.systemui,mAuthClients={android.os.BinderProxy@e578e75=ClientMonitor [userId=0, restricted=true, owner=com.android.systemui, state=5]}
09-08 02:21:52.600  1109  1109 V FingerprintServiceExt: canOwnerCancelAuthenticate only the owner exist in state list can canel itself
09-08 02:21:52.600  1109  1109 W FingerprintServiceExt: daemon cancelAuthentication opPackageName=com.android.systemui
09-08 02:21:52.601  1109  4299 D StatusBarManagerService: disable statusbar calling PID = 1468
09-08 02:21:52.601  1109  1120 D ActivityManager: getContentProviderImpl: from caller=android.app.ApplicationThreadProxy@1253c5b (pid=1468, userId=0) to get content provider com.yulong.android.launcher3.InterfaceProvider cpr=ContentProviderRecord{3c4ef83 u0 com.yulong.android.launcher3/.InterfaceProvider}
09-08 02:21:52.602  1109  1120 D ActivityManager: getContentProviderImpl: updateLruProcessLocked cpr.proc=ProcessRecord{a824b73 2037:com.yulong.android.launcher3/u0a43}
09-08 02:21:52.603  1109  2446 V ActivityManager: Broadcast: Intent { act=android.intent.action.USER_PRESENT flg=0x24000010 } ordered=false userid=0 callerApp=ProcessRecord{2c1d8fb 1468:com.android.systemui/u0a14}
09-08 02:21:52.603  1109  2446 D ApsWhiteListService: getApsInfoProperty(com.android.qikupay.apk, 7) = 1, recheck
09-08 02:21:52.603  1109  2446 D ApsWhiteListService: getApsInfoProperty(com.andreader.prein, 7) = 0, recheck
09-08 02:21:52.604  1109  2446 D ApsWhiteListService: getApsInfoProperty(com.kingsoft, 7) = 0, recheck
09-08 02:21:52.604  1109  2446 D ApsWhiteListService: getApsInfoProperty(com.worktile, 7) = 0, recheck
09-08 02:21:52.604  1109  2446 D ApsWhiteListService: getApsInfoProperty(com.ubercab, 7) = 0, recheck
09-08 02:21:52.604  1468  1923 D ActivityThread: holder:android.app.IActivityManager$ContentProviderHolder@ca9c1a, holder.provider:android.content.ContentProviderProxy@7f0934b
09-08 02:21:52.604  1109  2446 D ApsWhiteListService: getApsInfoProperty(cn.kuwo.player, 7) = 0, recheck
09-08 02:21:52.604  1109  2446 D ApsWhiteListService: getApsInfoProperty(com.ppdai.lender, 7) = 0, recheck
09-08 02:21:52.604  1109  2446 D ApsWhiteListService: getApsInfoProperty(com.jd.jrapp, 7) = 0, recheck
09-08 02:21:52.604  1109  2446 D ApsWhiteListService: getApsInfoProperty(com.tencent.qqlive, 7) = 0, recheck
09-08 02:21:52.604  1109  2446 D ApsWhiteListService: getApsInfoProperty(com.qihoo.magic, 7) = 0, recheck
09-08 02:21:52.604  1109  2446 D ApsWhiteListService: getApsInfoProperty(net.coding.program, 7) = 0, recheck
09-08 02:21:52.604  1109  2446 D ApsWhiteListService: getApsInfoProperty(one.hh.oneclient, 7) = 0, recheck
09-08 02:21:52.604  1109  2446 D ApsWhiteListService: getApsInfoProperty(com.tencent.androidqqmail, 7) = 0, recheck
09-08 02:21:52.604  1109  2446 D ApsWhiteListService: getApsInfoProperty(com.ifeng.news2, 7) = 0, recheck
09-08 02:21:52.604  1109  2446 D ApsWhiteListService: getApsInfoProperty(com.ifeng.news2, 7) = 0, recheck
09-08 02:21:52.604  1109  2446 D ApsWhiteListService: getApsInfoProperty(com.tuan800.tao800, 7) = 0, recheck
09-08 02:21:52.604  1109  2446 D ApsWhiteListService: getApsInfoProperty(com.iflytek.inputmethod, 7) = 0, recheck
09-08 02:21:52.604  1109  2446 D ApsWhiteListService: getApsInfoProperty(com.sdu.didi.psnger, 7) = 0, recheck
09-08 02:21:52.604  1109  2446 D ApsWhiteListService: getApsInfoProperty(cn.wps.moffice_eng, 7) = 0, recheck
09-08 02:21:52.604  1109  2446 D ApsWhiteListService: getApsInfoProperty(cn.wps.moffice_eng, 7) = 0, recheck
09-08 02:21:52.604  1109  2446 D ApsWhiteListService: getApsInfoProperty(fm.qingting.qtradio, 7) = 0, recheck
09-08 02:21:52.604  1109  2446 D ApsWhiteListService: getApsInfoProperty(com.chaozh.iReaderFree, 7) = 0, recheck
09-08 02:21:52.605  1109  2446 D ApsWhiteListService: getApsInfoProperty(com.brianbaek.popstar, 7) = 0, recheck
09-08 02:21:52.605  1109  2446 D ApsWhiteListService: getApsInfoProperty(com.chinamworld.bocmbci, 7) = 0, recheck
09-08 02:21:52.605  1109  2446 D ApsWhiteListService: getApsInfoProperty(com.zhihu.daily.android, 7) = 0, recheck
09-08 02:21:52.605  1109  2446 D ApsWhiteListService: getApsInfoProperty(com.sinovatech.unicom.ui, 7) = 0, recheck
09-08 02:21:52.605  1109  2446 D ApsWhiteListService: getApsInfoProperty(com.eg.android.AlipayGphone, 7) = 0, recheck
09-08 02:21:52.605  1109  2446 D ApsWhiteListService: getApsInfoProperty(com.eg.android.AlipayGphone, 7) = 0, recheck
09-08 02:21:52.605  1109  2446 D ApsWhiteListService: getApsInfoProperty(com.ximalaya.ting.android, 7) = 0, recheck
09-08 02:21:52.605  1109  2446 D ApsWhiteListService: getApsInfoProperty(com.ximalaya.ting.android, 7) = 0, recheck
09-08 02:21:52.606  1109  1155 D ApsWhiteListService: getApsInfoProperty(com.yulong.android.coolshop, 7) = 0, recheck
09-08 02:21:52.606  1109  1155 D BGCONTROL: check blk: com.yulong.android.coolshop, true
09-08 02:21:52.606  1109  1155 I BGCONTROL: broadcast==caller: com.android.systemui,com.yulong.android.coolshop,blocking = true,intent=Intent { act=android.intent.action.USER_PRESENT flg=0x24000010 }
09-08 02:21:52.606  1109  1155 I BGCONTROL: Skipping delivery of static [background] BroadcastRecord{ea09cf8 u0 android.intent.action.USER_PRESENT} for auto run
09-08 02:21:52.608  1109  1907 V ActivityManager: Broadcast: Intent { act=com.icoolme.android.weather.LAUNCHER_SERVICE flg=0x30 pkg=com.icoolme.android.weather (has extras) } ordered=false userid=0 callerApp=ProcessRecord{a824b73 2037:com.yulong.android.launcher3/u0a43}
09-08 02:21:52.609  1109  4299 I BGCONTROL: server pass non-stopped app: Intent { act=android.intent.action.USER_PRESENT flg=0x24000010 cmp=com.qiku.android.cloudsync/com.funambol.android.daemon.CoolcloudAutoSyncDaemon }
09-08 02:21:52.611  1109  1990 I BGCONTROL: server pass non-stopped app: Intent { act=android.intent.action.USER_PRESENT flg=0x24000010 cmp=com.qiku.android.cloudsync/com.coolcloud.android.client.aidl.CoolcloudSyncService }
09-08 02:21:52.611  1109  2445 D CSLegacyTypeTracker: getNetworkForType type 1
09-08 02:21:52.612  1109  2446 D CSLegacyTypeTracker: getNetworkForType type 0
09-08 02:21:52.612  1109  2460 V WindowManager: Looking for focus: 6 = Window{69932ec u0 StatusBar}, flags=-2122055608, canReceive=false
09-08 02:21:52.612  1109  2460 V WindowManager: findFocusedWindow: Found new focus @ 3 = Window{596c1c9 u0 com.android.settings/com.qiku.android.settings.activities.YLUsbSettings}
09-08 02:21:52.612  1109  2460 W WindowManager: Changing focus from Window{69932ec u0 StatusBar} to Window{596c1c9 u0 com.android.settings/com.qiku.android.settings.activities.YLUsbSettings}
09-08 02:21:52.613  1109  2460 D WindowManager: Input focus has changed to Window{596c1c9 u0 com.android.settings/com.qiku.android.settings.activities.YLUsbSettings}
09-08 02:21:52.613  1109  1156 D StatusBarManagerService: disable statusbar calling PID = 1109
09-08 02:21:52.613 23041 23041 D ActivityThread: BDC-Calling onReceive: intent=Intent { act=android.intent.action.USER_PRESENT flg=0x24000010 cmp=com.qiku.android.cloudsync/com.funambol.android.daemon.CoolcloudAutoSyncDaemonReceiver }, receiver=com.funambol.android.daemon.CoolcloudAutoSyncDaemonReceiver@d5cdff9
09-08 02:21:52.613 23041 23041 D ActivityThread: BDC-RECEIVER handled : 0 / ReceiverData{intent=Intent { act=android.intent.action.USER_PRESENT flg=0x24000010 cmp=com.qiku.android.cloudsync/com.funambol.android.daemon.CoolcloudAutoSyncDaemonReceiver } packageName=com.qiku.android.cloudsync resultCode=-1 resultData=null resultExtras=null}
09-08 02:21:52.613 23041 23041 D ActivityThread: SVC-Calling onStartCommand: com.funambol.android.daemon.CoolcloudAutoSyncDaemon@7e82a54, flags=0, startId=141
09-08 02:21:52.613 10353 10353 D ActivityThread: SVC-Creating service: CreateServiceData{token=android.os.BinderProxy@e487b04 className=com.coolcloud.android.client.aidl.CoolcloudSyncService packageName=com.qiku.android.cloudsync intent=null}
09-08 02:21:52.613 23041 23041 D ActivityThread: SVC-SERVICE_ARGS handled : 0 / ServiceArgsData{token=android.os.BinderProxy@14a86c1 startId=141 args=Intent { act=android.intent.action.USER_PRESENT flg=0x24000010 cmp=com.qiku.android.cloudsync/com.funambol.android.daemon.CoolcloudAutoSyncDaemon }}
09-08 02:21:52.614  1109  2460 D PowerManagerService: UA TimeoutOverrideFromWindowManagerInternal = -1
09-08 02:21:52.614  1109  2460 D PowerManagerService: updateUserActivitySummaryLocked: mWakefulness=Awake, mUserActivitySummary=0x9, nextTimeout=53327481 (in 2803 ms)
09-08 02:21:52.614  1109  2460 D DisplayPowerController: requestPowerState: policy=BRIGHT, useProximitySensor=false, screenBrightness=102, screenAutoBrightnessAdjustment=0.0, brightnessSetByUser=true, useAutoBrightness=true, blockScreenOn=false, lowPowerMode=false, boostScreenBrightness=false, dozeScreenBrightness=-1, dozeScreenState=UNKNOWN, waitForNegativeProximity=false
09-08 02:21:52.614  1109  2460 D PowerManagerService: updateDisplayPowerStateLocked: mDisplayReady=true, policy=3, mWakefulness=1, mWakeLockSummary=0x1, mUserActivitySummary=0x9, mBootCompleted=true, mScreenBrightnessBoostInProgress=false
09-08 02:21:52.614  1109  1363 I DisplayPowerState: isRealyScreenOn is true
09-08 02:21:52.614  1109  1363 D PowerManagerService: getButtonLightValue : mForceButtonOn is true
09-08 02:21:52.614  1109  1363 I PowerManagerService: 3Button light brightness: 1
09-08 02:21:52.615  1109  1250 I WindowManager: Focus moving from Window{69932ec u0 StatusBar} to Window{596c1c9 u0 com.android.settings/com.qiku.android.settings.activities.YLUsbSettings}
09-08 02:21:52.615  1109  1250 I WindowManager: Gaining focus: Window{596c1c9 u0 com.android.settings/com.qiku.android.settings.activities.YLUsbSettings}
09-08 02:21:52.615  1109  1250 I WindowManager: Losing focus: Window{69932ec u0 StatusBar}
