09-08 02:21:59.218  1109  1109 I BGCONTROL: JobServiceContext pass non-stopped app: Intent { cmp=com.qihoo360.mobilesafe/.service.KLJobService }
09-08 02:21:59.218  1109  1109 D JobServiceContext: Scheduling time out for '.service.KLJobService' jId: 1, in 8 s
09-08 02:21:59.223  5652  5652 D ActivityThread: SVC-Creating service: CreateServiceData{token=android.os.BinderProxy@d9a3b70 className=com.qihoo360.mobilesafe.service.KLJobService packageName=com.qihoo360.mobilesafe intent=null}
09-08 02:21:59.223  5652  5652 D ActivityThread: SVC-CREATE_SERVICE handled : 0 / CreateServiceData{token=android.os.BinderProxy@d9a3b70 className=com.qihoo360.mobilesafe.service.KLJobService packageName=com.qihoo360.mobilesafe intent=null}
09-08 02:21:59.224  5652  5652 V ActivityThread: handleBindService s=com.qihoo360.mobilesafe.service.KLJobService@1679ee9 rebind=false
09-08 02:21:59.228  5652  5652 D ActivityThread: SVC-BIND_SERVICE handled : 0 / BindServiceData{token=android.os.BinderProxy@d9a3b70 intent=Intent { cmp=com.qihoo360.mobilesafe/.service.KLJobService }}
09-08 02:21:59.229  1109  1109 D JobServiceContext: Scheduling time out for 'com.qihoo.appstore.appupdate.service.AppUpdateSchedulerJobService' jId: 1, in 8 s
09-08 02:21:59.231  1109  1109 D AlarmManager: onSendFinished begin
09-08 02:21:59.232  1109  1109 D PowerManagerService: releaseWakeLockInternal: lock=248031697 [*alarm*], flags=0x0, total_time=27ms
09-08 02:21:59.232  1109  1109 D PowerManagerNotifier: onWakeLockReleased: flags=1, tag="*alarm*", packageName=android, ownerUid=1000, ownerPid=1109, workSource=WorkSource{1000}
09-08 02:21:59.232  1109  1109 D PowerManagerService: updateWakeLockSummaryLocked: mWakefulness=Awake, mWakeLockSummary=0x0
09-08 02:21:59.232  1109  1109 D PowerManagerService: updateUserActivitySummaryLocked: mWakefulness=Awake, mUserActivitySummary=0x1, nextTimeout=53377481 (in 46184 ms)
09-08 02:21:59.232  1109  1109 D DisplayPowerController: requestPowerState: policy=BRIGHT, useProximitySensor=false, screenBrightness=102, screenAutoBrightnessAdjustment=0.0, brightnessSetByUser=true, useAutoBrightness=true, blockScreenOn=false, lowPowerMode=false, boostScreenBrightness=false, dozeScreenBrightness=-1, dozeScreenState=UNKNOWN, waitForNegativeProximity=false
09-08 02:21:59.232  1109  1109 D PowerManagerService: updateDisplayPowerStateLocked: mDisplayReady=true, policy=3, mWakefulness=1, mWakeLockSummary=0x0, mUserActivitySummary=0x1, mBootCompleted=true, mScreenBrightnessBoostInProgress=false
09-08 02:21:59.233  1109  1109 D PowerManagerService: Releasing suspend blocker "PowerManagerService.WakeLocks".
09-08 02:21:59.233  1109  1363 I DisplayPowerState: isRealyScreenOn is true
09-08 02:21:59.233  1109  1363 I PowerManagerService: 3Button light brightness: 0.
09-08 02:21:59.233  1109  1109 D PowerManagerService: acquireWakeLockInternal: lock=58867911, flags=0x1, tag="*job*/com.qihoo360.mobilesafe/.service.KLJobService", ws=WorkSource{10000}, uid=1000, pid=1109
09-08 02:21:59.233  1109  1109 D PowerManagerService: updateWakeLockSummaryLocked: mWakefulness=Awake, mWakeLockSummary=0x1
09-08 02:21:59.234  1109  1109 D PowerManagerService: updateUserActivitySummaryLocked: mWakefulness=Awake, mUserActivitySummary=0x1, nextTimeout=53377481 (in 46183 ms)
09-08 02:21:59.234  1109  1109 D DisplayPowerController: requestPowerState: policy=BRIGHT, useProximitySensor=false, screenBrightness=102, screenAutoBrightnessAdjustment=0.0, brightnessSetByUser=true, useAutoBrightness=true, blockScreenOn=false, lowPowerMode=false, boostScreenBrightness=false, dozeScreenBrightness=-1, dozeScreenState=UNKNOWN, waitForNegativeProximity=false
09-08 02:21:59.234  1109  1109 D PowerManagerService: updateDisplayPowerStateLocked: mDisplayReady=true, policy=3, mWakefulness=1, mWakeLockSummary=0x1, mUserActivitySummary=0x1, mBootCompleted=true, mScreenBrightnessBoostInProgress=false
09-08 02:21:59.234  1109  1109 D PowerManagerService: Acquiring suspend blocker "PowerManagerService.WakeLocks".
09-08 02:21:59.234  1109  1109 D PowerManagerNotifier: onWakeLockAcquired: flags=1, tag="*job*/com.qihoo360.mobilesafe/.service.KLJobService", packageName=android, ownerUid=1000, ownerPid=1109, workSource=WorkSource{10000}
09-08 02:21:59.235  1109  1363 I DisplayPowerState: isRealyScreenOn is true
09-08 02:21:59.235  1109  1363 I PowerManagerService: 3Button light brightness: 0.
09-08 02:21:59.235  1109  1109 D PowerManagerService: acquireWakeLockInternal: lock=253519604, flags=0x1, tag="*job*/com.qiku.service.container/com.qihoo.appstore.appupdate.service.AppUpdateSchedulerJobService", ws=WorkSource{1000}, uid=1000, pid=1109
09-08 02:21:59.236  1109  1109 D PowerManagerService: updateWakeLockSummaryLocked: mWakefulness=Awake, mWakeLockSummary=0x1
09-08 02:21:59.236  1109  1109 D PowerManagerService: updateUserActivitySummaryLocked: mWakefulness=Awake, mUserActivitySummary=0x1, nextTimeout=53377481 (in 46181 ms)
09-08 02:21:59.236  1109  1109 D DisplayPowerController: requestPowerState: policy=BRIGHT, useProximitySensor=false, screenBrightness=102, screenAutoBrightnessAdjustment=0.0, brightnessSetByUser=true, useAutoBrightness=true, blockScreenOn=false, lowPowerMode=false, boostScreenBrightness=false, dozeScreenBrightness=-1, dozeScreenState=UNKNOWN, waitForNegativeProximity=false
09-08 02:21:59.236  1109  1109 D PowerManagerService: updateDisplayPowerStateLocked: mDisplayReady=true, policy=3, mWakefulness=1, mWakeLockSummary=0x1, mUserActivitySummary=0x1, mBootCompleted=true, mScreenBrightnessBoostInProgress=false
09-08 02:21:59.236  1109  1109 D PowerManagerNotifier: onWakeLockAcquired: flags=1, tag="*job*/com.qiku.service.container/com.qihoo.appstore.appupdate.service.AppUpdateSchedulerJobService", packageName=android, ownerUid=1000, ownerPid=1109, workSource=WorkSource{1000}
09-08 02:21:59.236  1109  1363 I DisplayPowerState: isRealyScreenOn is true
09-08 02:21:59.237  1109  1363 I PowerManagerService: 3Button light brightness: 0.
09-08 02:21:59.237  1109  1109 D JobServiceContext: MSG_SERVICE_BOUND for com.qihoo360.mobilesafe/.service.KLJobService jId=1, u0
09-08 02:21:59.237  1109  1109 D JobServiceContext: Scheduling time out for '.service.KLJobService' jId: 1, in 8 s
09-08 02:21:59.238  1109  1109 D JobServiceContext: MSG_SERVICE_BOUND for com.qiku.service.container/com.qihoo.appstore.appupdate.service.AppUpdateSchedulerJobService jId=1, u0
09-08 02:21:59.239  1109  1109 D JobServiceContext: Scheduling time out for 'com.qihoo.appstore.appupdate.service.AppUpdateSchedulerJobService' jId: 1, in 8 s
09-08 02:21:59.239  1109  1109 D JobServiceContext: MSG_CALLBACK of : 133..:[ComponentInfo{com.qihoo360.mobilesafe/com.qihoo360.mobilesafe.service.KLJobService},jId=1,u0,R=(-00:00,09:59),N=0,C=false,I=false,F=0,P=true,ANI=true(READY)] v:VERB_STARTING
09-08 02:21:59.239  1109  1109 D PowerManagerService: releaseWakeLockInternal: lock=58867911 [*job*/com.qihoo360.mobilesafe/.service.KLJobService], flags=0x0, total_time=6ms
09-08 02:21:59.239  1109  1109 D PowerManagerNotifier: onWakeLockReleased: flags=1, tag="*job*/com.qihoo360.mobilesafe/.service.KLJobService", packageName=android, ownerUid=1000, ownerPid=1109, workSource=WorkSource{10000}
09-08 02:21:59.240  1109  1109 D PowerManagerService: updateWakeLockSummaryLocked: mWakefulness=Awake, mWakeLockSummary=0x1
09-08 02:21:59.240  1109  1109 D PowerManagerService: updateUserActivitySummaryLocked: mWakefulness=Awake, mUserActivitySummary=0x1, nextTimeout=53377481 (in 46177 ms)
09-08 02:21:59.240  1109  1109 D DisplayPowerController: requestPowerState: policy=BRIGHT, useProximitySensor=false, screenBrightness=102, screenAutoBrightnessAdjustment=0.0, brightnessSetByUser=true, useAutoBrightness=true, blockScreenOn=false, lowPowerMode=false, boostScreenBrightness=false, dozeScreenBrightness=-1, dozeScreenState=UNKNOWN, waitForNegativeProximity=false
09-08 02:21:59.240  1109  1109 D PowerManagerService: updateDisplayPowerStateLocked: mDisplayReady=true, policy=3, mWakefulness=1, mWakeLockSummary=0x1, mUserActivitySummary=0x1, mBootCompleted=true, mScreenBrightnessBoostInProgress=false
09-08 02:21:59.241  1109  1363 I DisplayPowerState: isRealyScreenOn is true
09-08 02:21:59.241  1109  1363 I PowerManagerService: 3Button light brightness: 0.
09-08 02:21:59.247  1109  1109 V AlarmManager: set(PendingIntent{605956b: PendingIntentRecord{fa968c8 android broadcastIntent}}) : type=3 triggerAtTime=2016-09-08 02:23:38 win=-1 tElapsed=98303401 maxElapsed=98377973 interval=0 flags=0x8
09-08 02:21:59.249  1109  1109 D AlarmManager: remove(operation) changed bounds; rebatching operation = PendingIntent{605956b: PendingIntentRecord{fa968c8 android broadcastIntent}}
09-08 02:21:59.250  1109  1109 D AlarmManager: rebatchAllAlarmsLocked begin oldBatches count = 126
09-08 02:21:59.252  1109  1109 D AlarmManager: set alarm to RTC 99889770
09-08 02:21:59.252  1109  1109 D AlarmManager: set alarm to RTC 98204022
09-08 02:21:59.252  1109  1109 V AlarmManager: set(PendingIntent{7f06086: PendingIntentRecord{c661d47 android broadcastIntent}}) : type=3 triggerAtTime=2016-09-08 04:13:38 win=-1 tElapsed=104903422 maxElapsed=109928005 interval=0 flags=0x8
09-08 02:21:59.253  1109  1109 D AlarmManager: remove(operation) changed bounds; rebatching operation = PendingIntent{7f06086: PendingIntentRecord{c661d47 android broadcastIntent}}
09-08 02:21:59.253  1109  1109 D AlarmManager: rebatchAllAlarmsLocked begin oldBatches count = 126
09-08 02:21:59.258  1109  1109 V AlarmManager: set(PendingIntent{7f06086: PendingIntentRecord{c661d47 android broadcastIntent}}) : type=3 triggerAtTime=2016-09-08 02:41:59 win=-1 tElapsed=99403924 maxElapsed=100303879 interval=0 flags=0x8
09-08 02:21:59.259  1109  1109 D AlarmManager: remove(operation) changed bounds; rebatching operation = PendingIntent{7f06086: PendingIntentRecord{c661d47 android broadcastIntent}}
09-08 02:21:59.259  1109  1109 D AlarmManager: rebatchAllAlarmsLocked begin oldBatches count = 126
09-08 02:21:59.262  4107  4107 W ContextImpl: Calling a method in the system process without a qualified user: android.app.ContextImpl.startService:1242 android.content.ContextWrapper.startService:581 com.qihoo.appstore.appupdate.service.AppUpdateSchedulerJobService.onStartJob:21 android.app.job.JobService$JobHandler.handleMessage:126 android.os.Handler.dispatchMessage:111 
09-08 02:21:59.265  5652  5652 D ActivityThread: SVC-UNBIND_SERVICE handled : 0 / BindServiceData{token=android.os.BinderProxy@d9a3b70 intent=Intent { cmp=com.qihoo360.mobilesafe/.service.KLJobService }}
09-08 02:21:59.265  5652  5652 D ActivityThread: SVC-Destroying service: com.qihoo360.mobilesafe.service.KLJobService@1679ee9
09-08 02:21:59.268  5652  5652 D ActivityThread: SVC-STOP_SERVICE handled : 0 / android.os.BinderProxy@d9a3b70
09-08 02:21:59.270  1109  1109 D JobServiceContext: MSG_CALLBACK of : 250..:[ComponentInfo{com.qiku.service.container/com.qihoo.appstore.appupdate.service.AppUpdateSchedulerJobService},jId=1,u0,R=(-08:20,1:51:39),N=0,C=false,I=false,F=0,P=false,ANI=true(READY)] v:VERB_STARTING
09-08 02:21:59.270  1109  1109 D JobServiceContext: Scheduling time out for 'com.qihoo.appstore.appupdate.service.AppUpdateSchedulerJobService' jId: 1, in 600 s
09-08 02:21:59.270  4107  4107 D ActivityThread: SVC-Calling onStartCommand: com.qihoo.appstore.appupdate.service.AppUpdateService@7dd04a2, flags=0, startId=113
09-08 02:21:59.271  1109  1989 V AlarmManager: set(PendingIntent{605956b: PendingIntentRecord{fa968c8 android broadcastIntent}}) : type=3 triggerAtTime=2016-09-08 02:23:38 win=-1 tElapsed=98303401 maxElapsed=98377954 interval=0 flags=0x8
09-08 02:21:59.272  1109  1989 D AlarmManager: remove(operation) changed bounds; rebatching operation = PendingIntent{605956b: PendingIntentRecord{fa968c8 android broadcastIntent}}
09-08 02:21:59.272  1109  1989 D AlarmManager: rebatchAllAlarmsLocked begin oldBatches count = 126
09-08 02:21:59.273  1109  1989 D AlarmManager: set alarm to RTC 99889771
09-08 02:21:59.273  1109  1989 D AlarmManager: set alarm to RTC 98204023
09-08 02:21:59.273  1109  1989 V AlarmManager: set(PendingIntent{7f06086: PendingIntentRecord{c661d47 android broadcastIntent}}) : type=3 triggerAtTime=2016-09-08 02:41:59 win=-1 tElapsed=99403924 maxElapsed=100303868 interval=0 flags=0x8
09-08 02:21:59.274  1109  1989 D AlarmManager: remove(operation) changed bounds; rebatching operation = PendingIntent{7f06086: PendingIntentRecord{c661d47 android broadcastIntent}}
09-08 02:21:59.274  1109  1989 D AlarmManager: rebatchAllAlarmsLocked begin oldBatches count = 126
09-08 02:21:59.275  1109  1989 D AlarmManager: set alarm to RTC 99889770
09-08 02:21:59.275  1109  1989 D AlarmManager: set alarm to RTC 98204022
09-08 02:21:59.286  1109  1109 D JobServiceContext: Scheduling time out for 'com.qihoo.appstore.appupdate.service.AppUpdateSchedulerJobService' jId: 1, in 8 s
09-08 02:21:59.286  1109  2446 V AlarmManager: set(PendingIntent{605956b: PendingIntentRecord{fa968c8 android broadcastIntent}}) : type=3 triggerAtTime=2016-09-08 02:22:04 win=-1 tElapsed=98209011 maxElapsed=98209011 interval=0 flags=0x8
09-08 02:21:59.287  1109  2446 D AlarmManager: remove(operation) changed bounds; rebatching operation = PendingIntent{605956b: PendingIntentRecord{fa968c8 android broadcastIntent}}
09-08 02:21:59.287  1109  2446 D AlarmManager: rebatchAllAlarmsLocked begin oldBatches count = 126
09-08 02:21:59.288  1109  2446 D AlarmManager: set alarm to RTC 99889771
09-08 02:21:59.288  1109  2446 D AlarmManager: set alarm to RTC 98204023
09-08 02:21:59.289  4107  4107 D ActivityThread: SVC-SERVICE_ARGS handled : 0 / ServiceArgsData{token=android.os.BinderProxy@bb7cdfd startId=113 args=Intent { act=com.qihoo.appstore.appupdate.CHECKALL cmp=com.qiku.service.container/com.qihoo.appstore.appupdate.service.AppUpdateService }}
09-08 02:21:59.289  1109  1109 D JobServiceContext: MSG_CALLBACK of : 250..:[ComponentInfo{com.qiku.service.container/com.qihoo.appstore.appupdate.service.AppUpdateSchedulerJobService},jId=1,u0,R=(-08:20,1:51:39),N=0,C=false,I=false,F=0,P=false,ANI=true(READY)] v:VERB_STOPPING
09-08 02:21:59.290  1109  1109 D PowerManagerService: releaseWakeLockInternal: lock=253519604 [*job*/com.qiku.service.container/com.qihoo.appstore.appupdate.service.AppUpdateSchedulerJobService], flags=0x0, total_time=54ms
09-08 02:21:59.290  1109  1109 D PowerManagerNotifier: onWakeLockReleased: flags=1, tag="*job*/com.qiku.service.container/com.qihoo.appstore.appupdate.service.AppUpdateSchedulerJobService", packageName=android, ownerUid=1000, ownerPid=1109, workSource=WorkSource{1000}
09-08 02:21:59.290  1109  1109 D PowerManagerService: updateWakeLockSummaryLocked: mWakefulness=Awake, mWakeLockSummary=0x0
09-08 02:21:59.290  1109  1109 D PowerManagerService: updateUserActivitySummaryLocked: mWakefulness=Awake, mUserActivitySummary=0x1, nextTimeout=53377481 (in 46126 ms)
09-08 02:21:59.290  1109  1109 D DisplayPowerController: requestPowerState: policy=BRIGHT, useProximitySensor=false, screenBrightness=102, screenAutoBrightnessAdjustment=0.0, brightnessSetByUser=true, useAutoBrightness=true, blockScreenOn=false, lowPowerMode=false, boostScreenBrightness=false, dozeScreenBrightness=-1, dozeScreenState=UNKNOWN, waitForNegativeProximity=false
09-08 02:21:59.290  1109  1109 D PowerManagerService: updateDisplayPowerStateLocked: mDisplayReady=true, policy=3, mWakefulness=1, mWakeLockSummary=0x0, mUserActivitySummary=0x1, mBootCompleted=true, mScreenBrightnessBoostInProgress=false
09-08 02:21:59.290  1109  1109 D PowerManagerService: Releasing suspend blocker "PowerManagerService.WakeLocks".
09-08 02:21:59.290  1109  1363 I DisplayPowerState: isRealyScreenOn is true
09-08 02:21:59.291  1109  1363 I PowerManagerService: 3Button light brightness: 0.
09-08 02:21:59.291  1109  1119 D JobServiceContext: Stale callback received, ignoring.
09-08 02:21:59.296  1109 29481 D AudioTrack: AudioTrackThread::pauseInternal: ns = 88366115
09-08 02:21:59.296  1109  4765 D AudioTrack: AudioTrackThread::pauseInternal: ns = 88366885
09-08 02:21:59.298  1109  1388 D AlarmManager: set alarm to RTC 98204725
09-08 02:21:59.298  1109  1388 D SettingsInterface:  from settings cache , name = background_power_saving_enable , value = 1
09-08 02:21:59.298  1109  1388 D DataShapingService: Alarm manager openLteDataUpLinkGate: false
09-08 02:21:59.298  1109  1388 V AlarmManager: openLteGateSuccess = false
09-08 02:21:59.299  1109  1388 I ActivityManager: [Background Service Priority Adjustment] Set callerFg as false for service.getFlags():260
09-08 02:21:59.304  1109  1109 D AlarmManager: onSendFinished begin
09-08 02:21:59.304  1109  1388 V AlarmManager: sending alarm Alarm{12fe60 type 1 when 1473272519298 com.qiku.logsystem tag:*alarm*:alarm_scheduled} success
09-08 02:21:59.305  1109  1388 D PowerManagerService: acquireWakeLockInternal: lock=248031697, flags=0x1, tag="*alarm*", ws=WorkSource{1000}, uid=1000, pid=1109
09-08 02:21:59.305  1109  1388 D PowerManagerService: updateWakeLockSummaryLocked: mWakefulness=Awake, mWakeLockSummary=0x1
09-08 02:21:59.305  1109  1388 D PowerManagerService: updateUserActivitySummaryLocked: mWakefulness=Awake, mUserActivitySummary=0x1, nextTimeout=53377481 (in 46112 ms)
09-08 02:21:59.305  1109  1388 D DisplayPowerController: requestPowerState: policy=BRIGHT, useProximitySensor=false, screenBrightness=102, screenAutoBrightnessAdjustment=0.0, brightnessSetByUser=true, useAutoBrightness=true, blockScreenOn=false, lowPowerMode=false, boostScreenBrightness=false, dozeScreenBrightness=-1, dozeScreenState=UNKNOWN, waitForNegativeProximity=false
09-08 02:21:59.305  1917  1917 D ActivityThread: SVC-Creating service: CreateServiceData{token=android.os.BinderProxy@2af6388 className=com.qiku.logsystem.services.ScheduleService$WorkService packageName=com.qiku.logsystem intent=null}
09-08 02:21:59.305  1109  1388 D PowerManagerService: updateDisplayPowerStateLocked: mDisplayReady=true, policy=3, mWakefulness=1, mWakeLockSummary=0x1, mUserActivitySummary=0x1, mBootCompleted=true, mScreenBrightnessBoostInProgress=false
09-08 02:21:59.305  1109  1388 D PowerManagerService: Acquiring suspend blocker "PowerManagerService.WakeLocks".
09-08 02:21:59.305  1109  1388 D PowerManagerNotifier: onWakeLockAcquired: flags=1, tag="*alarm*", packageName=android, ownerUid=1000, ownerPid=1109, workSource=WorkSource{1000}
09-08 02:21:59.305  1109  1363 I DisplayPowerState: isRealyScreenOn is true
09-08 02:21:59.306  1109  1363 I PowerManagerService: 3Button light brightness: 0.
09-08 02:21:59.306  1109  1109 D PowerManagerService: releaseWakeLockInternal: lock=248031697 [*alarm*], flags=0x0, total_time=1ms
09-08 02:21:59.306  1109  1109 D PowerManagerNotifier: onWakeLockReleased: flags=1, tag="*alarm*", packageName=android, ownerUid=1000, ownerPid=1109, workSource=WorkSource{1000}
09-08 02:21:59.306  1109  1109 D PowerManagerService: updateWakeLockSummaryLocked: mWakefulness=Awake, mWakeLockSummary=0x0
09-08 02:21:59.306  1109  1109 D PowerManagerService: updateUserActivitySummaryLocked: mWakefulness=Awake, mUserActivitySummary=0x1, nextTimeout=53377481 (in 46110 ms)
09-08 02:21:59.306  1109  1109 D DisplayPowerController: requestPowerState: policy=BRIGHT, useProximitySensor=false, screenBrightness=102, screenAutoBrightnessAdjustment=0.0, brightnessSetByUser=true, useAutoBrightness=true, blockScreenOn=false, lowPowerMode=false, boostScreenBrightness=false, dozeScreenBrightness=-1, dozeScreenState=UNKNOWN, waitForNegativeProximity=false
09-08 02:21:59.306  1109  1109 D PowerManagerService: updateDisplayPowerStateLocked: mDisplayReady=true, policy=3, mWakefulness=1, mWakeLockSummary=0x0, mUserActivitySummary=0x1, mBootCompleted=true, mScreenBrightnessBoostInProgress=false
09-08 02:21:59.306  1109  1109 D PowerManagerService: Releasing suspend blocker "PowerManagerService.WakeLocks".
09-08 02:21:59.306  1917  1917 D ActivityThread: SVC-CREATE_SERVICE handled : 0 / CreateServiceData{token=android.os.BinderProxy@2af6388 className=com.qiku.logsystem.services.ScheduleService$WorkService packageName=com.qiku.logsystem intent=null}
09-08 02:21:59.307  1917  1917 D ActivityThread: SVC-Calling onStartCommand: com.qiku.logsystem.services.ScheduleService$WorkService@8310121, flags=0, startId=1
09-08 02:21:59.307  1917 20911 D BGR-ScheduleService: scheduleOneShot()
09-08 02:21:59.307  1109  1363 I DisplayPowerState: isRealyScreenOn is true
09-08 02:21:59.307  1917  1917 D ActivityThread: SVC-SERVICE_ARGS handled : 0 / ServiceArgsData{token=android.os.BinderProxy@2af6388 startId=1 args=Intent { act=alarm_scheduled flg=0x104 cmp=com.qiku.logsystem/.services.ScheduleService$WorkService (has extras) }}
09-08 02:21:59.307  1109  1363 I PowerManagerService: 3Button light brightness: 0.
09-08 02:21:59.307  1917 20911 I BGR-ScheduleService: scheduleOneShot: callback = com.qiku.logsystem.memory.c firetime = 2016-09-09 00:02:45, now = 2016-09-08 02:21:59
09-08 02:21:59.308  1917 20911 I BGR-ScheduleService: scheduleRepeating: callback = com.qiku.logsystem.appcheckin.b firetime = 2016-09-09 00:27:22, now = 2016-09-08 02:21:59
09-08 02:21:59.308  1917 20911 I BGR-ScheduleService: scheduleRepeating: callback = com.qiku.logsystem.performance.e firetime = 2016-09-08 02:21:59, now = 2016-09-08 02:21:59
09-08 02:21:59.308  1917 20911 I BGR-ScheduleService: repeating fired: com.qiku.logsystem.performance.e
09-08 02:21:59.320  1109  1990 D SettingsInterface:  from settings cache , name = sys_storage_threshold_percentage , value = null
09-08 02:21:59.320  1109  1990 D SettingsInterface:  from settings cache , name = sys_storage_threshold_max_bytes , value = null
09-08 02:21:59.322  1109  2458 D SettingsInterface:  from settings cache , name = sys_storage_threshold_percentage , value = null
09-08 02:21:59.322  1109  2458 D SettingsInterface:  from settings cache , name = sys_storage_threshold_max_bytes , value = null
09-08 02:21:59.324  1917 20911 I BGR-ScheduleService: scheduleRepeating: callback = com.qiku.logsystem.behaviour.d firetime = 2016-09-08 05:11:20, now = 2016-09-08 02:21:59
09-08 02:21:59.324  1917 20911 I BGR-ScheduleService: updateNextScheduleTime-next fire time: 2016-09-08 02:31:59
09-08 02:21:59.326  1109  1907 V AlarmManager: set(PendingIntent{fd7bf19: PendingIntentRecord{a46079d com.qiku.logsystem startService}}) : type=1 triggerAtTime=2016-09-08 02:31:59 win=0 tElapsed=98804033 maxElapsed=98804033 interval=0 flags=0x9
09-08 02:21:59.327  1917  1917 D ActivityThread: SVC-Destroying service: com.qiku.logsystem.services.ScheduleService$WorkService@8310121
09-08 02:21:59.327  1917  1917 D ActivityThread: SVC-STOP_SERVICE handled : 0 / android.os.BinderProxy@2af6388
09-08 02:21:59.385  1109 29481 D AudioTrack: AudioTrackThread::pauseInternal: ns = 88365807
09-08 02:21:59.385  1109  4765 D AudioTrack: AudioTrackThread::pauseInternal: ns = 88367115
09-08 02:21:59.473  1109 29481 D AudioTrack: AudioTrackThread::pauseInternal: ns = 88367038
09-08 02:21:59.473  1109  4765 D AudioTrack: AudioTrackThread::pauseInternal: ns = 88367038
09-08 02:21:59.562  1109 29481 D AudioTrack: AudioTrackThread::pauseInternal: ns = 88365731
09-08 02:21:59.562  1109  4765 D AudioTrack: AudioTrackThread::pauseInternal: ns = 88365808
09-08 02:21:59.650  1109 29481 D AudioTrack: AudioTrackThread::pauseInternal: ns = 88363654
09-08 02:21:59.651  1109  4765 D AudioTrack: AudioTrackThread::pauseInternal: ns = 88365885
09-08 02:21:59.739  1109 29481 D AudioTrack: AudioTrackThread::pauseInternal: ns = 88364038
09-08 02:21:59.740  1109  4765 D AudioTrack: AudioTrackThread::pauseInternal: ns = 88365961
09-08 02:21:59.828  1109 29481 D AudioTrack: AudioTrackThread::pauseInternal: ns = 88365192
09-08 02:21:59.828  1109  4765 D AudioTrack: AudioTrackThread::pauseInternal: ns = 88365885
09-08 02:21:59.917  1109 29481 D AudioTrack: AudioTrackThread::pauseInternal: ns = 88365731
09-08 02:21:59.917  1109  4765 D AudioTrack: AudioTrackThread::pauseInternal: ns = 88365885
09-08 02:22:00.000  1109  1388 D AlarmManager: set alarm to RTC 98209011
09-08 02:22:00.001  1109  1388 D SettingsInterface:  from settings cache , name = background_power_saving_enable , value = 1
09-08 02:22:00.001  1109  1388 D DataShapingService: Alarm manager openLteDataUpLinkGate: false
09-08 02:22:00.001  1109  1388 V AlarmManager: openLteGateSuccess = false
09-08 02:22:00.002  1109  1388 V ActivityManager: Broadcast: Intent { act=android.intent.action.TIME_TICK flg=0x50000114 (has extras) } ordered=true userid=-1 callerApp=null
09-08 02:22:00.004  1109  1109 V AlarmManager: isPowerSavingStart  mIsEnabled = true   mIsUsbConnected = true   mScreenOff = false   mIsWFDConnected = false
09-08 02:22:00.005  1109  1109 D ActivityThread: BDC-Calling finishReceiver: IIntentReceiver=f327fbb
09-08 02:22:00.006  1109 29481 D AudioTrack: AudioTrackThread::pauseInternal: ns = 88364038
09-08 02:22:00.006  1109  4765 D AudioTrack: AudioTrackThread::pauseInternal: ns = 88365731
09-08 02:22:00.008  1109  1109 V AlarmManager: mSupportAlarmGrouping = true  mAmPlus = com.mediatek.amplus.AlarmManagerPlus@295ce29
09-08 02:22:00.009  1109  1388 V AlarmManager: sending alarm Alarm{16c2bde type 3 when 98204725 android tag:*alarm*:android.intent.action.TIME_TICK} success
09-08 02:22:00.010  1109  1388 D PowerManagerService: acquireWakeLockInternal: lock=248031697, flags=0x40000001, tag="*alarm*", ws=WorkSource{1000}, uid=1000, pid=1109
09-08 02:22:00.010  1109  1388 D PowerManagerService: updateWakeLockSummaryLocked: mWakefulness=Awake, mWakeLockSummary=0x1
09-08 02:22:00.010  1109  1388 D PowerManagerService: updateUserActivitySummaryLocked: mWakefulness=Awake, mUserActivitySummary=0x1, nextTimeout=53377481 (in 45406 ms)
09-08 02:22:00.011  1109  1388 D DisplayPowerController: requestPowerState: policy=BRIGHT, useProximitySensor=false, screenBrightness=102, screenAutoBrightnessAdjustment=0.0, brightnessSetByUser=true, useAutoBrightness=true, blockScreenOn=false, lowPowerMode=false, boostScreenBrightness=false, dozeScreenBrightness=-1, dozeScreenState=UNKNOWN, waitForNegativeProximity=false
09-08 02:22:00.012  1109  1388 D PowerManagerService: updateDisplayPowerStateLocked: mDisplayReady=true, policy=3, mWakefulness=1, mWakeLockSummary=0x1, mUserActivitySummary=0x1, mBootCompleted=true, mScreenBrightnessBoostInProgress=false
09-08 02:22:00.012  1109  1388 D PowerManagerService: Acquiring suspend blocker "PowerManagerService.WakeLocks".
09-08 02:22:00.013  1109  1388 D PowerManagerNotifier: onWakeLockAcquired: flags=1073741825, tag="*alarm*", packageName=android, ownerUid=1000, ownerPid=1109, workSource=WorkSource{1000}
09-08 02:22:00.014  1109  1363 I DisplayPowerState: isRealyScreenOn is true
09-08 02:22:00.014  1109  1363 I PowerManagerService: 3Button light brightness: 0.
09-08 02:22:00.016  1109  1109 V AlarmManager: set(PendingIntent{226c75a: PendingIntentRecord{4dc7d8b android broadcastIntent}}) : type=3 triggerAtTime=2016-09-08 02:23:00 win=0 tElapsed=98264724 maxElapsed=98264724 interval=0 flags=0x1
09-08 02:22:00.018  1109  1109 D ActivityThread: BDC-Calling finishReceiver: IIntentReceiver=644b0b4
09-08 02:22:00.020  1468  1468 D kg_UpdateMonitor: received broadcast android.intent.action.TIME_TICK
09-08 02:22:00.021  1468  1468 D ActivityThread: BDC-Calling finishReceiver: IIntentReceiver=99cec65
09-08 02:22:00.022  1468  1468 D kg_UpdateMonitor: handleTimeUpdate
09-08 02:22:00.026  1468  1468 D ActivityThread: BDC-Calling finishReceiver: IIntentReceiver=d57cdeb
09-08 02:22:00.026  1468  1468 D kg_UpdateMonitor: handleQKTimeChanged
09-08 02:22:00.038  1625  1625 D kg_UpdateMonitor: received broadcast android.intent.action.TIME_TICK
09-08 02:22:00.038  1625  1625 D ActivityThread: BDC-Calling finishReceiver: IIntentReceiver=efd306d
09-08 02:22:00.038  1625  1625 D kg_UpdateMonitor: handleTimeUpdate
09-08 02:22:00.040  1625  1625 D ActivityThread: BDC-Calling finishReceiver: IIntentReceiver=7d08533
09-08 02:22:00.040  1625  1625 D kg_UpdateMonitor: handleQKTimeChanged
09-08 02:22:00.045  1625  1625 D SmsBoxService: ACTION_TIME_TICK mScreenOn = true
09-08 02:22:00.046  1625  1625 D ActivityThread: BDC-Calling finishReceiver: IIntentReceiver=4d070f0
09-08 02:22:00.049  1468  1468 D BaseStatusBarQK: isPhoneStateIDLE mPhoneIdle1 = true mPhoneIdle2 = true
09-08 02:22:00.049  1468  1468 D PanelView: PanelView---onLayout()
09-08 02:22:00.050  1468  1468 D BaseStatusBarQK: isPhoneStateIDLE mPhoneIdle1 = true mPhoneIdle2 = true
09-08 02:22:00.050  1468  1468 D PanelView: NotificationPanelView---onLayout---mKeyguardShowing = false , mHeader.getCollapsedHeight() = 114 , mQsPeekHeight = 24 , mQsMinExpansionHeight = 585 ,mQsContainerHeight = 1029
09-08 02:22:00.050  1468  1468 D QSPanelContainer:  QSPanelContainer mExpandedHeight=585.0
09-08 02:22:00.050  1468  1468 D PanelView: NotificationPanelView---setQsExpansion(float height)---height = 585.0height > mQsMinExpansionHeight = false , mQsMinExpansionHeight = 585 , !mQsExpanded = true , !mStackScrollerOverscrolling = true , height <= mQsMinExpansionHeight = true
09-08 02:22:00.050  1468  1468 D PanelView: NotificationPanelView---setQsTranslation !mHeaderAnimatingIn = true , !mKeyguardShowing = true
09-08 02:22:00.050  1468  1468 D PanelView: NotificationPanelView---onLayout---mQsMinExpansionHeight + mLastOverscroll = 585.0
09-08 02:22:00.050  1468  1468 D PanelView: NotificationPanelView---updateHeaderShade()---mQsExpansionHeight = 585.0
09-08 02:22:00.050  1468  1468 D PanelView: NotificationPanelView---setQsTranslation !mHeaderAnimatingIn = true , !mKeyguardShowing = true
09-08 02:22:00.051  1468  1468 D SettingsInterface:  from settings cache , name = time_12_24 , value = 24
09-08 02:22:00.051  1468  1468 D Clock   : onReceive time = 02:22
09-08 02:22:00.052  1606  1606 D ActivityThread: BDC-Calling finishReceiver: IIntentReceiver=5fce0d0
09-08 02:22:00.052  1606  1606 D INTERRUPTION_SERVICE: Receive message of refreshing switch state
09-08 02:22:00.052  1606  1606 D INTERRUPTION_SERVICE:     Re-effect temporarily disabled periods
09-08 02:22:00.052  1606  1606 D INTERRUPTION_SERVICE:     Effected periods: []
09-08 02:22:00.053  1606  1606 D INTERRUPTION_SERVICE:     Early is false, current is false
09-08 02:22:00.053  1606  1606 D INTERRUPTION_SERVICE:     Disable outdated single time period
09-08 02:22:00.060  1946  1946 D SettingsInterface:  from settings cache , name = pdp_watchdog_poll_interval_ms , value = null
09-08 02:22:00.060  1468  1468 D SettingsInterface:  from settings cache , name = time_12_24 , value = 24
09-08 02:22:00.061  1468  1468 D SettingsInterface:  from settings cache , name = time_12_24 , value = 24
09-08 02:22:00.062  1468  1468 D SettingsInterface:  from settings cache , name = time_12_24 , value = 24
09-08 02:22:00.062  1468  1468 D SettingsInterface:  from settings cache , name = time_12_24 , value = 24
09-08 02:22:00.063  1468  1468 D SettingsInterface:  from settings cache , name = time_12_24 , value = 24
09-08 02:22:00.064  1468  1468 D SettingsInterface:  from settings cache , name = time_12_24 , value = 24
09-08 02:22:00.065  1468  1468 D SettingsInterface:  from settings cache , name = time_12_24 , value = 24
09-08 02:22:00.065  1468  1468 D SettingsInterface:  from settings cache , name = time_12_24 , value = 24
09-08 02:22:00.065  1468  1468 D Clock   : onReceive time = 02:22
09-08 02:22:00.067  1468  1468 D BaseStatusBarQK: isPhoneStateIDLE mPhoneIdle1 = true mPhoneIdle2 = true
09-08 02:22:00.067  1468  1468 D PanelView: PanelView---onLayout()
09-08 02:22:00.067  1468  1468 D BaseStatusBarQK: isPhoneStateIDLE mPhoneIdle1 = true mPhoneIdle2 = true
09-08 02:22:00.068  1468  1468 D PanelView: NotificationPanelView---onLayout---mKeyguardShowing = false , mHeader.getCollapsedHeight() = 114 , mQsPeekHeight = 24 , mQsMinExpansionHeight = 585 ,mQsContainerHeight = 1029
09-08 02:22:00.068  1468  1468 D QSPanelContainer:  QSPanelContainer mExpandedHeight=585.0
09-08 02:22:00.068  1468  1468 D PanelView: NotificationPanelView---setQsExpansion(float height)---height = 585.0height > mQsMinExpansionHeight = false , mQsMinExpansionHeight = 585 , !mQsExpanded = true , !mStackScrollerOverscrolling = true , height <= mQsMinExpansionHeight = true
09-08 02:22:00.068  1468  1468 D PanelView: NotificationPanelView---setQsTranslation !mHeaderAnimatingIn = true , !mKeyguardShowing = true
09-08 02:22:00.068  1468  1468 D PanelView: NotificationPanelView---onLayout---mQsMinExpansionHeight + mLastOverscroll = 585.0
09-08 02:22:00.068  1468  1468 D PanelView: NotificationPanelView---updateHeaderShade()---mQsExpansionHeight = 585.0
09-08 02:22:00.068  1468  1468 D PanelView: NotificationPanelView---setQsTranslation !mHeaderAnimatingIn = true , !mKeyguardShowing = true
09-08 02:22:00.069  1468  1468 D BarTransitions: draw targetColor = 0
09-08 02:22:00.070  1468  1468 D ActivityThread: BDC-Calling finishReceiver: IIntentReceiver=de27748
09-08 02:22:00.072  1893  1893 D HealthGuardService: ACTION_TIME_TICK handleTimeTick----- BEGIN
09-08 02:22:00.072  1893  1893 D HealthGuardService: ACTION_TIME_TICK isLockPhone = false
09-08 02:22:00.072  1893  1893 D ActivityThread: BDC-Calling finishReceiver: IIntentReceiver=8d3f64a
09-08 02:22:00.073  1893  2015 D HealthGuardService: updateCurrentLockStatus unLockTime = 06:00
09-08 02:22:00.073  1893  2015 D HealthGuardService: updateCurrentLockStatus lockTime = 23:00
09-08 02:22:00.073  1893  2015 D HealthGuardService: updateCurrentLockStatus current time = 02:22
09-08 02:22:00.074  1893  2015 D TimeDateUtil: isLockView > cur time = 2016-09-08 02:22:00,Lock time = 2016-09-06 23:00:47,UnLock time = 2016-09-07 06:00:47
09-08 02:22:00.074  1893  2015 D HealthGuardService: updateCurrentLockStatus canLock = false
09-08 02:22:00.074  1893  2015 D HealthGuardService: updateCurrentLockStatus canUnlock = false
09-08 02:22:00.074  1893  2015 D HealthGuardService: updateCurrentLockStatus isInLock = false
09-08 02:22:00.074  1893  2015 D HealthGuardService: updateCurrentLockStatus isLockPhone = false
09-08 02:22:00.074  1893  2015 D HealthGuardService: handleTimeTick isLockPhone = false
09-08 02:22:00.074  1893  1893 D SleepModeHandleEvent:  UserId=0,Process.myUid()=1000
09-08 02:22:00.074  1893  2015 D ScreenOnOffModel: handleTimeTick -- ------- BEGIN
09-08 02:22:00.075  1893  2015 I HealthGuardApplication: HealthGuardApplication isInteractive:true
09-08 02:22:00.075  1893  1893 D SleepModeHandleEvent:  initialDate=2015-01-01,nowDate=2016-09-08
09-08 02:22:00.075  1893  1893 W SettingsInterface: Setting device_provisioned has moved from android.provider.Settings.Secure to android.provider.Settings.Global.
09-08 02:22:00.075  1893  1893 D SettingsInterface:  from settings cache , name = device_provisioned , value = 1
09-08 02:22:00.075  1893  1893 D SleepModeHandleEvent:   begin  ~~~~~~~~~~~~~~~~~~~~~~~~~~~~~~~~~~~~~ 
09-08 02:22:00.075  1893  1893 D SleepModeHandleEvent:  handleSleepEvent > isOpenSleepEvent=true
09-08 02:22:00.075  1893  1893 D SleepModeHandleEvent:  beginSleepEvent > SleepAttr > iSwitch=true, sleepTime=23:00, remindMode=Remind_mode, unlockTime=06:00, islock=false
09-08 02:22:00.076  1893  1893 D PopLockTime:  isLockView > cur time=2016-09-08 02:22:00,Lock time =2016-09-06 23:00:47
09-08 02:22:00.076   324  3870 I BufferQueueProducer: [StatusBar](this:0x7f7e52e400,id:5,api:1,p:1468,c:324) queueBuffer: fps=0.51 dur=1968.54 max=1968.54 min=1968.54
09-08 02:22:00.079  1468  1468 D ActivityThread: BDC-Calling finishReceiver: IIntentReceiver=374e9e1
09-08 02:22:00.080  1893  2015 I TimeDateUtil: isTimeTickedToCertainClock: return false2016-09-08 02:22:00
09-08 02:22:00.081  1893  2015 I ScreenOnOffDbUtil:  insertOrUpdate : screenOnTime : 2016-09-08 02:21:52 screenOffTime:2016-09-08 02:22:00
09-08 02:22:00.081   324   324 I SurfaceFlinger: [Built-in Screen (type:0)] fps:0.510154,dur:1960.19,max:1960.19,min:1960.19
09-08 02:22:00.083  4194  4194 D IcmWeather: zy -  isAnyWidgetExist reCheck= true widgetExist=false
09-08 02:22:00.085  4194  4194 D IcmWeather: zy -  isAnyWidgetExist checkAll widgetExist= false
09-08 02:22:00.085  4194  4194 D ActivityThread: BDC-Calling finishReceiver: IIntentReceiver=3d6e9b2
09-08 02:22:00.088  2037  2037 D ActivityThread: BDC-Calling finishReceiver: IIntentReceiver=5929e33
09-08 02:22:00.090  1893  2015 I ScreenOnOffDbUtil:  insertOrUpdate : does not exist, will call insert --> 2016-09-08 02:21:52
09-08 02:22:00.090  1893  2015 E ScreenOnOffDbUtil: ScreenOnOffDbUtil insert screenOnTime:1473272512606 screenOffTime:1473272520080 screen on off duration:7474
09-08 02:22:00.090  1893  2015 E ScreenOnOffDbUtil: ScreenOnOffDbUtil insert screenOnTime=2016-09-08 02:21:52 screenOffTime = 2016-09-08 02:22:00 >>>>>>>>>
09-08 02:22:00.092  5652  5652 D ActivityThread: BDC-Calling finishReceiver: IIntentReceiver=ba0d2f7
09-08 02:22:00.094  1109 29481 D AudioTrack: AudioTrackThread::pauseInternal: ns = 88365346
09-08 02:22:00.094  1109  4765 D AudioTrack: AudioTrackThread::pauseInternal: ns = 88366885
09-08 02:22:00.096  5652  5652 D ActivityThread: BDC-Calling finishReceiver: IIntentReceiver=5cb4564
09-08 02:22:00.100  1109  1109 D AlarmManager: onSendFinished begin
09-08 02:22:00.100  1893  2015 E ScreenOnOffDbUtil: ScreenOnOffDbUtil insert OK
09-08 02:22:00.100  1109  1109 D PowerManagerService: releaseWakeLockInternal: lock=248031697 [*alarm*], flags=0x0, total_time=90ms
09-08 02:22:00.100  1893  2015 I HealthGuardService: workThreadHandler isHandled = false
09-08 02:22:00.100  1109  1109 D PowerManagerNotifier: onWakeLockReleased: flags=1073741825, tag="*alarm*", packageName=android, ownerUid=1000, ownerPid=1109, workSource=WorkSource{1000}
09-08 02:22:00.100  1109  1109 D PowerManagerService: updateWakeLockSummaryLocked: mWakefulness=Awake, mWakeLockSummary=0x0
09-08 02:22:00.101  1109  1109 D PowerManagerService: updateUserActivitySummaryLocked: mWakefulness=Awake, mUserActivitySummary=0x1, nextTimeout=53377481 (in 45316 ms)
09-08 02:22:00.101  1109  1109 D DisplayPowerController: requestPowerState: policy=BRIGHT, useProximitySensor=false, screenBrightness=102, screenAutoBrightnessAdjustment=0.0, brightnessSetByUser=true, useAutoBrightness=true, blockScreenOn=false, lowPowerMode=false, boostScreenBrightness=false, dozeScreenBrightness=-1, dozeScreenState=UNKNOWN, waitForNegativeProximity=false
09-08 02:22:00.101  1109  1109 D PowerManagerService: updateDisplayPowerStateLocked: mDisplayReady=true, policy=3, mWakefulness=1, mWakeLockSummary=0x0, mUserActivitySummary=0x1, mBootCompleted=true, mScreenBrightnessBoostInProgress=false
09-08 02:22:00.101  1109  1109 D PowerManagerService: Releasing suspend blocker "PowerManagerService.WakeLocks".
09-08 02:22:00.101  1109  1363 I DisplayPowerState: isRealyScreenOn is true
09-08 02:22:00.101  1109  1363 I PowerManagerService: 3Button light brightness: 0.
09-08 02:22:00.178  1109  1620 D AppOps  : checkOperation(code = 43 uid = 10000 pkgName = com.qihoo360.mobilesafe) - op == null, return default mode = 3
09-08 02:22:00.183  1109 29481 D AudioTrack: AudioTrackThread::pauseInternal: ns = 88365654
09-08 02:22:00.183  1109  4765 D AudioTrack: AudioTrackThread::pauseInternal: ns = 88366961
09-08 02:22:00.271  1109 29481 D AudioTrack: AudioTrackThread::pauseInternal: ns = 88366884
09-08 02:22:00.272  1109  4765 D AudioTrack: AudioTrackThread::pauseInternal: ns = 88366961
09-08 02:22:00.360  1109 29481 D AudioTrack: AudioTrackThread::pauseInternal: ns = 88364654
09-08 02:22:00.360  1109  4765 D AudioTrack: AudioTrackThread::pauseInternal: ns = 88365884
09-08 02:22:00.449  1109 29481 D AudioTrack: AudioTrackThread::pauseInternal: ns = 88365731
09-08 02:22:00.449  1109  4765 D AudioTrack: AudioTrackThread::pauseInternal: ns = 88365885
09-08 02:22:00.538  1109 29481 D AudioTrack: AudioTrackThread::pauseInternal: ns = 88365423
09-08 02:22:00.538  1109  4765 D AudioTrack: AudioTrackThread::pauseInternal: ns = 88365884
09-08 02:22:00.626  1109 29481 D AudioTrack: AudioTrackThread::pauseInternal: ns = 88364269
09-08 02:22:00.627  1109  4765 D AudioTrack: AudioTrackThread::pauseInternal: ns = 88365884
09-08 02:22:00.715  1109 29481 D AudioTrack: AudioTrackThread::pauseInternal: ns = 88364346
09-08 02:22:00.716  1109  4765 D AudioTrack: AudioTrackThread::pauseInternal: ns = 88365884
09-08 02:22:00.804  1109 29481 D AudioTrack: AudioTrackThread::pauseInternal: ns = 88365654
09-08 02:22:00.804  1109  4765 D AudioTrack: AudioTrackThread::pauseInternal: ns = 88365730
09-08 02:22:00.893  1109 29481 D AudioTrack: AudioTrackThread::pauseInternal: ns = 88365346
09-08 02:22:00.893  1109  4765 D AudioTrack: AudioTrackThread::pauseInternal: ns = 88365731
09-08 02:22:00.956   387   387 I thermal_src: wake up function 3
09-08 02:22:00.956   387   387 I thermal_src: TA_DAEMON_CMD_GET_TPCB cmd=0x5, len=4 PCB=35000
09-08 02:22:00.956   387   387 I thermal_src: TA_DAEMON_CMD_SET_TTJ cmd=0x4, len=4 Tj=85000
09-08 02:22:00.956   387   387 I thermal_src: waiting NOTIFY from kernel...
09-08 02:22:00.982  1109 29481 D AudioTrack: AudioTrackThread::pauseInternal: ns = 88364730
09-08 02:22:00.982  1109  4765 D AudioTrack: AudioTrackThread::pauseInternal: ns = 88365808
09-08 02:22:01.066  1946  1946 D SettingsInterface:  from settings cache , name = pdp_watchdog_poll_interval_ms , value = null
09-08 02:22:01.071  1109 29481 D AudioTrack: AudioTrackThread::pauseInternal: ns = 88364500
09-08 02:22:01.071  1109  4765 D AudioTrack: AudioTrackThread::pauseInternal: ns = 88366039
09-08 02:22:01.159  1109 29481 D AudioTrack: AudioTrackThread::pauseInternal: ns = 88364269
09-08 02:22:01.160  1109  4765 D AudioTrack: AudioTrackThread::pauseInternal: ns = 88365884
09-08 02:22:01.184  1109  2460 D AppOps  : checkOperation(code = 43 uid = 10000 pkgName = com.qihoo360.mobilesafe) - op == null, return default mode = 3
09-08 02:22:01.248  1109 29481 D AudioTrack: AudioTrackThread::pauseInternal: ns = 88364500
09-08 02:22:01.249  1109  4765 D AudioTrack: AudioTrackThread::pauseInternal: ns = 88365731
09-08 02:22:01.337  1109 29481 D AudioTrack: AudioTrackThread::pauseInternal: ns = 88364654
09-08 02:22:01.337  1109  4765 D AudioTrack: AudioTrackThread::pauseInternal: ns = 88365807
09-08 02:22:01.426  1109 29481 D AudioTrack: AudioTrackThread::pauseInternal: ns = 88364576
09-08 02:22:01.426  1109  4765 D AudioTrack: AudioTrackThread::pauseInternal: ns = 88365808
09-08 02:22:01.515  1109 29481 D AudioTrack: AudioTrackThread::pauseInternal: ns = 88365730
09-08 02:22:01.515  1109  4765 D AudioTrack: AudioTrackThread::pauseInternal: ns = 88365731
09-08 02:22:01.603  1109 29481 D AudioTrack: AudioTrackThread::pauseInternal: ns = 88365423
09-08 02:22:01.604  1109  4765 D AudioTrack: AudioTrackThread::pauseInternal: ns = 88365807
09-08 02:22:01.636   329   615 D MAL-Daemon: URC = (+ECSQ: 25,40,1,1,1,-29,-403,7,58,3
09-08 02:22:01.636   329   615 D MAL-Daemon: )
09-08 02:22:01.636   329   615 W MAL-Daemon: event_get_last_addr(): No data available!!
09-08 02:22:01.636   329   615 W MAL-Daemon: event_get_last_addr(): No data available!!
09-08 02:22:01.637   329   607 I MAL-Daemon: [RDS-I][RU][rds_ru_task] RCV Event: 104 
09-08 02:22:01.637   329   607 I MAL-Daemon: [RDS-I][RDS][rds_ru_urc_hdlr] get URC: +ECSQ: 25,40,1,1,1,-29,-403,7,58,3
09-08 02:22:01.637   329   607 I MAL-Daemon: 
09-08 02:22:01.637   329   607 I MAL-Daemon: [RDS-I][RDS][ru_parse_3gppsigval] 3gppsigval #args act<7>
09-08 02:22:01.638   329   566 D MAL-Daemon: atmngr_urc_hdl(): [AT_URC] "
09-08 02:22:01.638   329   566 D MAL-Daemon: +ECSQ: 25,40,1,1,1,-29,-403,7,58,3
09-08 02:22:01.638   329   566 D MAL-Daemon: "!!
09-08 02:22:01.668  1468  1810 D MobileSignalController: onSignalStrengthsChanged signalStrength = SignalStrength: 0 40 -120 -2560 -120 -1 8 99 -100 -7 145 2147483647 gsm|lte 1 1 1 level=4 mCurrentState.slotId = 1
09-08 02:22:01.668  1468  1810 D MobileSignalController: getNetworkTypeLevel networkType = 13 nLevel = 4 isGsm = true
09-08 02:22:01.668  1468  1810 D MobileSignalController: getNetworkTypeLevel networkType = 13 nLevel = 4 isGsm = true
09-08 02:22:01.669  1468  1810 D MobileSignalController: updateSignalStrength strengthLvl is 4 strengSlaveLvl is 4 mCurrentState.slotId = 1
09-08 02:22:01.669  1468  1810 D MobileSignalController: calculateSignalStrength single signals-------- isSEDRegion: false mCurrentState.slotId = 1
09-08 02:22:01.672  1109  4300 V ActivityManager: Broadcast sticky: Intent { act=android.intent.action.SIG_STR flg=0x20000010 (has extras) } ordered=false userid=-1 callerApp=ProcessRecord{41f62cd 1109:system/1000}
09-08 02:22:01.675  1946  1997 D SettingsInterface:  from settings cache , name = multi_sim_voice_call , value = -2
09-08 02:22:01.676  1468  1810 D MobileSignalController: updateImsRegState mCurrentState.slotId = 1 mCurrentState.subId = 3 mDataNetType = 13 mIMSState = 1mCurrentState.subId = 3 volteState = 4 enabled = false
09-08 02:22:01.677  1468  1810 D MobileSignalController: isRoaming is not cdma
09-08 02:22:01.677  1468  1810 D MobileSignalController: isRoaming is not cdma
09-08 02:22:01.677  1468  1810 D NetworkController: notifyListenersIfNecessary isDirty = false
09-08 02:22:01.677  1468  1810 D MobileSignalController: updateTelephony mCurrentState.slotId = 1 mCurrentState.subId = 3 mServiceState = 0 0 voice home data home 中国联通 CU-GSM 46001 中国联通 CU-GSM 46001  LTE LTE CSS not supported 0 0 RoamInd=-1 DefRoamInd=-1 EmergOnly=false Ril Voice Regist state: 1 Ril Data Regist state: 1 mProprietaryDataRadioTechnology: 0 VoiceRejectCause: 0 DataRejectCause: -1 IsDataRoamingFromRegistration=false mSignalStrength = SignalStrength: 0 40 -120 -2560 -120 -1 8 99 -100 -7 145 2147483647 gsm|lte 1 1 1 mDataState = 2
09-08 02:22:01.692  1109 29481 D AudioTrack: AudioTrackThread::pauseInternal: ns = 88365962
09-08 02:22:01.692  1109  4765 D AudioTrack: AudioTrackThread::pauseInternal: ns = 88366962
09-08 02:22:01.781  1109 29481 D AudioTrack: AudioTrackThread::pauseInternal: ns = 88366961
09-08 02:22:01.781  1109  4765 D AudioTrack: AudioTrackThread::pauseInternal: ns = 88366961
09-08 02:22:01.869  1109 29481 D AudioTrack: AudioTrackThread::pauseInternal: ns = 88364962
09-08 02:22:01.869  1109  4765 D AudioTrack: AudioTrackThread::pauseInternal: ns = 88365962
09-08 02:22:01.958  1109 29481 D AudioTrack: AudioTrackThread::pauseInternal: ns = 88364346
09-08 02:22:01.958  1109  4765 D AudioTrack: AudioTrackThread::pauseInternal: ns = 88365730
09-08 02:22:02.047  1109 29481 D AudioTrack: AudioTrackThread::pauseInternal: ns = 88365115
09-08 02:22:02.047  1109  4765 D AudioTrack: AudioTrackThread::pauseInternal: ns = 88365731
09-08 02:22:02.072  1946  1946 D SettingsInterface:  from settings cache , name = pdp_watchdog_poll_interval_ms , value = null
09-08 02:22:02.136  1109 29481 D AudioTrack: AudioTrackThread::pauseInternal: ns = 88364500
09-08 02:22:02.136  1109  4765 D AudioTrack: AudioTrackThread::pauseInternal: ns = 88365961
09-08 02:22:02.193  1109  1530 D AppOps  : checkOperation(code = 43 uid = 10000 pkgName = com.qihoo360.mobilesafe) - op == null, return default mode = 3
09-08 02:22:02.224  1109 29481 D AudioTrack: AudioTrackThread::pauseInternal: ns = 88364577
09-08 02:22:02.225  1109  4765 D AudioTrack: AudioTrackThread::pauseInternal: ns = 88365961
09-08 02:22:02.313  1109 29481 D AudioTrack: AudioTrackThread::pauseInternal: ns = 88365731
09-08 02:22:02.313  1109  4765 D AudioTrack: AudioTrackThread::pauseInternal: ns = 88366038
09-08 02:22:02.402  1109 29481 D AudioTrack: AudioTrackThread::pauseInternal: ns = 88365346
09-08 02:22:02.402  1109  4765 D AudioTrack: AudioTrackThread::pauseInternal: ns = 88365884
09-08 02:22:02.491  1109 29481 D AudioTrack: AudioTrackThread::pauseInternal: ns = 88365808
09-08 02:22:02.491  1109  4765 D AudioTrack: AudioTrackThread::pauseInternal: ns = 88365808
09-08 02:22:02.579  1109 29481 D AudioTrack: AudioTrackThread::pauseInternal: ns = 88365654
09-08 02:22:02.580  1109  4765 D AudioTrack: AudioTrackThread::pauseInternal: ns = 88365961
09-08 02:22:02.668  1109 29481 D AudioTrack: AudioTrackThread::pauseInternal: ns = 88363577
09-08 02:22:02.668  1109  4765 D AudioTrack: AudioTrackThread::pauseInternal: ns = 88365808
09-08 02:22:02.757  1109 29481 D AudioTrack: AudioTrackThread::pauseInternal: ns = 88364500
09-08 02:22:02.757  1109  4765 D AudioTrack: AudioTrackThread::pauseInternal: ns = 88365807
09-08 02:22:02.846  1109 29481 D AudioTrack: AudioTrackThread::pauseInternal: ns = 88365577
09-08 02:22:02.846  1109  4765 D AudioTrack: AudioTrackThread::pauseInternal: ns = 88365807
09-08 02:22:02.935  1109 29481 D AudioTrack: AudioTrackThread::pauseInternal: ns = 88365730
09-08 02:22:02.935  1109  4765 D AudioTrack: AudioTrackThread::pauseInternal: ns = 88365653
09-08 02:22:03.013  1109  1363 D AutomaticBrightnessController: calculateAmbientLux: [-8000, 100]: lux=4.0, weight=3.2805E7
09-08 02:22:03.013  1109  1363 D AutomaticBrightnessController: calculateAmbientLux: totalWeight=3.2805E7, newAmbientLux=4.0
09-08 02:22:03.014  1109  1363 D AutomaticBrightnessController: updateAmbientLux: Scheduling ambient lux update for 5333907753339077 (in 3999 ms)
09-08 02:22:03.023  1109 29481 D AudioTrack: AudioTrackThread::pauseInternal: ns = 88364500
09-08 02:22:03.024  1109  4765 D AudioTrack: AudioTrackThread::pauseInternal: ns = 88365884
09-08 02:22:03.078  1946  1946 D SettingsInterface:  from settings cache , name = pdp_watchdog_poll_interval_ms , value = null
09-08 02:22:03.112  1109 29481 D AudioTrack: AudioTrackThread::pauseInternal: ns = 88364423
09-08 02:22:03.112  1109  4765 D AudioTrack: AudioTrackThread::pauseInternal: ns = 88365885
09-08 02:22:03.201  1109 29481 D AudioTrack: AudioTrackThread::pauseInternal: ns = 88364346
09-08 02:22:03.201  1109  4765 D AudioTrack: AudioTrackThread::pauseInternal: ns = 88365731
09-08 02:22:03.204  1109  2460 D AppOps  : checkOperation(code = 43 uid = 10000 pkgName = com.qihoo360.mobilesafe) - op == null, return default mode = 3
