09-08 02:22:03.290  1109 29481 D AudioTrack: AudioTrackThread::pauseInternal: ns = 88364116
09-08 02:22:03.290  1109  4765 D AudioTrack: AudioTrackThread::pauseInternal: ns = 88365884
09-08 02:22:03.319   390   390 I thermal_repeater: oh, queryMdThermalInfo (0)No such file or directory
09-08 02:22:03.339   390   390 I thermal_repeater: [recvMdThermalInfo] ret=24, strLen=127,  3, 35, -49, 0, 32767, 1
09-08 02:22:03.379  1109 29481 D AudioTrack: AudioTrackThread::pauseInternal: ns = 88363885
09-08 02:22:03.379  1109  4765 D AudioTrack: AudioTrackThread::pauseInternal: ns = 88365808
09-08 02:22:03.389 20811 20891 I OwnContactsSyncManager: onNeedSync
09-08 02:22:03.393  1109  2458 D ActivityManager: getContentProviderImpl: from caller=android.app.ApplicationThreadProxy@c2081bf (pid=20811, userId=0) to get content provider com.android.contacts cpr=ContentProviderRecord{a19a08c u0 com.android.providers.contacts/.ContactsProvider2}
09-08 02:22:03.397 20811 20891 D ActivityThread: holder:android.app.IActivityManager$ContentProviderHolder@801c9be, holder.provider:android.content.ContentProviderProxy@b2efa1f
09-08 02:22:03.398  1109  1392 D WindowManager: interceptKeyTq keycode=3 interactive=true keyguardActive=false policyFlags=22000002 down =true canceled = false isWakeKey=false mVolumeDownKeyTriggered =false mVolumeUpKeyTriggered =false result = 1 useHapticFeedback = true isInjected = false
09-08 02:22:03.399  1109  1392 V SettingsProvider: packageValueForCallResult, name = haptic_feedback_enabled, value : 1
09-08 02:22:03.400  1109  1392 D AppOps  : startOperation: allowing code 3 uid 1000 package android
09-08 02:22:03.401  1109  1392 D PowerManagerService: acquireWakeLockInternal: lock=201353273, flags=0x1, tag="*vibrator*", ws=WorkSource{1000}, uid=1000, pid=1109
09-08 02:22:03.401  1109  1392 D PowerManagerService: updateWakeLockSummaryLocked: mWakefulness=Awake, mWakeLockSummary=0x1
09-08 02:22:03.402  1109  1392 D PowerManagerService: updateUserActivitySummaryLocked: mWakefulness=Awake, mUserActivitySummary=0x1, nextTimeout=53377481 (in 42015 ms)
09-08 02:22:03.402  1109  1392 D DisplayPowerController: requestPowerState: policy=BRIGHT, useProximitySensor=false, screenBrightness=102, screenAutoBrightnessAdjustment=0.0, brightnessSetByUser=true, useAutoBrightness=true, blockScreenOn=false, lowPowerMode=false, boostScreenBrightness=false, dozeScreenBrightness=-1, dozeScreenState=UNKNOWN, waitForNegativeProximity=false
09-08 02:22:03.403  1109  1392 D PowerManagerService: updateDisplayPowerStateLocked: mDisplayReady=true, policy=3, mWakefulness=1, mWakeLockSummary=0x1, mUserActivitySummary=0x1, mBootCompleted=true, mScreenBrightnessBoostInProgress=false
09-08 02:22:03.403  1109  1392 D PowerManagerService: Acquiring suspend blocker "PowerManagerService.WakeLocks".
09-08 02:22:03.403  1109  1392 D PowerManagerNotifier: onWakeLockAcquired: flags=1, tag="*vibrator*", packageName=android, ownerUid=1000, ownerPid=1109, workSource=WorkSource{1000}
09-08 02:22:03.405  1109  1392 I QikuPhoneWindowManager: assisitKeyVibrator keycode = 3
09-08 02:22:03.406  1109  1392 V SettingsProvider: packageValueForCallResult, name = haptic_feedback_enabled, value : 1
09-08 02:22:03.407  1109  1392 D AppOps  : startOperation: allowing code 3 uid 1000 package android
09-08 02:22:03.408  1109  1391 D PowerManagerService: userActivityFromNative
09-08 02:22:03.408  1109  1391 D PowerManagerService: userActivityNoUpdateLocked: eventTime=53335462, event=1, flags=0x0, uid=1000
09-08 02:22:03.409  1109  1391 D PowerManagerNotifier: onUserActivity: event=1, uid=1000
09-08 02:22:03.409  1109  1391 D PowerManagerService: updateUserActivitySummaryLocked: mWakefulness=Awake, mUserActivitySummary=0x9, nextTimeout=53338462 (in 2988 ms)
09-08 02:22:03.410  1109  1391 D DisplayPowerController: requestPowerState: policy=BRIGHT, useProximitySensor=false, screenBrightness=102, screenAutoBrightnessAdjustment=0.0, brightnessSetByUser=true, useAutoBrightness=true, blockScreenOn=false, lowPowerMode=false, boostScreenBrightness=false, dozeScreenBrightness=-1, dozeScreenState=UNKNOWN, waitForNegativeProximity=false
09-08 02:22:03.410  1109  1391 D PowerManagerService: updateDisplayPowerStateLocked: mDisplayReady=true, policy=3, mWakefulness=1, mWakeLockSummary=0x1, mUserActivitySummary=0x9, mBootCompleted=true, mScreenBrightnessBoostInProgress=false
09-08 02:22:03.410  1109  1391 D WindowManager: interceptKeyTi keyCode=3 down=true repeatCount=0 keyguardOn=false mHomePressed=false canceled=false metaState:0
09-08 02:22:03.411  1109  1391 I QikuPhoneWindowManager: qkIntercept: keyCode = 3 72
09-08 02:22:03.411  1109  1391 V SettingsProvider: packageValueForCallResult, name = qiku_mistouch_state, value : 0
09-08 02:22:03.412  1109  1391 D WindowManager: In enableFlashLight:false,mStartingFlashlight:false,keyguardShow:false,mScreenOnFully:true
09-08 02:22:03.413  1109  1363 I DisplayPowerState: isRealyScreenOn is true
09-08 02:22:03.413  1109  1363 D PowerManagerService: getButtonLightValue : mForceButtonOn is true
09-08 02:22:03.413  1109  1363 D LightsService: begin::brightnessMode = 0;brightness = 1;mId = 2
09-08 02:22:03.414  1109  1363 D lights  : write_int open fd=-1
09-08 02:22:03.414  1109  1363 D lights  : write_int open fd=269
09-08 02:22:03.414  1109  1363 D lights  : write_int open fd=269
09-08 02:22:03.415  1109  1363 I PowerManagerService: 3Button light brightness: 1
09-08 02:22:03.416  1109  1363 I DisplayPowerState: isRealyScreenOn is true
09-08 02:22:03.416  1109  1363 D PowerManagerService: getButtonLightValue : mForceButtonOn is true
09-08 02:22:03.416  1109  1363 I PowerManagerService: 3Button light brightness: 1
09-08 02:22:03.420  1109  4300 D AppOps  : noteOperation: allowing code 4 uid 10007 package com.android.providers.contacts
09-08 02:22:03.420  1109  4300 D AppOps  : noteOperation: allowing code 4 uid 10000 package com.qihoo360.mobilesafe
09-08 02:22:03.420  1109  4299 D AppOps  : noteOperation: allowing code 4 uid 10007 package com.android.providers.contacts
09-08 02:22:03.421  1109  4299 D AppOps  : noteOperation: allowing code 4 uid 10000 package com.qihoo360.mobilesafe
09-08 02:22:03.421 20647 20660 D ContactsProvider: query: uri=content://com.android.contacts/raw_contacts, projection=[_id, version], selection=[deleted=0], args=null, order=[null], CPID=20811, User=0
09-08 02:22:03.421 20647 20660 D ContactsDatabaseHelper: isAllowToAccecssWithAppLock:true
09-08 02:22:03.426  1109  1392 D WindowManager: interceptKeyTq keycode=3 interactive=true keyguardActive=false policyFlags=22000002 down =false canceled = false isWakeKey=false mVolumeDownKeyTriggered =false mVolumeUpKeyTriggered =false result = 1 useHapticFeedback = false isInjected = false
09-08 02:22:03.426  1109  1391 D WindowManager: interceptKeyTi keyCode=3 down=false repeatCount=0 keyguardOn=false mHomePressed=true canceled=false metaState:0
09-08 02:22:03.427  1109  1391 I QikuPhoneWindowManager: qkIntercept: keyCode = 3 72
09-08 02:22:03.427  1109  1391 V SettingsProvider: packageValueForCallResult, name = qiku_mistouch_state, value : 0
09-08 02:22:03.427  1109  1391 D WindowManager: In enableFlashLight:false,mStartingFlashlight:false,keyguardShow:false,mScreenOnFully:true
09-08 02:22:03.428  1109  1391 D SettingsInterface:  from settings cache , name = dialer_default_application , value = null
09-08 02:22:03.430  1109  1391 V ActivityManager: Broadcast: Intent { act=android.intent.action.CLOSE_SYSTEM_DIALOGS flg=0x50000010 (has extras) } ordered=false userid=-1 callerApp=null
09-08 02:22:03.436  1109  1391 D PowerManagerService: userActivityNoUpdateLocked: eventTime=53335501, event=0, flags=0x0, uid=1000
09-08 02:22:03.437  1109  1391 D PowerManagerNotifier: onUserActivity: event=0, uid=1000
09-08 02:22:03.437  1109  1391 D PowerManagerService: updateUserActivitySummaryLocked: mWakefulness=Awake, mUserActivitySummary=0x9, nextTimeout=53338501 (in 3000 ms)
09-08 02:22:03.437  1109  1391 D DisplayPowerController: requestPowerState: policy=BRIGHT, useProximitySensor=false, screenBrightness=102, screenAutoBrightnessAdjustment=0.0, brightnessSetByUser=true, useAutoBrightness=true, blockScreenOn=false, lowPowerMode=false, boostScreenBrightness=false, dozeScreenBrightness=-1, dozeScreenState=UNKNOWN, waitForNegativeProximity=false
09-08 02:22:03.437  1109  1391 D PowerManagerService: updateDisplayPowerStateLocked: mDisplayReady=true, policy=3, mWakefulness=1, mWakeLockSummary=0x1, mUserActivitySummary=0x9, mBootCompleted=true, mScreenBrightnessBoostInProgress=false
09-08 02:22:03.437  1109  1391 V SettingsProvider: packageValueForCallResult, name = user_setup_complete, value : 1
09-08 02:22:03.440  1109  1391 I ActivityManager: START u0 {act=android.intent.action.MAIN cat=[android.intent.category.HOME] flg=0x10200000 cmp=com.yulong.android.launcher3/.Launcher (has extras)} from uid 1000 from pid 1109 on display 0
09-08 02:22:03.440  1109  1391 D ApsWhiteListService: getApsInfoProperty(com.yulong.android.launcher3, 14) = -1, recheck
09-08 02:22:03.441  1109  1391 I AppLockManager: ShouldLock. dest package : com.yulong.android.launcher3
09-08 02:22:03.441  1109  1391 I AppLockManager: check startSafeAppFromRiskInsight, callingUid = 1000, destPkg = com.yulong.android.launcher3
09-08 02:22:03.441  1109  1363 I DisplayPowerState: isRealyScreenOn is true
09-08 02:22:03.441  1109  1363 D PowerManagerService: getButtonLightValue : mForceButtonOn is true
09-08 02:22:03.441  1109  1363 I PowerManagerService: 3Button light brightness: 1
09-08 02:22:03.442  1468  1468 D QikuVolumeDialog: dismissH reason = volume_controller
09-08 02:22:03.442  1468  1468 D QikuVolumeDialog: dismissH not show, so return
09-08 02:22:03.442  1468  1468 V PhoneStatusBar: onReceive: Intent { act=android.intent.action.CLOSE_SYSTEM_DIALOGS flg=0x50000010 (has extras) }
09-08 02:22:03.442  1109  1392 D WindowManager: interceptKeyTq keycode=187 interactive=true keyguardActive=false policyFlags=22000002 down =true canceled = false isWakeKey=false mVolumeDownKeyTriggered =false mVolumeUpKeyTriggered =false result = 1 useHapticFeedback = true isInjected = false
09-08 02:22:03.443  1109  1392 V SettingsProvider: packageValueForCallResult, name = haptic_feedback_enabled, value : 1
09-08 02:22:03.443  1109  1391 I AppLockManager: aps getApsInfoProperty param : com.yulong.android.launcher3;0
09-08 02:22:03.443  1109  1391 D ApsWhiteListService: getApsInfoProperty(com.yulong.android.launcher3;0, 13) = -1, recheck
09-08 02:22:03.443  1109  1391 I AppLockManager: lock state from aps : false
09-08 02:22:03.444  1109  1391 V WindowManager: Looking for focus: 7 = Window{69932ec u0 StatusBar}, flags=-2122055608, canReceive=false
09-08 02:22:03.444  1109  1391 V WindowManager: findFocusedWindow: Found new focus @ 2 = Window{596c1c9 u0 com.android.settings/com.qiku.android.settings.activities.YLUsbSettings}
09-08 02:22:03.446  1109  1391 V WindowManager: Set focused app to: AppWindowToken{3df6f20 token=Token{1c46b52 ActivityRecord{7bc43dd u0 com.yulong.android.launcher3/.Launcher t2}}} old focus=AppWindowToken{5ec236e token=Token{5a59ae9 ActivityRecord{c62a770 u0 com.android.settings/com.qiku.android.settings.activities.YLUsbSettings t45}}} moveFocusNow=true
09-08 02:22:03.448  1109  1391 V WindowManager: Looking for focus: 7 = Window{69932ec u0 StatusBar}, flags=-2122055608, canReceive=false
09-08 02:22:03.448  1109  1391 V WindowManager: findFocusedWindow: Reached focused app=AppWindowToken{3df6f20 token=Token{1c46b52 ActivityRecord{7bc43dd u0 com.yulong.android.launcher3/.Launcher t2}}}
09-08 02:22:03.448  1109  1391 W WindowManager: Changing focus from Window{596c1c9 u0 com.android.settings/com.qiku.android.settings.activities.YLUsbSettings} to null
09-08 02:22:03.448  1109  1391 D WindowManager: Input focus has changed to null
09-08 02:22:03.449  1109  1250 I WindowManager: Focus moving from Window{596c1c9 u0 com.android.settings/com.qiku.android.settings.activities.YLUsbSettings} to null
09-08 02:22:03.449  1109  1250 I WindowManager: Losing focus: Window{596c1c9 u0 com.android.settings/com.qiku.android.settings.activities.YLUsbSettings}
09-08 02:22:03.456  1109  1391 I BufferQueue: [unnamed-1109-312](this:0x7f6cd4fc00,id:312,api:0,p:-1,c:-1) BufferQueue core=(1109:system_server)
09-08 02:22:03.456  1109  1391 I BufferQueueConsumer: [unnamed-1109-312](this:0x7f6cd4fc00,id:312,api:0,p:-1,c:1109) connect(C): consumer=(1109:system_server) controlledByApp=false
09-08 02:22:03.456  1109  1391 I BufferQueueConsumer: [unnamed-1109-312](this:0x7f6cd4fc00,id:312,api:0,p:-1,c:1109) setConsumerName: unnamed-1109-312
09-08 02:22:03.456  1109  1391 I BufferQueueConsumer: [ScreenshotClient](this:0x7f6cd4fc00,id:312,api:0,p:-1,c:1109) setConsumerName: ScreenshotClient
09-08 02:22:03.457  1109 20913 D PowerManagerService: releaseWakeLockInternal: lock=201353273 [*vibrator*], flags=0x0, total_time=55ms
09-08 02:22:03.457  1109 20913 D PowerManagerNotifier: onWakeLockReleased: flags=1, tag="*vibrator*", packageName=android, ownerUid=1000, ownerPid=1109, workSource=WorkSource{1000}
09-08 02:22:03.457  1109  1392 D AppOps  : startOperation: allowing code 3 uid 1000 package android
09-08 02:22:03.457  1109 20913 D PowerManagerService: updateWakeLockSummaryLocked: mWakefulness=Awake, mWakeLockSummary=0x0
09-08 02:22:03.457  1109 20913 D PowerManagerService: updateUserActivitySummaryLocked: mWakefulness=Awake, mUserActivitySummary=0x9, nextTimeout=53338501 (in 2980 ms)
09-08 02:22:03.457  1109 20913 D DisplayPowerController: requestPowerState: policy=BRIGHT, useProximitySensor=false, screenBrightness=102, screenAutoBrightnessAdjustment=0.0, brightnessSetByUser=true, useAutoBrightness=true, blockScreenOn=false, lowPowerMode=false, boostScreenBrightness=false, dozeScreenBrightness=-1, dozeScreenState=UNKNOWN, waitForNegativeProximity=false
09-08 02:22:03.457   324   324 D Surface : Surface::connect(this=0x7f7d94de00,api=1)
09-08 02:22:03.457  1109 20913 D PowerManagerService: updateDisplayPowerStateLocked: mDisplayReady=true, policy=3, mWakefulness=1, mWakeLockSummary=0x0, mUserActivitySummary=0x9, mBootCompleted=true, mScreenBrightnessBoostInProgress=false
09-08 02:22:03.457  1109 20913 D PowerManagerService: Releasing suspend blocker "PowerManagerService.WakeLocks".
09-08 02:22:03.457  1109  1363 I DisplayPowerState: isRealyScreenOn is true
09-08 02:22:03.457  1109  1363 D PowerManagerService: getButtonLightValue : mForceButtonOn is true
09-08 02:22:03.457  1109  1363 I PowerManagerService: 3Button light brightness: 1
09-08 02:22:03.458  1109  1392 D PowerManagerService: acquireWakeLockInternal: lock=201353273, flags=0x1, tag="*vibrator*", ws=WorkSource{1000}, uid=1000, pid=1109
09-08 02:22:03.458  1109  1392 D PowerManagerService: updateWakeLockSummaryLocked: mWakefulness=Awake, mWakeLockSummary=0x1
09-08 02:22:03.458  1109  1392 D PowerManagerService: updateUserActivitySummaryLocked: mWakefulness=Awake, mUserActivitySummary=0x9, nextTimeout=53338501 (in 2979 ms)
09-08 02:22:03.458  1109  1392 D DisplayPowerController: requestPowerState: policy=BRIGHT, useProximitySensor=false, screenBrightness=102, screenAutoBrightnessAdjustment=0.0, brightnessSetByUser=true, useAutoBrightness=true, blockScreenOn=false, lowPowerMode=false, boostScreenBrightness=false, dozeScreenBrightness=-1, dozeScreenState=UNKNOWN, waitForNegativeProximity=false
09-08 02:22:03.458  1109  1392 D PowerManagerService: updateDisplayPowerStateLocked: mDisplayReady=true, policy=3, mWakefulness=1, mWakeLockSummary=0x1, mUserActivitySummary=0x9, mBootCompleted=true, mScreenBrightnessBoostInProgress=false
09-08 02:22:03.458  1109  1392 D PowerManagerService: Acquiring suspend blocker "PowerManagerService.WakeLocks".
09-08 02:22:03.458  1109  1392 D PowerManagerNotifier: onWakeLockAcquired: flags=1, tag="*vibrator*", packageName=android, ownerUid=1000, ownerPid=1109, workSource=WorkSource{1000}
09-08 02:22:03.459  1109  1392 I QikuPhoneWindowManager: assisitKeyVibrator keycode = 187
09-08 02:22:03.459  1109  1392 V SettingsProvider: packageValueForCallResult, name = haptic_feedback_enabled, value : 1
09-08 02:22:03.459  1109  1363 I DisplayPowerState: isRealyScreenOn is true
09-08 02:22:03.459  1109  1392 D AppOps  : startOperation: allowing code 3 uid 1000 package android
09-08 02:22:03.459  1109  1363 D PowerManagerService: getButtonLightValue : mForceButtonOn is true
09-08 02:22:03.459  1109  1363 I PowerManagerService: 3Button light brightness: 1
09-08 02:22:03.460  1109  1392 D WindowManager: interceptKeyTq keycode=187 interactive=true keyguardActive=false policyFlags=22000002 down =false canceled = false isWakeKey=false mVolumeDownKeyTriggered =false mVolumeUpKeyTriggered =false result = 1 useHapticFeedback = false isInjected = false
09-08 02:22:03.460  1109  1391 I BufferQueueProducer: [ScreenshotClient](this:0x7f6cd4fc00,id:312,api:1,p:324,c:1109) connect(P): api=1 producer=(324:/system/bin/surfaceflinger) producerControlledByApp=false
09-08 02:22:03.461  1109  1391 I BufferQueueProducer: [ScreenshotClient](this:0x7f6cd4fc00,id:312,api:1,p:324,c:1109) new GraphicBuffer needed
09-08 02:22:03.462   324   650 I [MALI][Gralloc]: [+]hnd(0x7f8195ec20), client(29), share_fd(85), hnd->flags:4
09-08 02:22:03.462   324   650 D GraphicBuffer: alloc, handle(0x7f8195ec20) (w:405 h:693 s:416 f:0x1 u:0x000333) err(0)
09-08 02:22:03.463  1109  1391 I [MALI][Gralloc]: [+]r_hnd(0x7f6cd473c0), client(181), share_fd(278)
09-08 02:22:03.463  1109  1391 D GraphicBuffer: register, handle(0x7f6cd473c0) (w:405 h:693 s:416 f:0x1 u:0x000333)
09-08 02:22:03.464   324   647 D GraphicBuffer: free, handle(0x7f8195ec20) (w:405 h:693 s:416 f:0x1 u:0x000333)
09-08 02:22:03.464   324   647 I [MALI][Gralloc]: [-]hnd(0x7f8195ec20), client(29), share_fd(85)
09-08 02:22:03.465   324   324 I [MALI][Gralloc]: [+]r_hnd(0x7f8195e900), client(29), share_fd(106)
09-08 02:22:03.465   324   324 D GraphicBuffer: register, handle(0x7f8195e900) (w:405 h:693 s:416 f:0x1 u:0x000333)
09-08 02:22:03.467  1109 29481 D AudioTrack: AudioTrackThread::pauseInternal: ns = 88365808
09-08 02:22:03.468  1109  4765 D AudioTrack: AudioTrackThread::pauseInternal: ns = 88366884
09-08 02:22:03.469   324  3870 I BufferQueueProducer: [com.android.settings/com.qiku.android.settings.activities.YLUsbSettings](this:0x7f77dc5c00,id:1049,api:1,p:17376,c:324) queueBuffer: fps=0.09 dur=10838.97 max=10838.97 min=10838.97
09-08 02:22:03.470   324   324 D Surface : Surface::disconnect(this=0x7f7d94de00,api=1)
09-08 02:22:03.470   324   324 D GraphicBuffer: unregister, handle(0x7f8195e900) (w:405 h:693 s:416 f:0x1 u:0x000333)
09-08 02:22:03.471   324   324 I [MALI][Gralloc]: [-]r_hnd(0x7f8195e900), client(29), share_fd(106)
09-08 02:22:03.471  1109  1391 I BufferQueueProducer: [ScreenshotClient](this:0x7f6cd4fc00,id:312,api:1,p:-1,c:1109) disconnect(P): api 1
09-08 02:22:03.471  1109  1391 I BufferQueueConsumer: [ScreenshotClient](this:0x7f6cd4fc00,id:312,api:1,p:-1,c:1109) getReleasedBuffers: returning mask 0xffffffffffffffff
09-08 02:22:03.474  1109  1391 I BufferQueueConsumer: [ScreenshotClient](this:0x7f6cd4fc00,id:312,api:1,p:-1,c:-1) disconnect(C)
09-08 02:22:03.475  1109  1391 D GraphicBuffer: unregister, handle(0x7f6cd473c0) (w:405 h:693 s:416 f:0x1 u:0x000333)
09-08 02:22:03.476  1109  1391 I [MALI][Gralloc]: [-]r_hnd(0x7f6cd473c0), client(181), share_fd(278)
09-08 02:22:03.476  1109  1391 I BufferQueue: [ScreenshotClient](this:0x7f6cd4fc00,id:312,api:1,p:-1,c:-1) ~BufferQueueCore
09-08 02:22:03.478   324   324 I SurfaceFlinger: [Built-in Screen (type:0)] fps:0.294383,dur:3396.93,max:3396.93,min:3396.93
09-08 02:22:03.479 23041 23041 I [QiKuCloud][SyncDaemon]: [Pid:23041][Tid:1] [CoolcloudAutoSyncDaemon] [what:4][arg1:0][arg2:0]alert home changed
09-08 02:22:03.480  1109  1391 D PowerManagerService: acquireWakeLockInternal: lock=213966371, flags=0x1, tag="*launch*", ws=WorkSource{10043}, uid=1000, pid=1109
09-08 02:22:03.480  1109  1391 D PowerManagerService: updateWakeLockSummaryLocked: mWakefulness=Awake, mWakeLockSummary=0x1
09-08 02:22:03.480  1109  1391 D PowerManagerService: updateUserActivitySummaryLocked: mWakefulness=Awake, mUserActivitySummary=0x9, nextTimeout=53338501 (in 2956 ms)
09-08 02:22:03.480 17376 17376 D CP_SysSetting: --------- unRegistered mReceiverRegistered----------
09-08 02:22:03.480  1109  1391 D DisplayPowerController: requestPowerState: policy=BRIGHT, useProximitySensor=false, screenBrightness=102, screenAutoBrightnessAdjustment=0.0, brightnessSetByUser=true, useAutoBrightness=true, blockScreenOn=false, lowPowerMode=false, boostScreenBrightness=false, dozeScreenBrightness=-1, dozeScreenState=UNKNOWN, waitForNegativeProximity=false
09-08 02:22:03.480  1109  1391 D PowerManagerService: updateDisplayPowerStateLocked: mDisplayReady=true, policy=3, mWakefulness=1, mWakeLockSummary=0x1, mUserActivitySummary=0x9, mBootCompleted=true, mScreenBrightnessBoostInProgress=false
09-08 02:22:03.480  1109  1391 D PowerManagerNotifier: onWakeLockAcquired: flags=1, tag="*launch*", packageName=android, ownerUid=1000, ownerPid=1109, workSource=WorkSource{10043}
09-08 02:22:03.481  1109  1363 I DisplayPowerState: isRealyScreenOn is true
09-08 02:22:03.481  1109  1363 D PowerManagerService: getButtonLightValue : mForceButtonOn is true
09-08 02:22:03.481  1109  1363 I PowerManagerService: 3Button light brightness: 1
09-08 02:22:03.481  1109  1391 D ActivityManager: Set intentActivity.task.mMovingToFront = true
09-08 02:22:03.481  1109  1391 D WindowManager: interceptKeyTi keyCode=187 down=true repeatCount=0 keyguardOn=false mHomePressed=false canceled=false metaState:0
09-08 02:22:03.481  1109  1391 I QikuPhoneWindowManager: MiniScreen: elapTime:37,curr:KeyEvent { action=ACTION_DOWN, keyCode=KEYCODE_APP_SWITCH, scanCode=580, metaState=0, flags=0x48, repeatCount=0, eventTime=53335499, downTime=53335499, deviceId=2, source=0x101 },last:NavKeyTouchState { action=ACTION_UP, keyCode: KEYCODE_HOME, downTime=53335462 }
09-08 02:22:03.482  1109  1907 I BGCONTROL: server pass non-stopped app: Intent { act=com.qiku.android.sync.HOMECHANGED pkg=com.qiku.android.cloudsync }
09-08 02:22:03.485  2037  2037 E Launcher: onReceive, action=android.intent.action.CLOSE_SYSTEM_DIALOGS, reason=homekey
09-08 02:22:03.487 17376 17376 D CP_SysSetting: --------- unRegistered mStorageListener----------
09-08 02:22:03.487  1109  1391 V ActivityManager: Broadcast: Intent { act=com.yulong.floatwindow.showLeftMS flg=0x10 (has extras) } ordered=false userid=-2 callerApp=ProcessRecord{41f62cd 1109:system/1000}
09-08 02:22:03.488  1109  1156 V NetworkStats: setKernelCounterSet uid=10043 set=1
09-08 02:22:03.490  1109  1391 I QikuPhoneWindowManager: MiniScreen: Action:com.yulong.floatwindow.showLeftMS
09-08 02:22:03.490  1109  1391 I QikuPhoneWindowManager: qkIntercept: keyCode = 187 72
09-08 02:22:03.490  1109  1391 I QikuPhoneWindowManager: enter keycode_app_switch
09-08 02:22:03.490  1109  1391 I QikuPhoneWindowManager: open sysy switch virtual key
09-08 02:22:03.491  1109  1391 D WindowManager: interceptKeyTi keyCode=187 down=false repeatCount=0 keyguardOn=false mHomePressed=false canceled=false metaState:0
09-08 02:22:03.491  1109  1391 W QikuPhoneWindowManager: MiniScreen: ignore: KeyEvent { action=ACTION_UP, keyCode=KEYCODE_APP_SWITCH, scanCode=580, metaState=0, flags=0x48, repeatCount=0, eventTime=53335524, downTime=53335499, deviceId=2, source=0x101 }
09-08 02:22:03.491  1109  1391 I QikuPhoneWindowManager: qkIntercept: keyCode = 187 72
09-08 02:22:03.491  1109  1391 I QikuPhoneWindowManager: enter keycode_app_switch
09-08 02:22:03.491  1109  1391 I QikuPhoneWindowManager: open sysy switch virtual key
09-08 02:22:03.491  1468  1468 D SettingsInterface:  from settings cache , name = device_provisioned , value = 1
09-08 02:22:03.491 17376 17376 D CP_SysSetting: --------- unRegistered mTetherChangeReceiver----------
09-08 02:22:03.492 17376 17376 D ActivityThread: ACT-AM_ON_PAUSE_CALLED ActivityRecord{acd7a35 token=android.os.BinderProxy@eb75eca {com.android.settings/com.qiku.android.settings.activities.YLUsbSettings}}
09-08 02:22:03.494  1109  1529 D InputReader: InputReader:: getSwitchState lock 
09-08 02:22:03.494  1109  1529 D InputReader: InputReader::getStateLocked:: return 
09-08 02:22:03.498  1109  1529 D ActivityManager: Delay resumeKeyDispatchingLocked() to avoid deadlock.
09-08 02:22:03.499 10353 10353 D ActivityThread: SVC-Creating service: CreateServiceData{token=android.os.BinderProxy@8544370 className=com.coolcloud.android.client.aidl.CoolcloudSyncService packageName=com.qiku.android.cloudsync intent=null}
09-08 02:22:03.499 10353 10353 I CoolcloudSyncService: --------------------onCreate--------------------
09-08 02:22:03.501 17376 17376 D ActivityThread: ACT-PAUSE_ACTIVITY handled : 1 / android.os.BinderProxy@eb75eca
09-08 02:22:03.503  1109  1155 V ActivityManager: Broadcast: Intent { act=com.yulong.android.activity.resume.changed flg=0x40000010 (has extras) } ordered=false userid=-2 callerApp=ProcessRecord{41f62cd 1109:system/1000}
09-08 02:22:03.503  1109  1109 D AppOps  : noteOperation: allowing code 55 uid 1000 package android
09-08 02:22:03.504  1606  1606 I cleaner : SavePower MainActivity launcher!
09-08 02:22:03.504  1109  1109 D SettingsInterface:  from settings cache , name = finger_254915094 , value = null
09-08 02:22:03.504  1109  1109 D QikuFingerprintService: generateFingerEntity fingerIdCol=finger_254915094,fingerdatabaseKey=null
09-08 02:22:03.504  1109  1109 D QikuFingerprintService: generateFingerEntity fingerEntity after parse=fingerName=,wakeUp=,classname=,packagename=,userId=-1,extraData=Bundle[{}],slotId=0
09-08 02:22:03.504  1606  1606 D SettingsInterface:  from settings cache , name = isJunkFileCleanReminder , value = 1
09-08 02:22:03.504  1109  1109 D QikuFingerprintService: Please enroll your fingerprint or switch your finger.Settings.system.fingerid=NULL,databaseKey=null
09-08 02:22:03.504  1109  1109 D SettingsInterface:  from settings cache , name = finger_-887509397 , value = null
09-08 02:22:03.504  1468  1468 V PhoneStatusBar: onReceive: Intent { act=com.yulong.android.activity.resume.changed flg=0x40000010 (has extras) }
09-08 02:22:03.504  1109  1109 D QikuFingerprintService: generateFingerEntity fingerIdCol=finger_-887509397,fingerdatabaseKey=null
09-08 02:22:03.504  1109  1109 D QikuFingerprintService: generateFingerEntity fingerEntity after parse=fingerName=,wakeUp=,classname=,packagename=,userId=-1,extraData=Bundle[{}],slotId=0
09-08 02:22:03.504  1109  1109 D QikuFingerprintService: Please enroll your fingerprint or switch your finger.Settings.system.fingerid=NULL,databaseKey=null
09-08 02:22:03.504  1606  1606 I cleaner :  CleanTipsManager scanSwitcher=true, notificationBarShowing=false, scanResultByMB=835.0, scanTotalByMB=0.0, lastResultShown:true, if360SafeValid:true
09-08 02:22:03.505 10353 10353 D ActivityThread: SVC-CREATE_SERVICE handled : 0 / CreateServiceData{token=android.os.BinderProxy@8544370 className=com.coolcloud.android.client.aidl.CoolcloudSyncService packageName=com.qiku.android.cloudsync intent=null}
09-08 02:22:03.505 10353 10353 D ActivityThread: SVC-Calling onStartCommand: com.coolcloud.android.client.aidl.CoolcloudSyncService@10d06e9, flags=0, startId=1
09-08 02:22:03.505 10353 10353 I CoolcloudSyncService: --------------------onStartCommand--------------------com.qiku.android.sync.HOMECHANGED
09-08 02:22:03.505 10353 10353 D ActivityThread: SVC-SERVICE_ARGS handled : 0 / ServiceArgsData{token=android.os.BinderProxy@8544370 startId=1 args=Intent { act=com.qiku.android.sync.HOMECHANGED pkg=com.qiku.android.cloudsync }}
09-08 02:22:03.508 10353 10878 I CoolcloudSyncService: com.qiku.android.sync.HOMECHANGE
09-08 02:22:03.510  1109  1620 W PackageManager: checkUidPermission(): android.permission.STATUS_BAR of 10043 is denied.
09-08 02:22:03.510  1109  1620 V WindowManager: Looking for focus: 7 = Window{69932ec u0 StatusBar}, flags=-2122055608, canReceive=false
09-08 02:22:03.510  1109  1620 V WindowManager: findFocusedWindow: No focusable windows.
09-08 02:22:03.510  1109  4218 D ActivityManager: getContentProviderImpl: from caller=android.app.ApplicationThreadProxy@1657adb (pid=10353, userId=0) to get content provider com.android.contacts cpr=ContentProviderRecord{a19a08c u0 com.android.providers.contacts/.ContactsProvider2}
09-08 02:22:03.512  2037  2037 I Launcher: <<<<Launcher onNewIntent>>> intent = Intent { act=android.intent.action.MAIN cat=[android.intent.category.HOME] flg=0x10600000 cmp=com.yulong.android.launcher3/.Launcher (has extras) }
09-08 02:22:03.512  2037  2037 D ActivityThread: ACT-NEW_INTENT handled : 0 / NewIntentData{intents=[Intent { act=android.intent.action.MAIN cat=[android.intent.category.HOME] flg=0x10600000 cmp=com.yulong.android.launcher3/.Launcher (has extras) }] token=android.os.BinderProxy@d801ab9}
09-08 02:22:03.513 10353 10878 D ActivityThread: holder:android.app.IActivityManager$ContentProviderHolder@62628a5, holder.provider:android.content.ContentProviderProxy@33fc47a
09-08 02:22:03.513  2037  2037 V ActivityThread: Performing resume of ActivityRecord{63b0480 token=android.os.BinderProxy@d801ab9 {com.yulong.android.launcher3/com.yulong.android.launcher3.Launcher}}
09-08 02:22:03.513  2037  2037 I Launcher: <<<<Launcher onRestart>>>
09-08 02:22:03.513  2037  2037 I Launcher: <<<<Launcher onStart>>>
09-08 02:22:03.513  2037  2037 D Launcher: <<<<Launcher onResume>>>, isKeyguardLock = false, dragLayerAlpha = 1.0
09-08 02:22:03.513 20647 20660 D ContactsProvider: queryLocal uri = content://com.android.contacts/raw_contacts ,return cursor count = 858
09-08 02:22:03.514  2037  2037 D QHStatAgent_Session: onResume------->Launcher
09-08 02:22:03.514  2037  2037 E Widget3dMethodManager: resumeView
09-08 02:22:03.514  2037  2117 D QHStatAgent_Session: 上次会话时间为1473267333032,已经过5190482-30000
09-08 02:22:03.514  1109  2460 D AppOps  : noteOperation: allowing code 4 uid 10007 package com.android.providers.contacts
09-08 02:22:03.514  2037  2037 D Widget3D: onActivityResume
09-08 02:22:03.514  1109  2460 D AppOps  : noteOperation: allowing code 4 uid 10006 package com.qiku.android.cloudsync
09-08 02:22:03.514  2037  2037 D ActivityThread: ACT-AM_ON_RESUME_CALLED ActivityRecord{63b0480 token=android.os.BinderProxy@d801ab9 {com.yulong.android.launcher3/com.yulong.android.launcher3.Launcher}}
09-08 02:22:03.514  2037  2037 V ActivityThread: Resume ActivityRecord{63b0480 token=android.os.BinderProxy@d801ab9 {com.yulong.android.launcher3/com.yulong.android.launcher3.Launcher}} started activity: false, hideForNow: false, finished: false
09-08 02:22:03.514  2037  2037 V ActivityThread: Resuming ActivityRecord{63b0480 token=android.os.BinderProxy@d801ab9 {com.yulong.android.launcher3/com.yulong.android.launcher3.Launcher}} with isForward=true
09-08 02:22:03.514  1109  2460 D AppOps  : noteOperation: allowing code 4 uid 10007 package com.android.providers.contacts
09-08 02:22:03.514  1109  2460 D AppOps  : noteOperation: allowing code 4 uid 10006 package com.qiku.android.cloudsync
09-08 02:22:03.515 20647 20661 D ContactsProvider: query: uri=content://com.android.contacts/contacts, projection=[_id], selection=[null], args=null, order=[null], CPID=10353, User=0
09-08 02:22:03.515  2037  2037 V PhoneWindow: DecorView setVisiblity: visibility = 0 ,Parent =ViewRoot{b12f006 com.yulong.android.launcher3/com.yulong.android.launcher3.Launcher,ident = 0}, this =com.android.internal.policy.PhoneWindow$DecorView{88c565f V.E...... R.....ID 0,0-1080,1920}
09-08 02:22:03.515  2037  2037 V ActivityThread: Scheduling idle handler for ActivityRecord{63b0480 token=android.os.BinderProxy@d801ab9 {com.yulong.android.launcher3/com.yulong.android.launcher3.Launcher}}
09-08 02:22:03.515 20647 20661 D ContactsDatabaseHelper: isAllowToAccecssWithAppLock:true
09-08 02:22:03.515  2037  2037 D ActivityThread: ACT-RESUME_ACTIVITY handled : 1 / android.os.BinderProxy@d801ab9
09-08 02:22:03.515  2037  2202 D Launcher: resumePkg = com.yulong.android.launcher3, resumeActivity = com.yulong.android.launcher3.Launcher, launchedPkg = null
09-08 02:22:03.517 20647 20661 D ContactsProvider: isThirdpartyApp : result=false, uid=10006, pid=10353
09-08 02:22:03.518  2037  2117 D QHStatAgent_Session: Session已超时5190482毫秒，生成新Session，SessionContinueMillis=30000
09-08 02:22:03.518  1109  1620 W PackageManager: checkUidPermission(): android.yulong.permission.PRIVATE_CONTACT_2 of 10006 is denied.
09-08 02:22:03.519 20647 20661 D ContactsDatabaseHelper: hasAccessToRestrictedData permission1=0, permission2=-1
09-08 02:22:03.519 20647 20661 D huliang : view = view_contacts
09-08 02:22:03.521  2037  2117 D QHStatAgent_Session: {"session":"4a55115312655db0b0a7471a6fc06e8a","dntr":1269,"uptr":565,"createTime":1473267331086,"terminateTime":1473267333047,"activity":{"Launcher":1980}}
09-08 02:22:03.522  1917  1961 D QHStatAgent_HostContentProvider: 匹配成功
09-08 02:22:03.523 20811 20891 D SQLiteDatabase: beginTransaction()
09-08 02:22:03.523 20811 20891 D SQLiteDatabase: endTransaction()
09-08 02:22:03.527  1109  1989 W PackageManager: checkUidPermission(): android.permission.STATUS_BAR of 10043 is denied.
09-08 02:22:03.527  1109 20915 D PowerManagerService: releaseWakeLockInternal: lock=201353273 [*vibrator*], flags=0x0, total_time=69ms
09-08 02:22:03.527  1109 20915 D PowerManagerNotifier: onWakeLockReleased: flags=1, tag="*vibrator*", packageName=android, ownerUid=1000, ownerPid=1109, workSource=WorkSource{1000}
09-08 02:22:03.527  1109 20915 D PowerManagerService: updateWakeLockSummaryLocked: mWakefulness=Awake, mWakeLockSummary=0x1
09-08 02:22:03.527  1109 20915 D PowerManagerService: updateUserActivitySummaryLocked: mWakefulness=Awake, mUserActivitySummary=0x9, nextTimeout=53338501 (in 2909 ms)
09-08 02:22:03.527  1109 20915 D DisplayPowerController: requestPowerState: policy=BRIGHT, useProximitySensor=false, screenBrightness=102, screenAutoBrightnessAdjustment=0.0, brightnessSetByUser=true, useAutoBrightness=true, blockScreenOn=false, lowPowerMode=false, boostScreenBrightness=false, dozeScreenBrightness=-1, dozeScreenState=UNKNOWN, waitForNegativeProximity=false
09-08 02:22:03.528  1109 20915 D PowerManagerService: updateDisplayPowerStateLocked: mDisplayReady=true, policy=3, mWakefulness=1, mWakeLockSummary=0x1, mUserActivitySummary=0x9, mBootCompleted=true, mScreenBrightnessBoostInProgress=false
09-08 02:22:03.528   324   324 I BufferQueue: [unnamed-324-1057](this:0x7f78603400,id:1057,api:0,p:-1,c:-1) BufferQueue core=(324:/system/bin/surfaceflinger)
09-08 02:22:03.528  1109  1363 I DisplayPowerState: isRealyScreenOn is true
09-08 02:22:03.528  1109  1363 D PowerManagerService: getButtonLightValue : mForceButtonOn is true
09-08 02:22:03.528   324   324 I BufferQueueConsumer: [unnamed-324-1057](this:0x7f78603400,id:1057,api:0,p:-1,c:324) connect(C): consumer=(324:/system/bin/surfaceflinger) controlledByApp=false
09-08 02:22:03.528  1109  1363 I PowerManagerService: 3Button light brightness: 1
09-08 02:22:03.528   324   324 I BufferQueueConsumer: [unnamed-324-1057](this:0x7f78603400,id:1057,api:0,p:-1,c:324) setConsumerName: unnamed-324-1057
09-08 02:22:03.528   324   324 I BufferQueueConsumer: [com.yulong.android.launcher3/com.yulong.android.launcher3.Launcher](this:0x7f78603400,id:1057,api:0,p:-1,c:324) setConsumerName: com.yulong.android.launcher3/com.yulong.android.launcher3.Launcher
09-08 02:22:03.528   324   324 I BufferQueueConsumer: [com.yulong.android.launcher3/com.yulong.android.launcher3.Launcher](this:0x7f78603400,id:1057,api:0,p:-1,c:324) setDefaultBufferSize: width=1080 height=1920
09-08 02:22:03.528  1917  1961 D QHStatAgent_QHFile: 写入数据：H4sIAAAAAAAAAIVTS2rcQBC9ytCrBGRR/W9pZ0J2IYQQsglm6J8ywhppkDQT24MukFW2uYF3OZXvkaqxmcR4YbRpVb169ep3ZHMet23v58zqb0e2380jq7XRBUs9PbkwVfEP9KXdIpArK4WxUkpQtmBTnqZ26FnNlNeacy0xSusUIIC3ynJvmggmO88K5uPcHtr5ltVH9sHv+7jJlKZysBQsjvllEg7OLFco4naHZlmwTfaJgo6Mcj78+vPw8/7h9z2Sxw0aQBrgGjR44ADA0X4goBAlrL++/7wWwE0JruR6zXXNoRYGMcMOMcQxP+bmVkkNxrqChQFd+/66H370iJgOxFYi3UTckdWCo7zpJC4S9t1HgqGDoXi44ZUANMwtGf6j1mTdNmhFyfjssb4LpJpQLhRs59ETh215u++G/nvp+zQObSq7p7ZJUo1Z2ZMDf/PNTH3xHVorZwPwgF/mSVslqhxyZXSwOcjoG4RTyT6StDtWOxzAVlDKGH2WwYrcqNw4Y5QLNigpUiOshQrx1whrhOAWjMiVl5X1PEVPOWyyEKKJNOyBOoW9pjKpLzSWi8vTSMJ4Lrs7vD6djnpxt6EXVsytwf5Ekn95OcaNUatP4xBxD4dxNebDSq3eeH9yvKXcHIFJ8eRiqlwDEASojCsHVeVybJwSNrPl+XK+ust0L7lP623bde307CqkOHO1mSZ03nQc7uzH+WUQB41BaT/6+XRLdBHneaa8mzeEXparZfkL9Jk9grUDAAA=
09-08 02:22:03.529  1109  1989 V WindowManager: Looking for focus: 7 = Window{69932ec u0 StatusBar}, flags=-2122055608, canReceive=false
09-08 02:22:03.529  1109  1989 V WindowManager: findFocusedWindow: Found new focus @ 3 = Window{6a6547c u0 com.yulong.android.launcher3/com.yulong.android.launcher3.Launcher}
09-08 02:22:03.529  1109  1989 W WindowManager: Changing focus from null to Window{6a6547c u0 com.yulong.android.launcher3/com.yulong.android.launcher3.Launcher}
09-08 02:22:03.529  1109  1989 D WindowManager: Input focus has changed to Window{6a6547c u0 com.yulong.android.launcher3/com.yulong.android.launcher3.Launcher}
09-08 02:22:03.530  1468  1468 D PhoneStatusBar: setSystemUiVisibility vis=40008700 mask=ffffffff oldVal=4000a700 newVal=40008700 diff=2000
09-08 02:22:03.530  1468  1468 D PhoneStatusBar: setSystemUiVisibility diff & View.SYSTEM_UI_FLAG_LOW_PROFILE) != 0 ? : false
09-08 02:22:03.530  1468  1468 D PhoneStatusBar: setSystemUiVisibility allowLight ? true light is false
09-08 02:22:03.530  1468  1468 D PhoneStatusBar: hiding the MENU button
09-08 02:22:03.530 20647 20661 D ContactsProvider: queryLocal uri = content://com.android.contacts/contacts ,return cursor count = 722
09-08 02:22:03.531  1109  1250 I WindowManager: Focus moving from null to Window{6a6547c u0 com.yulong.android.launcher3/com.yulong.android.launcher3.Launcher}
09-08 02:22:03.531  1109  1250 I WindowManager: Gaining focus: Window{6a6547c u0 com.yulong.android.launcher3/com.yulong.android.launcher3.Launcher}
09-08 02:22:03.531  2037  2616 D OpenGLRenderer: CanvasContext() 0x7f7c31f000 initialize window=0x7f6a0a0010, title=com.yulong.android.launcher3/com.yulong.android.launcher3.Launcher
09-08 02:22:03.531  2037  2037 D Surface : Surface::allocateBuffers(this=0x7f6a0a0000)
09-08 02:22:03.531  2037  2616 D Surface : Surface::connect(this=0x7f6a0a0000,api=1)
09-08 02:22:03.531   324  3870 D BufferQueueProducer: [](this:0x7f78603400,id:1057,api:0,p:-1,c:324) allocateBuffers: allocating from 0 buffers up to 4 buffers
09-08 02:22:03.532   324  4102 I BufferQueueProducer: [com.yulong.android.launcher3/com.yulong.android.launcher3.Launcher](this:0x7f78603400,id:1057,api:1,p:2037,c:324) connect(P): api=1 producer=(2037:com.yulong.android.launcher3) producerControlledByApp=true
09-08 02:22:03.532  2037  2616 W libEGL  : [ANDROID_RECORDABLE] format: 1
09-08 02:22:03.532  2037  2616 D mali_winsys: new_window_surface returns 0x3000
09-08 02:22:03.533   324  3870 I [MALI][Gralloc]: [+]hnd(0x7f8148ad60), client(29), share_fd(38), hnd->flags:4
09-08 02:22:03.533 10353 10878 I [QiKuCloud][TransferGuide]: [Pid:10353][Tid:1110] showCount= 0,contactCount =722,curShowCount =0
09-08 02:22:03.533   324  3870 D GraphicBuffer: alloc, handle(0x7f8148ad60) (w:1080 h:1920 s:1088 f:0x1 u:0x000900) err(0)
09-08 02:22:03.533 10353 10878 I [QiKuCloud][ServiceKiller]: [Pid:10353][Tid:1110] kill syncservice!
09-08 02:22:03.535   324  3870 I [MALI][Gralloc]: [+]hnd(0x7f8195e5e0), client(29), share_fd(75), hnd->flags:4
09-08 02:22:03.535 10353 10353 D ActivityThread: SVC-Destroying service: com.coolcloud.android.client.aidl.CoolcloudSyncService@10d06e9
09-08 02:22:03.535 10353 10353 I CoolcloudSyncService: --------------------onDestroy--------------------
09-08 02:22:03.535   324  3870 D GraphicBuffer: alloc, handle(0x7f8195e5e0) (w:1080 h:1920 s:1088 f:0x1 u:0x000900) err(0)
09-08 02:22:03.535 10353 10353 D ActivityThread: SVC-STOP_SERVICE handled : 0 / android.os.BinderProxy@8544370
09-08 02:22:03.537   324  3870 I [MALI][Gralloc]: [+]hnd(0x7f8148a900), client(29), share_fd(108), hnd->flags:4
09-08 02:22:03.537   324  3870 D GraphicBuffer: alloc, handle(0x7f8148a900) (w:1080 h:1920 s:1088 f:0x1 u:0x000900) err(0)
09-08 02:22:03.539   324  3870 I [MALI][Gralloc]: [+]hnd(0x7f8195dfa0), client(29), share_fd(110), hnd->flags:4
09-08 02:22:03.539   324  3870 D GraphicBuffer: alloc, handle(0x7f8195dfa0) (w:1080 h:1920 s:1088 f:0x1 u:0x000900) err(0)
09-08 02:22:03.539   324  3870 D BufferQueueProducer: [com.yulong.android.launcher3/com.yulong.android.launcher3.Launcher](this:0x7f78603400,id:1057,api:1,p:2037,c:324) allocateBuffers: allocating from 4 buffers up to 4 buffers
09-08 02:22:03.539  1917  1961 D QHStatAgent_isManualMode: true
09-08 02:22:03.540  2037  2117 D QHStatAgent_SendToHost: 发送成功
09-08 02:22:03.540  2037  2037 D Launcher: coolshow_event, event has done = true
09-08 02:22:03.540  2037  2117 D QHStatAgent_Session: {"session":"4a55115312655db0b0a7471a6fc06e8a","dntr":1269,"uptr":565,"beginDntr":578095,"beginUptr":166393,"pauseTime":1473267333047,"createTime":1473267331086,"terminateTime":1473267333047,"activity":{"Launcher":1980}}
09-08 02:22:03.541  2037  2037 V InputMethodManager: onWindowFocus: null softInputMode=288 first=true flags=#d910100
09-08 02:22:03.541 20811 20891 D SQLiteDatabase: beginTransaction()
09-08 02:22:03.541  1109  1907 W PackageManager: checkUidPermission(): android.permission.READ_PRIVILEGED_PHONE_STATE of 10043 is denied.
09-08 02:22:03.541  2037  2037 V InputMethodManager: START INPUT: com.android.internal.policy.PhoneWindow$DecorView{88c565f V.E...... R.....ID 0,0-1080,1920} ic=null tba=android.view.inputmethod.EditorInfo@5bfb6d2 controlFlags=#104
09-08 02:22:03.541  1109  1530 V InputMethodManagerService: windowGainedFocus: android.os.BinderProxy@bb10949 controlFlags=#104 softInputMode=#120 windowFlags=#d910100
09-08 02:22:03.541 20811 20891 D SQLiteDatabase: endTransaction()
09-08 02:22:03.541  1109  2455 D AppOps  : noteOperation: allowing code 51 uid 10043 package com.yulong.android.launcher3
09-08 02:22:03.543  1109  2458 W PackageManager: checkUidPermission(): android.permission.READ_PRIVILEGED_PHONE_STATE of 10043 is denied.
09-08 02:22:03.544  1109  4299 D AppOps  : noteOperation: allowing code 51 uid 10043 package com.yulong.android.launcher3
09-08 02:22:03.555 20811 20891 D SQLiteDatabase: beginTransaction()
09-08 02:22:03.556 20811 20891 D SQLiteDatabase: endTransaction()
09-08 02:22:03.556  1109 29481 D AudioTrack: AudioTrackThread::pauseInternal: ns = 88366192
09-08 02:22:03.556  1109  4765 D AudioTrack: AudioTrackThread::pauseInternal: ns = 88367039
09-08 02:22:03.556   324   650 I BufferQueueProducer: [com.yulong.android.launcher3/com.yulong.android.launcher3.Launcher](this:0x7f78603400,id:1057,api:1,p:2037,c:324) new GraphicBuffer needed
09-08 02:22:03.556   324   650 D GraphicBuffer: free, handle(0x7f8195dfa0) (w:1080 h:1920 s:1088 f:0x1 u:0x000900)
09-08 02:22:03.556   324   650 I [MALI][Gralloc]: [-]hnd(0x7f8195dfa0), client(29), share_fd(110)
09-08 02:22:03.557  2037  2117 D QHStatAgent_Session: 更新会话时间为1473272523553
09-08 02:22:03.558   324   650 I [MALI][Gralloc]: [+]hnd(0x7f8195dfa0), client(29), share_fd(102), hnd->flags:4
09-08 02:22:03.558   324   650 D GraphicBuffer: alloc, handle(0x7f8195dfa0) (w:1080 h:1920 s:1088 f:0x1 u:0x000b00) err(0)
09-08 02:22:03.559  2037  2616 I [MALI][Gralloc]: [+]r_hnd(0x7f6a97c880), client(43), share_fd(66)
09-08 02:22:03.559  2037  2616 D GraphicBuffer: register, handle(0x7f6a97c880) (w:1080 h:1920 s:1088 f:0x1 u:0x000b00)
09-08 02:22:03.562 20811 20891 D SQLiteDatabase: beginTransaction()
09-08 02:22:03.562 20811 20891 D SQLiteDatabase: endTransaction()
09-08 02:22:03.564  2037  2117 D QHStatAgent_TimeCache: checkDateIsSame:TodayNumber,252-252
09-08 02:22:03.567  1468  1468 V WallpaperService: Visibility change in com.android.systemui.ImageWallpaper$DrawableEngine@a7a7729: 1
09-08 02:22:03.567  1109  1120 D PowerManagerService: releaseWakeLockInternal: lock=213966371 [*launch*], flags=0x0, total_time=87ms
09-08 02:22:03.568 20811 20891 D SQLiteDatabase: beginTransaction()
09-08 02:22:03.568  1109  1120 D PowerManagerNotifier: onWakeLockReleased: flags=1, tag="*launch*", packageName=android, ownerUid=1000, ownerPid=1109, workSource=WorkSource{10043}
09-08 02:22:03.568  1468  1468 V WallpaperService: onVisibilityChanged(true): com.android.systemui.ImageWallpaper$DrawableEngine@a7a7729
09-08 02:22:03.568  1109  1120 D PowerManagerService: updateWakeLockSummaryLocked: mWakefulness=Awake, mWakeLockSummary=0x0
09-08 02:22:03.568  1468  1468 V WallpaperService: Offsets change in com.android.systemui.ImageWallpaper$DrawableEngine@a7a7729: 0.0,0.0
09-08 02:22:03.568  1109  1120 D PowerManagerService: updateUserActivitySummaryLocked: mWakefulness=Awake, mUserActivitySummary=0x9, nextTimeout=53338501 (in 2868 ms)
09-08 02:22:03.568 20811 20891 D SQLiteDatabase: endTransaction()
09-08 02:22:03.568  1109  1120 D DisplayPowerController: requestPowerState: policy=BRIGHT, useProximitySensor=false, screenBrightness=102, screenAutoBrightnessAdjustment=0.0, brightnessSetByUser=true, useAutoBrightness=true, blockScreenOn=false, lowPowerMode=false, boostScreenBrightness=false, dozeScreenBrightness=-1, dozeScreenState=UNKNOWN, waitForNegativeProximity=false
09-08 02:22:03.568  1109  1120 D PowerManagerService: updateDisplayPowerStateLocked: mDisplayReady=true, policy=3, mWakefulness=1, mWakeLockSummary=0x0, mUserActivitySummary=0x9, mBootCompleted=true, mScreenBrightnessBoostInProgress=false
09-08 02:22:03.568  1109  1120 D PowerManagerService: Releasing suspend blocker "PowerManagerService.WakeLocks".
09-08 02:22:03.569  1109  1363 I DisplayPowerState: isRealyScreenOn is true
09-08 02:22:03.569  1109  1363 D PowerManagerService: getButtonLightValue : mForceButtonOn is true
09-08 02:22:03.569  1109  1363 I PowerManagerService: 3Button light brightness: 1
09-08 02:22:03.571  1109  1250 V WindowManager: Looking for focus: 7 = Window{69932ec u0 StatusBar}, flags=-2122055608, canReceive=false
09-08 02:22:03.571  1109  1250 V WindowManager: findFocusedWindow: Found new focus @ 3 = Window{6a6547c u0 com.yulong.android.launcher3/com.yulong.android.launcher3.Launcher}
09-08 02:22:03.571  2037  2117 D QHStatAgent: {"mo":"1505-A01","vc":21,"sv":"2.2.0s","ti":"14731743506750","os":"android","sc":"1080x1920","ov":"6.0","m1":"d41d8cd98f00b204e9800998ecf8427e","cp":"AArch64 Processor rev 4 (aarch64)","m2":"cccae3b72ef4ef86648b7b432df27709","sn":0,"ls":1761,"ts":4,"bo":"unknown","ct":1473174350678,"op":"","co":"CN","n":"启动器","ne":-1,"mf":"360","br":"360","la":"zh","ch":"036015050a010001","pa":"com.yulong.android.launcher3","k":"f2217062e9a397a1dca429e7d70bc6ca","vn":"22.0_VER_2016.08.15_15:10:26","lv":"22.0_VER_2016.08.15_15:10:26","ext":{"tz":8,"p":"ac","al":"987b01b1b1e1d57429ebe965b7eb3caf"}}
09-08 02:22:03.571  1917  2000 D QHStatAgent_HostContentProvider: 匹配成功
09-08 02:22:03.572  1468  1468 D PhoneStatusBar: setSystemUiVisibility vis=40000700 mask=ffffffff oldVal=40008700 newVal=40000700 diff=8000
09-08 02:22:03.572  1468  1468 D PhoneStatusBar: setSystemUiVisibility diff & View.SYSTEM_UI_FLAG_LOW_PROFILE) != 0 ? : false
09-08 02:22:03.572  1468  1468 D PhoneStatusBar: setSystemUiVisibility allowLight ? true light is false
09-08 02:22:03.573  1468  1468 D PhoneStatusBar: hiding the MENU button
09-08 02:22:03.573  1468  1468 V PhoneStatusBarPolicy: updateManagedProfile: mManagedProfileFocused: false mKeyguardVisible: false
09-08 02:22:03.573 20811 20891 D SQLiteDatabase: beginTransaction()
09-08 02:22:03.573 20811 20891 D SQLiteDatabase: endTransaction()
09-08 02:22:03.577 17376 18536 D Surface : Surface::disconnect(this=0x7f9a960c00,api=1)
09-08 02:22:03.577   324   324 D MALI    : eglCreateImageKHR:511: [Crop] 0 0 0 0  img[1080 1920] 
09-08 02:22:03.577   324  1953 I BufferQueueProducer: [com.android.settings/com.qiku.android.settings.activities.YLUsbSettings](this:0x7f77dc5c00,id:1049,api:1,p:-1,c:324) disconnect(P): api 1
09-08 02:22:03.578 20811 20891 D SQLiteDatabase: beginTransaction()
09-08 02:22:03.578   324  1953 I BufferQueueConsumer: [com.android.settings/com.qiku.android.settings.activities.YLUsbSettings](this:0x7f77dc5c00,id:1049,api:1,p:-1,c:324) getReleasedBuffers: returning mask 0xffffffffffffffff
09-08 02:22:03.578   324  1953 D GraphicBuffer: free, handle(0x7f81489140) (w:1080 h:1920 s:1088 f:0x1 u:0x000b00)
09-08 02:22:03.578 20811 20891 D SQLiteDatabase: endTransaction()
09-08 02:22:03.578   324  1953 I [MALI][Gralloc]: [-]hnd(0x7f81489140), client(29), share_fd(77)
09-08 02:22:03.578   324  1953 D GraphicBuffer: free, handle(0x7f8148a4a0) (w:1080 h:1920 s:1088 f:0x1 u:0x000b00)
09-08 02:22:03.578   324  1953 I [MALI][Gralloc]: [-]hnd(0x7f8148a4a0), client(29), share_fd(48)
09-08 02:22:03.579 17376 18536 D GraphicBuffer: unregister, handle(0x7f8f40f6a0) (w:1080 h:1920 s:1088 f:0x1 u:0x000b00)
09-08 02:22:03.579 17376 18536 I [MALI][Gralloc]: [-]r_hnd(0x7f8f40f6a0), client(24), share_fd(43)
09-08 02:22:03.579 17376 18536 D GraphicBuffer: unregister, handle(0x7f8f48f680) (w:1080 h:1920 s:1088 f:0x1 u:0x000b00)
09-08 02:22:03.580 17376 18536 I [MALI][Gralloc]: [-]r_hnd(0x7f8f48f680), client(24), share_fd(37)
09-08 02:22:03.580 17376 18536 D GraphicBuffer: unregister, handle(0x7f8f4a13c0) (w:1080 h:1920 s:1088 f:0x1 u:0x000b00)
09-08 02:22:03.580 17376 18536 I [MALI][Gralloc]: [-]r_hnd(0x7f8f4a13c0), client(24), share_fd(39)
09-08 02:22:03.580 17376 18536 D GraphicBuffer: unregister, handle(0x7f8f4a1460) (w:1080 h:1920 s:1088 f:0x1 u:0x000b00)
09-08 02:22:03.581 17376 18536 I [MALI][Gralloc]: [-]r_hnd(0x7f8f4a1460), client(24), share_fd(41)
09-08 02:22:03.581 17376 18536 D Surface : Surface::disconnect(this=0x7f9a960c00,api=1)
09-08 02:22:03.581   324  4102 I BufferQueueProducer: [com.android.settings/com.qiku.android.settings.activities.YLUsbSettings](this:0x7f77dc5c00,id:1049,api:1,p:-1,c:324) disconnect(P): api 1
