09-08 02:21:56.252  1468  1468 D BaseStatusBar: notification is for you
09-08 02:21:56.260  1468  1468 D BaseStatusBarQK: isPhoneStateIDLE mPhoneIdle1 = true mPhoneIdle2 = true
09-08 02:21:56.260  1468  1468 D PanelView: PanelView---onLayout()
09-08 02:21:56.260  1468  1468 D BaseStatusBarQK: isPhoneStateIDLE mPhoneIdle1 = true mPhoneIdle2 = true
09-08 02:21:56.260  1468  1468 D PanelView: NotificationPanelView---onLayout---mKeyguardShowing = false , mHeader.getCollapsedHeight() = 114 , mQsPeekHeight = 24 , mQsMinExpansionHeight = 585 ,mQsContainerHeight = 1029
09-08 02:21:56.260  1468  1468 D QSPanelContainer:  QSPanelContainer mExpandedHeight=585.0
09-08 02:21:56.260  1468  1468 D PanelView: NotificationPanelView---setQsExpansion(float height)---height = 585.0height > mQsMinExpansionHeight = false , mQsMinExpansionHeight = 585 , !mQsExpanded = true , !mStackScrollerOverscrolling = true , height <= mQsMinExpansionHeight = true
09-08 02:21:56.260  1468  1468 D PanelView: NotificationPanelView---setQsTranslation !mHeaderAnimatingIn = true , !mKeyguardShowing = true
09-08 02:21:56.260  1468  1468 D PanelView: NotificationPanelView---onLayout---mQsMinExpansionHeight + mLastOverscroll = 585.0
09-08 02:21:56.260  1468  1468 D PanelView: NotificationPanelView---updateHeaderShade()---mQsExpansionHeight = 585.0
09-08 02:21:56.260  1468  1468 D PanelView: NotificationPanelView---setQsTranslation !mHeaderAnimatingIn = true , !mKeyguardShowing = true
09-08 02:21:56.261 23041 18998 I XMPP    : [XmppManager] [cid-e8458d005acc85d4011608bf1adec2d0@861337030035608][111.206.248.114:5228][61] fire done
09-08 02:21:56.271 20673 20696 I System  : FinalizerDaemon: finalize objects = 1
09-08 02:21:56.280  1109 29481 D AudioTrack: AudioTrackThread::pauseInternal: ns = 88366192
09-08 02:21:56.280  1109  4765 D AudioTrack: AudioTrackThread::pauseInternal: ns = 88366115
09-08 02:21:56.368  1109  4765 D AudioTrack: AudioTrackThread::pauseInternal: ns = 88365808
09-08 02:21:56.368  1109 29481 D AudioTrack: AudioTrackThread::pauseInternal: ns = 88365731
09-08 02:21:56.457  1109  4765 D AudioTrack: AudioTrackThread::pauseInternal: ns = 88365884
09-08 02:21:56.457  1109 29481 D AudioTrack: AudioTrackThread::pauseInternal: ns = 88366038
09-08 02:21:56.513   329   615 D MAL-Daemon: URC = (+ECSQ: 25,41,1,1,1,-30,-398,7,67,3
09-08 02:21:56.513   329   615 D MAL-Daemon: )
09-08 02:21:56.513   329   615 W MAL-Daemon: event_get_last_addr(): No data available!!
09-08 02:21:56.514   329   615 W MAL-Daemon: event_get_last_addr(): No data available!!
09-08 02:21:56.514   329   607 I MAL-Daemon: [RDS-I][RU][rds_ru_task] RCV Event: 104 
09-08 02:21:56.514   329   607 I MAL-Daemon: [RDS-I][RDS][rds_ru_urc_hdlr] get URC: +ECSQ: 25,41,1,1,1,-30,-398,7,67,3
09-08 02:21:56.514   329   607 I MAL-Daemon: 
09-08 02:21:56.514   329   607 I MAL-Daemon: [RDS-I][RDS][ru_parse_3gppsigval] 3gppsigval #args act<7>
09-08 02:21:56.514   329   607 I MAL-Daemon: [RDS-I][RDS][RU][rds_ru_urc_hdlr] Update 3GPP STATUS rsrp<-100> regstat<6> 
09-08 02:21:56.514   329   607 I MAL-Daemon: [RDS-I][RDS][RU][rds_ru_urc_hdlr] ru_check_ctx_ptr<0xf68fbaf4, 0xf68fbaf4>
09-08 02:21:56.514   329   607 I MAL-Daemon: [RDS-I][RDS][RU][ru_send_event_entity] send event 605 to 602
09-08 02:21:56.514   329   607 I MAL-Daemon: [RDS-I][RU][rds_ru_task] RCV Event: 605 
09-08 02:21:56.514   329   607 I MAL-Daemon: [RDS-I][RU][EVENT_RU_DM_3GPP_STATUS_IND] i4ltersrp:-100 u43gpp_status:0x6
09-08 02:21:56.514   329   607 E MAL-Daemon: [RDS-E][RU][EVENT_RU_DM_3GPP_STATUS_IND] Invalid u43gpp_status:0x6
09-08 02:21:56.514   329   607 I MAL-Daemon: [RDS-I][RU][rds_ru_rpl_gen][RDS][OP2] TYPE : <0>, UI Policy : <3>, RDS Policy : <3>
09-08 02:21:56.514   329   607 I MAL-Daemon: [RDS-I][RDS][OP][rds_op_check_feature] operator id(2) check feature<6>, curr_opmsk is <1>, sys_opmsk is <0x0001, 1>
09-08 02:21:56.514   329   607 I MAL-Daemon: [RDS-I][RU][rds_ru_rpl_gen][RDS][OP2] TYPE : <0>, RAN1 : <255> ,RAN2 : <255>
09-08 02:21:56.514   329   607 I MAL-Daemon: [RDS-I][RU][rds_ru_rpl_gen][RDS][OP2] TYPE : <1>, UI Policy : <3>, RDS Policy : <3>
09-08 02:21:56.514   329   607 I MAL-Daemon: [RDS-I][RDS][OP][rds_op_check_feature] operator id(2) check feature<6>, curr_opmsk is <1>, sys_opmsk is <0x0001, 1>
09-08 02:21:56.514   329   607 I MAL-Daemon: [RDS-I][RU][rds_ru_rpl_gen][RDS][OP2] TYPE : <1>, RAN1 : <255> ,RAN2 : <255>
09-08 02:21:56.514   329   607 I MAL-Daemon: [RDS-I][RU][rds_ru_rpl_gen][RDS][OP2] TYPE : <2>, UI Policy : <3>, RDS Policy : <3>
09-08 02:21:56.514   329   607 I MAL-Daemon: [RDS-I][RDS][OP][rds_op_check_feature] operator id(2) check feature<6>, curr_opmsk is <1>, sys_opmsk is <0x0001, 1>
09-08 02:21:56.514   329   607 I MAL-Daemon: [RDS-I][RU][rds_ru_rpl_gen][RDS][OP2] TYPE : <2>, RAN1 : <255> ,RAN2 : <255>
09-08 02:21:56.514   329   607 I MAL-Daemon: [RDS-I][RU][rds_ru_rpl_gen][RDS][OP2] TYPE : <3>, UI Policy : <3>, RDS Policy : <3>
09-08 02:21:56.514   329   607 I MAL-Daemon: [RDS-I][RU][rds_ru_rpl_gen][RDS][OP2] TYPE : <3>, RAN1 : <255> ,RAN2 : <255>
09-08 02:21:56.514   329   607 I MAL-Daemon: [RDS-I][RU][rds_ru_rpl_gen][RDS][OP2] TYPE : <4>, UI Policy : <3>, RDS Policy : <3>
09-08 02:21:56.514   329   607 I MAL-Daemon: [RDS-I][RU][rds_ru_rpl_gen][RDS][OP2] TYPE : <4>, RAN1 : <255> ,RAN2 : <255>
09-08 02:21:56.514   329   607 I MAL-Daemon: [RDS-I][RU][rds_ru_rpl_gen][RDS][OP2] TYPE : <5>, UI Policy : <3>, RDS Policy : <3>
09-08 02:21:56.514   329   607 I MAL-Daemon: [RDS-I][RU][rds_ru_rpl_gen][RDS][OP2] TYPE : <5>, RAN1 : <255> ,RAN2 : <255>
09-08 02:21:56.514   329   607 I MAL-Daemon: [RDS-I][RU][rds_ru_rpl_gen][RDS][OP2] TYPE : <6>, RAN1 : <254> ,RAN2 : <254>
09-08 02:21:56.514   329   607 I MAL-Daemon: [RDS-I][RDS][OP][rds_op_check_feature] operator id(2) check feature<0>, curr_opmsk is <1>, sys_opmsk is <0x0001, 1>
09-08 02:21:56.514   329   607 I MAL-Daemon: [RDS-I][RU][rds_ru_ims_vops_update][RDS IMS]Policy type: 0 IMS VOPS IE is Disabled, update IMS RPL from Ori:(255, 255) New:(255,255)
09-08 02:21:56.514   329   607 I MAL-Daemon: [RDS-I][RU][rds_ru_ims_vops_update][RDS IMS]Policy type: 1 IMS VOPS IE is Disabled, update IMS RPL from Ori:(255, 255) New:(255,255)
09-08 02:21:56.514   329   607 I MAL-Daemon: [RDS-I][RU][rds_ru_ims_vops_update][RDS IMS]Policy type: 2 IMS VOPS IE is Disabled, update IMS RPL from Ori:(255, 255) New:(255,255)
09-08 02:21:56.514   329   607 I MAL-Daemon: [RDS-I][RU][rds_ru_rpl_gen][RDS] Current policy: fgimsolte_en<0>, fgwfc_en<0>, erdspolicy<3>, 
09-08 02:21:56.514   329   607 I MAL-Daemon: [RDS-I][RU][rds_ru_rpl_gen][RDS] Threshold i4wifirssih<-75>, i4wifirssil<-85>, i4wifirssih_ho<-78>, i4wifirssil_ho<-88>, i4ltersrph<-106>, i4ltersrpm<-111>, i4ltersrpl<-116>
09-08 02:21:56.514   329   607 I MAL-Daemon: [RDS-I][RU][rds_ru_rpl_gen][RDS] current rds ru status: i4wifirssi<-127>, i4ltersrp<-100>, u4active_ran<0> 
09-08 02:21:56.515   329   607 I MAL-Daemon: [RDS-I][RU][rds_ru_rpl_gen][RDS] Call stat : IR92<0>, IR94<0> 
09-08 02:21:56.515   329   607 I MAL-Daemon: [RDS-I][RU][RDS IMS/MMS][rds_ru_rpl_gen] Ori:(255,255)/(255,255) New:(255,255)/(255,255)
09-08 02:21:56.515   329   607 I MAL-Daemon: [RDS-I][RU][RDS IMS/MMS WIFI][rds_ru_rpl_gen] Ori:(255,255)/(255,255) New:(255,255)/(255,255)
09-08 02:21:56.515   329   607 I MAL-Daemon: [RDS-I][RU][RDS IMS/MMS CELL][rds_ru_rpl_gen] Ori:(255,255)/(255,255) New:(255,255)/(255,255)
09-08 02:21:56.515   329   607 I MAL-Daemon: [RDS-I][RU][RDS EMG][rds_ru_rpl_gen] Ori:(254,254) New:(254,254)
09-08 02:21:56.515   329   566 D MAL-Daemon: atmngr_urc_hdl(): [AT_URC] "
09-08 02:21:56.515   329   566 D MAL-Daemon: +ECSQ: 25,41,1,1,1,-30,-398,7,67,3
09-08 02:21:56.515   329   566 D MAL-Daemon: "!!
09-08 02:21:56.522  1468  1810 D MobileSignalController: onSignalStrengthsChanged signalStrength = SignalStrength: 0 41 -120 -2560 -120 -1 8 99 -99 -7 167 2147483647 gsm|lte 1 1 1 level=4 mCurrentState.slotId = 1
09-08 02:21:56.523  1468  1810 D MobileSignalController: getNetworkTypeLevel networkType = 13 nLevel = 4 isGsm = true
09-08 02:21:56.524  1468  1810 D MobileSignalController: getNetworkTypeLevel networkType = 13 nLevel = 4 isGsm = true
09-08 02:21:56.524  1468  1810 D MobileSignalController: updateSignalStrength strengthLvl is 4 strengSlaveLvl is 4 mCurrentState.slotId = 1
09-08 02:21:56.524  1468  1810 D MobileSignalController: calculateSignalStrength single signals-------- isSEDRegion: false mCurrentState.slotId = 1
09-08 02:21:56.524  1109  2458 V ActivityManager: Broadcast sticky: Intent { act=android.intent.action.SIG_STR flg=0x20000010 (has extras) } ordered=false userid=-1 callerApp=ProcessRecord{41f62cd 1109:system/1000}
09-08 02:21:56.531  1946  3570 D SettingsInterface:  from settings cache , name = multi_sim_voice_call , value = -2
09-08 02:21:56.534  1468  1810 D MobileSignalController: updateImsRegState mCurrentState.slotId = 1 mCurrentState.subId = 3 mDataNetType = 13 mIMSState = 1mCurrentState.subId = 3 volteState = 4 enabled = false
09-08 02:21:56.534  1468  1810 D MobileSignalController: isRoaming is not cdma
09-08 02:21:56.534  1468  1810 D MobileSignalController: isRoaming is not cdma
09-08 02:21:56.534  1468  1810 D NetworkController: notifyListenersIfNecessary isDirty = false
09-08 02:21:56.534  1468  1810 D MobileSignalController: updateTelephony mCurrentState.slotId = 1 mCurrentState.subId = 3 mServiceState = 0 0 voice home data home 中国联通 CU-GSM 46001 中国联通 CU-GSM 46001  LTE LTE CSS not supported 0 0 RoamInd=-1 DefRoamInd=-1 EmergOnly=false Ril Voice Regist state: 1 Ril Data Regist state: 1 mProprietaryDataRadioTechnology: 0 VoiceRejectCause: 0 DataRejectCause: -1 IsDataRoamingFromRegistration=false mSignalStrength = SignalStrength: 0 41 -120 -2560 -120 -1 8 99 -99 -7 167 2147483647 gsm|lte 1 1 1 mDataState = 2
09-08 02:21:56.546  1109 29481 D AudioTrack: AudioTrackThread::pauseInternal: ns = 88365962
09-08 02:21:56.546  1109  4765 D AudioTrack: AudioTrackThread::pauseInternal: ns = 88365731
09-08 02:21:56.634  1109 29481 D AudioTrack: AudioTrackThread::pauseInternal: ns = 88365423
09-08 02:21:56.634  1109  4765 D AudioTrack: AudioTrackThread::pauseInternal: ns = 88365654
09-08 02:21:56.723  1109  4765 D AudioTrack: AudioTrackThread::pauseInternal: ns = 88365884
09-08 02:21:56.723  1109 29481 D AudioTrack: AudioTrackThread::pauseInternal: ns = 88365884
09-08 02:21:56.811  1109  4765 D AudioTrack: AudioTrackThread::pauseInternal: ns = 88365730
09-08 02:21:56.811  1109 29481 D AudioTrack: AudioTrackThread::pauseInternal: ns = 88365653
09-08 02:21:56.900  1109  4765 D AudioTrack: AudioTrackThread::pauseInternal: ns = 88365346
09-08 02:21:56.900  1109 29481 D AudioTrack: AudioTrackThread::pauseInternal: ns = 88365192
09-08 02:21:56.989  1109 29481 D AudioTrack: AudioTrackThread::pauseInternal: ns = 88365654
09-08 02:21:56.989  1109  4765 D AudioTrack: AudioTrackThread::pauseInternal: ns = 88365731
09-08 02:21:57.041  1946  1946 D SettingsInterface:  from settings cache , name = pdp_watchdog_poll_interval_ms , value = null
09-08 02:21:57.042  1468  1810 D MobileSignalController: onDataActivity: direction=3 mCurrentState.slotId = 0
09-08 02:21:57.042  1468  1810 D NetworkController: Change in state from: connected=true,enabled=true,level=4,inetCondition=1,iconGroup=IconGroup(Unknown),activityIn=false,activityOut=false,rssi=0,lastModified=09-08 02:21:56,dataSim=false,networkName=中国联通,networkNameData=中国联通,dataConnected=false,isDefault=true,isEmergency=false,airplaneMode=false,carrierNetworkChangeMode=false
09-08 02:21:57.042  1468  1810 D NetworkController: 	to: connected=true,enabled=true,level=4,inetCondition=1,iconGroup=IconGroup(Unknown),activityIn=true,activityOut=true,rssi=0,lastModified=09-08 02:21:56,dataSim=false,networkName=中国联通,networkNameData=中国联通,dataConnected=false,isDefault=true,isEmergency=false,airplaneMode=false,carrierNetworkChangeMode=false
09-08 02:21:57.042  1468  1810 D NetworkController: notifyListenersIfNecessary isDirty = true
09-08 02:21:57.043  1468  1810 D NetworkController: Change in state from: connected=true,enabled=true,level=4,inetCondition=1,iconGroup=IconGroup(Unknown),activityIn=false,activityOut=false,rssi=0,lastModified=09-08 02:21:56,dataSim=false,networkName=中国联通,networkNameData=中国联通,dataConnected=false,isDefault=true,isEmergency=false,airplaneMode=false,carrierNetworkChangeMode=false
09-08 02:21:57.043  1468  1810 D NetworkController: 	to: connected=true,enabled=true,level=4,inetCondition=1,iconGroup=IconGroup(Unknown),activityIn=true,activityOut=true,rssi=0,lastModified=09-08 02:21:56,dataSim=false,networkName=中国联通,networkNameData=中国联通,dataConnected=false,isDefault=true,isEmergency=false,airplaneMode=false,carrierNetworkChangeMode=false
09-08 02:21:57.043  1468  1810 D MobileSignalController: notifyListeners 0525  mCurrentState.slotId = 0 mCurrentState.subId = 2 mCurrentState.signalStrengthLvl = 4 signalStrengSlaveLvl = 4 mCurrentState.signalType = 1 mCurrentState.signalTypeEx = 1 mCurrentState.signalSingleMode = true mCurrentState.isRoaming = false mCurrentState.isPoweroff = false mCurrentState.dataSim = false
09-08 02:21:57.043  1468  1810 D MobileSignalController: notifyListeners 0525  mCurrentState.slotId = 0 mCurrentState.subId = 2mCurrentState.dataConnected = false mCurrentState.dataType = 0 mCurrentState.activity = 3
09-08 02:21:57.043  1468  1468 D QikuSignalClusterView: setMobileIndicators signalView.getSubId = 2 signalView.getSlotId = 0 mainStrength = 4 slaveStrength = 4 mainType = 1 slaveType = 1 isSingleMode = true isRoaming = false isPoweroff = false subId = 2 isDataSim = false
09-08 02:21:57.043  1468  1468 D QikuMultiSignalView: SetDataNetworkVisible mSlotId = 0 mSubId = 2 visibile = false
09-08 02:21:57.043  1468  1468 D QikuMultiSignalView: SetDataNetworkVisible mSlotId = 1 mSubId = 3 visibile = true
09-08 02:21:57.043  1468  1468 D QikuSignalClusterView: setMobileIndicators signalView.getSubId = 2 signalView.getSlotId = 0 mainStrength = 4 slaveStrength = 4 mainType = 1 slaveType = 1 isSingleMode = true isRoaming = false isPoweroff = false subId = 2 isDataSim = false
09-08 02:21:57.043  1468  1468 D QikuMultiSignalView: SetDataNetworkVisible mSlotId = 0 mSubId = 2 visibile = false
09-08 02:21:57.043  1468  1468 D QikuMultiSignalView: SetDataNetworkVisible mSlotId = 1 mSubId = 3 visibile = true
09-08 02:21:57.043  1468  1468 D QikuSignalClusterView: setMobileIndicators signalView.getSubId = 2 signalView.getSlotId = 0 mainStrength = 4 slaveStrength = 4 mainType = 1 slaveType = 1 isSingleMode = true isRoaming = false isPoweroff = false subId = 2 isDataSim = false
09-08 02:21:57.043  1468  1468 D QikuMultiSignalView: SetDataNetworkVisible mSlotId = 0 mSubId = 2 visibile = false
09-08 02:21:57.043  1468  1468 D QikuMultiSignalView: SetDataNetworkVisible mSlotId = 1 mSubId = 3 visibile = true
09-08 02:21:57.044  1468  1468 D QikuSignalClusterView: setDataNetworkIndicators dataConnected = false dataType = 0 dataActivityId = 3 subId : 2
09-08 02:21:57.044  1468  1468 D QikuMultiSignalView: SetDataNetworkVisible mSlotId = 0 mSubId = 2 visibile = false
09-08 02:21:57.044  1468  1468 D QikuMultiSignalView: SetDataNetworkVisible mSlotId = 1 mSubId = 3 visibile = true
09-08 02:21:57.044  1468  1468 D QikuSignalClusterView: setDataNetworkIndicators dataConnected = false dataType = 0 dataActivityId = 3 subId : 2
09-08 02:21:57.044  1468  1468 D QikuMultiSignalView: SetDataNetworkVisible mSlotId = 0 mSubId = 2 visibile = false
09-08 02:21:57.044  1468  1468 D QikuMultiSignalView: SetDataNetworkVisible mSlotId = 1 mSubId = 3 visibile = true
09-08 02:21:57.044  1468  1468 D QikuSignalClusterView: setDataNetworkIndicators dataConnected = false dataType = 0 dataActivityId = 3 subId : 2
09-08 02:21:57.044  1468  1468 D QikuMultiSignalView: SetDataNetworkVisible mSlotId = 0 mSubId = 2 visibile = false
09-08 02:21:57.044  1468  1468 D QikuMultiSignalView: SetDataNetworkVisible mSlotId = 1 mSubId = 3 visibile = true
09-08 02:21:57.044  1468  1810 D MobileSignalController: onDataActivity: direction=3 mCurrentState.slotId = 1
09-08 02:21:57.045  1468  1810 D NetworkController: Change in state from: connected=true,enabled=true,level=4,inetCondition=1,iconGroup=IconGroup(4G),activityIn=false,activityOut=false,rssi=0,lastModified=09-08 02:21:56,dataSim=true,networkName=中国联通,networkNameData=中国联通,dataConnected=true,isDefault=true,isEmergency=false,airplaneMode=false,carrierNetworkChangeMode=false
09-08 02:21:57.045  1468  1810 D NetworkController: 	to: connected=true,enabled=true,level=4,inetCondition=1,iconGroup=IconGroup(4G),activityIn=true,activityOut=true,rssi=0,lastModified=09-08 02:21:56,dataSim=true,networkName=中国联通,networkNameData=中国联通,dataConnected=true,isDefault=true,isEmergency=false,airplaneMode=false,carrierNetworkChangeMode=false
09-08 02:21:57.045  1468  1810 D NetworkController: notifyListenersIfNecessary isDirty = true
09-08 02:21:57.045  1468  1810 D NetworkController: Change in state from: connected=true,enabled=true,level=4,inetCondition=1,iconGroup=IconGroup(4G),activityIn=false,activityOut=false,rssi=0,lastModified=09-08 02:21:56,dataSim=true,networkName=中国联通,networkNameData=中国联通,dataConnected=true,isDefault=true,isEmergency=false,airplaneMode=false,carrierNetworkChangeMode=false
09-08 02:21:57.045  1468  1810 D NetworkController: 	to: connected=true,enabled=true,level=4,inetCondition=1,iconGroup=IconGroup(4G),activityIn=true,activityOut=true,rssi=0,lastModified=09-08 02:21:56,dataSim=true,networkName=中国联通,networkNameData=中国联通,dataConnected=true,isDefault=true,isEmergency=false,airplaneMode=false,carrierNetworkChangeMode=false
09-08 02:21:57.046  1468  1810 D MobileSignalController: notifyListeners 0525  mCurrentState.slotId = 1 mCurrentState.subId = 3 mCurrentState.signalStrengthLvl = 4 signalStrengSlaveLvl = 4 mCurrentState.signalType = 13 mCurrentState.signalTypeEx = 13 mCurrentState.signalSingleMode = true mCurrentState.isRoaming = false mCurrentState.isPoweroff = false mCurrentState.dataSim = true
09-08 02:21:57.046  1468  1810 D MobileSignalController: notifyListeners 0525  mCurrentState.slotId = 1 mCurrentState.subId = 3mCurrentState.dataConnected = true mCurrentState.dataType = 13 mCurrentState.activity = 3
09-08 02:21:57.046  1468  1468 D QikuSignalClusterView: setMobileIndicators signalView.getSubId = 3 signalView.getSlotId = 1 mainStrength = 4 slaveStrength = 4 mainType = 13 slaveType = 13 isSingleMode = true isRoaming = false isPoweroff = false subId = 3 isDataSim = true
09-08 02:21:57.046  1468  1468 D QikuMultiSignalView: SetDataNetworkVisible mSlotId = 0 mSubId = 2 visibile = false
09-08 02:21:57.046  1468  1468 D QikuMultiSignalView: SetDataNetworkVisible mSlotId = 1 mSubId = 3 visibile = true
09-08 02:21:57.046  1468  1468 D QikuSignalClusterView: setMobileIndicators signalView.getSubId = 3 signalView.getSlotId = 1 mainStrength = 4 slaveStrength = 4 mainType = 13 slaveType = 13 isSingleMode = true isRoaming = false isPoweroff = false subId = 3 isDataSim = true
09-08 02:21:57.046  1468  1468 D QikuMultiSignalView: SetDataNetworkVisible mSlotId = 0 mSubId = 2 visibile = false
09-08 02:21:57.046  1468  1468 D QikuMultiSignalView: SetDataNetworkVisible mSlotId = 1 mSubId = 3 visibile = true
09-08 02:21:57.047  1468  1468 D QikuSignalClusterView: setMobileIndicators signalView.getSubId = 3 signalView.getSlotId = 1 mainStrength = 4 slaveStrength = 4 mainType = 13 slaveType = 13 isSingleMode = true isRoaming = false isPoweroff = false subId = 3 isDataSim = true
09-08 02:21:57.047  1468  1468 D QikuMultiSignalView: SetDataNetworkVisible mSlotId = 0 mSubId = 2 visibile = false
09-08 02:21:57.047  1468  1468 D QikuMultiSignalView: SetDataNetworkVisible mSlotId = 1 mSubId = 3 visibile = true
09-08 02:21:57.047  1468  1468 D QikuSignalClusterView: setDataNetworkIndicators dataConnected = true dataType = 13 dataActivityId = 3 subId : 3
09-08 02:21:57.047  1468  1468 D QikuMultiSignalView: SetDataNetworkVisible mSlotId = 0 mSubId = 2 visibile = false
09-08 02:21:57.047  1468  1468 D QikuMultiSignalView: SetDataNetworkVisible mSlotId = 1 mSubId = 3 visibile = true
09-08 02:21:57.047  1468  1468 D QikuSignalClusterView: setDataNetworkIndicators dataConnected = true dataType = 13 dataActivityId = 3 subId : 3
09-08 02:21:57.047  1468  1468 D QikuMultiSignalView: SetDataNetworkVisible mSlotId = 0 mSubId = 2 visibile = false
09-08 02:21:57.048  1468  1468 D QikuMultiSignalView: SetDataNetworkVisible mSlotId = 1 mSubId = 3 visibile = true
09-08 02:21:57.048  1468  1468 D QikuSignalClusterView: setDataNetworkIndicators dataConnected = true dataType = 13 dataActivityId = 3 subId : 3
09-08 02:21:57.048  1468  1468 D QikuMultiSignalView: SetDataNetworkVisible mSlotId = 0 mSubId = 2 visibile = false
09-08 02:21:57.048  1468  1468 D QikuMultiSignalView: SetDataNetworkVisible mSlotId = 1 mSubId = 3 visibile = true
09-08 02:21:57.077  1109 29481 D AudioTrack: AudioTrackThread::pauseInternal: ns = 88366270
09-08 02:21:57.077  1109  4765 D AudioTrack: AudioTrackThread::pauseInternal: ns = 88366961
09-08 02:21:57.166  1109 29481 D AudioTrack: AudioTrackThread::pauseInternal: ns = 88365269
09-08 02:21:57.166  1109  4765 D AudioTrack: AudioTrackThread::pauseInternal: ns = 88367038
09-08 02:21:57.166  1109  2458 D AppOps  : checkOperation(code = 43 uid = 10000 pkgName = com.qihoo360.mobilesafe) - op == null, return default mode = 3
09-08 02:21:57.254  1109 29481 D AudioTrack: AudioTrackThread::pauseInternal: ns = 88365654
09-08 02:21:57.254  1109  4765 D AudioTrack: AudioTrackThread::pauseInternal: ns = 88367038
09-08 02:21:57.343  1109 29481 D AudioTrack: AudioTrackThread::pauseInternal: ns = 88365346
09-08 02:21:57.343  1109  4765 D AudioTrack: AudioTrackThread::pauseInternal: ns = 88366577
09-08 02:21:57.432  1109 29481 D AudioTrack: AudioTrackThread::pauseInternal: ns = 88363731
09-08 02:21:57.432  1109  4765 D AudioTrack: AudioTrackThread::pauseInternal: ns = 88365884
09-08 02:21:57.520  1109 29481 D AudioTrack: AudioTrackThread::pauseInternal: ns = 88364885
09-08 02:21:57.521  1109  4765 D AudioTrack: AudioTrackThread::pauseInternal: ns = 88365807
09-08 02:21:57.584  1468  1810 D MobileSignalController: onSignalStrengthsChanged signalStrength = SignalStrength: 13 99 -120 -160 -120 0 -1 99 2147483647 2147483647 2147483647 2147483647 gsm|lte -342 2147483647 1 level=4 mCurrentState.slotId = 0
09-08 02:21:57.584  1468  1810 D MobileSignalController: getNetworkTypeLevel networkType = 0 nLevel = -1 isGsm = true
09-08 02:21:57.584  1468  1810 D MobileSignalController: getNetworkTypeLevel networkType = 1 nLevel = 4 isGsm = true
09-08 02:21:57.584  1468  1810 D MobileSignalController: updateSignalStrength strengthLvl is -1 strengSlaveLvl is 4 mCurrentState.slotId = 0
09-08 02:21:57.584  1468  1810 D MobileSignalController: calculateSignalStrength single signals-------- isSEDRegion: false mCurrentState.slotId = 0
09-08 02:21:57.587  1109  1907 V ActivityManager: Broadcast sticky: Intent { act=android.intent.action.SIG_STR flg=0x20000010 (has extras) } ordered=false userid=-1 callerApp=ProcessRecord{41f62cd 1109:system/1000}
09-08 02:21:57.589  1946  3843 D SettingsInterface:  from settings cache , name = multi_sim_voice_call , value = -2
09-08 02:21:57.591  1468  1810 D MobileSignalController: updateImsRegState mCurrentState.slotId = 0 mCurrentState.subId = 2 mDataNetType = 0 mIMSState = -1mCurrentState.subId = 2 volteState = 4 enabled = false
09-08 02:21:57.591  1468  1810 D MobileSignalController: isRoaming is not cdma
09-08 02:21:57.592  1468  1810 D MobileSignalController: isRoaming is not cdma
09-08 02:21:57.592  1468  1810 D NetworkController: notifyListenersIfNecessary isDirty = false
09-08 02:21:57.592  1468  1810 D MobileSignalController: updateTelephony mCurrentState.slotId = 0 mCurrentState.subId = 2 mServiceState = 0 1 voice home data home 中国联通 CU-GSM 46001 中国联通 CU-GSM 46001  GPRS Unknown CSS not supported 0 0 RoamInd=-1 DefRoamInd=-1 EmergOnly=false Ril Voice Regist state: 1 Ril Data Regist state: 4 mProprietaryDataRadioTechnology: 0 VoiceRejectCause: 0 DataRejectCause: -1 IsDataRoamingFromRegistration=false mSignalStrength = SignalStrength: 13 99 -120 -160 -120 0 -1 99 2147483647 2147483647 2147483647 2147483647 gsm|lte -342 2147483647 1 mDataState = -1
09-08 02:21:57.609  1109 29481 D AudioTrack: AudioTrackThread::pauseInternal: ns = 88365731
09-08 02:21:57.609  1109  4765 D AudioTrack: AudioTrackThread::pauseInternal: ns = 88367039
09-08 02:21:57.621 23041 18905 I XMPP    : [NotificationDaemon] [com.xmpp.action.START_XMPP][android.intent.action.USER_PRESENT] handle intent ...
09-08 02:21:57.621  1109  2446 D ConnectivityService: getActiveNetworkInfo networkInfo = [type: MOBILE[LTE], state: CONNECTED/CONNECTED, reason: connected, extra: 3gnet, roaming: false, failover: false, isAvailable: true]
09-08 02:21:57.622 23041 18905 D SettingsInterface:  from settings cache , name = persist.xmpp.channelid , value = cid-e8458d005acc85d4011608bf1adec2d0
09-08 02:21:57.622 23041 18905 I XMPP    : [NotificationDaemon] [true][true] too much in 10000MS, ignore ...
09-08 02:21:57.698  1109 29481 D AudioTrack: AudioTrackThread::pauseInternal: ns = 88365731
09-08 02:21:57.698  1109  4765 D AudioTrack: AudioTrackThread::pauseInternal: ns = 88367038
09-08 02:21:57.727  2037  2065 I System  : FinalizerDaemon: finalize objects = 34
09-08 02:21:57.776 20757 20765 I System  : FinalizerDaemon: finalize objects = 1
09-08 02:21:57.786  1109 29481 D AudioTrack: AudioTrackThread::pauseInternal: ns = 88366038
09-08 02:21:57.786  1109  4765 D AudioTrack: AudioTrackThread::pauseInternal: ns = 88367192
09-08 02:21:57.876  1109 29481 D AudioTrack: AudioTrackThread::pauseInternal: ns = 88364577
09-08 02:21:57.876  1109  4765 D AudioTrack: AudioTrackThread::pauseInternal: ns = 88365884
09-08 02:21:57.965  1109 29481 D AudioTrack: AudioTrackThread::pauseInternal: ns = 88366115
09-08 02:21:57.965  1109  4765 D AudioTrack: AudioTrackThread::pauseInternal: ns = 88366961
09-08 02:21:57.965 20773 20788 I System  : FinalizerDaemon: finalize objects = 1
09-08 02:21:58.050  1946  1946 D SettingsInterface:  from settings cache , name = pdp_watchdog_poll_interval_ms , value = null
09-08 02:21:58.051  1468  1810 D MobileSignalController: onDataActivity: direction=0 mCurrentState.slotId = 0
09-08 02:21:58.053  1468  1810 D NetworkController: Change in state from: connected=true,enabled=true,level=4,inetCondition=1,iconGroup=IconGroup(Unknown),activityIn=true,activityOut=true,rssi=0,lastModified=09-08 02:21:57,dataSim=false,networkName=中国联通,networkNameData=中国联通,dataConnected=false,isDefault=true,isEmergency=false,airplaneMode=false,carrierNetworkChangeMode=false
09-08 02:21:58.053  1468  1810 D NetworkController: 	to: connected=true,enabled=true,level=4,inetCondition=1,iconGroup=IconGroup(Unknown),activityIn=false,activityOut=false,rssi=0,lastModified=09-08 02:21:57,dataSim=false,networkName=中国联通,networkNameData=中国联通,dataConnected=false,isDefault=true,isEmergency=false,airplaneMode=false,carrierNetworkChangeMode=false
09-08 02:21:58.054  1109 29481 D AudioTrack: AudioTrackThread::pauseInternal: ns = 88364884
09-08 02:21:58.054  1109  4765 D AudioTrack: AudioTrackThread::pauseInternal: ns = 88365961
09-08 02:21:58.063  1468  1810 D NetworkController: notifyListenersIfNecessary isDirty = true
09-08 02:21:58.067  1468  1810 D NetworkController: Change in state from: connected=true,enabled=true,level=4,inetCondition=1,iconGroup=IconGroup(Unknown),activityIn=true,activityOut=true,rssi=0,lastModified=09-08 02:21:57,dataSim=false,networkName=中国联通,networkNameData=中国联通,dataConnected=false,isDefault=true,isEmergency=false,airplaneMode=false,carrierNetworkChangeMode=false
09-08 02:21:58.067  1468  1810 D NetworkController: 	to: connected=true,enabled=true,level=4,inetCondition=1,iconGroup=IconGroup(Unknown),activityIn=false,activityOut=false,rssi=0,lastModified=09-08 02:21:57,dataSim=false,networkName=中国联通,networkNameData=中国联通,dataConnected=false,isDefault=true,isEmergency=false,airplaneMode=false,carrierNetworkChangeMode=false
09-08 02:21:58.067  1468  1810 D MobileSignalController: notifyListeners 0525  mCurrentState.slotId = 0 mCurrentState.subId = 2 mCurrentState.signalStrengthLvl = 4 signalStrengSlaveLvl = 4 mCurrentState.signalType = 1 mCurrentState.signalTypeEx = 1 mCurrentState.signalSingleMode = true mCurrentState.isRoaming = false mCurrentState.isPoweroff = false mCurrentState.dataSim = false
09-08 02:21:58.067  1468  1810 D MobileSignalController: notifyListeners 0525  mCurrentState.slotId = 0 mCurrentState.subId = 2mCurrentState.dataConnected = false mCurrentState.dataType = 0 mCurrentState.activity = 0
09-08 02:21:58.067  1468  1468 D QikuSignalClusterView: setMobileIndicators signalView.getSubId = 2 signalView.getSlotId = 0 mainStrength = 4 slaveStrength = 4 mainType = 1 slaveType = 1 isSingleMode = true isRoaming = false isPoweroff = false subId = 2 isDataSim = false
09-08 02:21:58.067  1468  1468 D QikuMultiSignalView: SetDataNetworkVisible mSlotId = 0 mSubId = 2 visibile = false
09-08 02:21:58.068  1468  1468 D QikuMultiSignalView: SetDataNetworkVisible mSlotId = 1 mSubId = 3 visibile = true
09-08 02:21:58.068  1468  1468 D QikuSignalClusterView: setMobileIndicators signalView.getSubId = 2 signalView.getSlotId = 0 mainStrength = 4 slaveStrength = 4 mainType = 1 slaveType = 1 isSingleMode = true isRoaming = false isPoweroff = false subId = 2 isDataSim = false
09-08 02:21:58.068  1468  1468 D QikuMultiSignalView: SetDataNetworkVisible mSlotId = 0 mSubId = 2 visibile = false
09-08 02:21:58.068  1468  1468 D QikuMultiSignalView: SetDataNetworkVisible mSlotId = 1 mSubId = 3 visibile = true
09-08 02:21:58.068  1468  1468 D QikuSignalClusterView: setMobileIndicators signalView.getSubId = 2 signalView.getSlotId = 0 mainStrength = 4 slaveStrength = 4 mainType = 1 slaveType = 1 isSingleMode = true isRoaming = false isPoweroff = false subId = 2 isDataSim = false
09-08 02:21:58.068  1468  1468 D QikuMultiSignalView: SetDataNetworkVisible mSlotId = 0 mSubId = 2 visibile = false
09-08 02:21:58.068  1468  1468 D QikuMultiSignalView: SetDataNetworkVisible mSlotId = 1 mSubId = 3 visibile = true
09-08 02:21:58.069  1468  1468 D QikuSignalClusterView: setDataNetworkIndicators dataConnected = false dataType = 0 dataActivityId = 0 subId : 2
09-08 02:21:58.069  1468  1468 D QikuMultiSignalView: SetDataNetworkVisible mSlotId = 0 mSubId = 2 visibile = false
09-08 02:21:58.069  1468  1468 D QikuMultiSignalView: SetDataNetworkVisible mSlotId = 1 mSubId = 3 visibile = true
09-08 02:21:58.069  1468  1468 D QikuSignalClusterView: setDataNetworkIndicators dataConnected = false dataType = 0 dataActivityId = 0 subId : 2
09-08 02:21:58.069  1468  1468 D QikuMultiSignalView: SetDataNetworkVisible mSlotId = 0 mSubId = 2 visibile = false
09-08 02:21:58.069  1468  1468 D QikuMultiSignalView: SetDataNetworkVisible mSlotId = 1 mSubId = 3 visibile = true
09-08 02:21:58.069  1468  1468 D QikuSignalClusterView: setDataNetworkIndicators dataConnected = false dataType = 0 dataActivityId = 0 subId : 2
09-08 02:21:58.069  1468  1468 D QikuMultiSignalView: SetDataNetworkVisible mSlotId = 0 mSubId = 2 visibile = false
09-08 02:21:58.069  1468  1468 D QikuMultiSignalView: SetDataNetworkVisible mSlotId = 1 mSubId = 3 visibile = true
09-08 02:21:58.070  1468  1810 D MobileSignalController: onDataActivity: direction=0 mCurrentState.slotId = 1
09-08 02:21:58.070  1468  1810 D NetworkController: Change in state from: connected=true,enabled=true,level=4,inetCondition=1,iconGroup=IconGroup(4G),activityIn=true,activityOut=true,rssi=0,lastModified=09-08 02:21:57,dataSim=true,networkName=中国联通,networkNameData=中国联通,dataConnected=true,isDefault=true,isEmergency=false,airplaneMode=false,carrierNetworkChangeMode=false
09-08 02:21:58.070  1468  1810 D NetworkController: 	to: connected=true,enabled=true,level=4,inetCondition=1,iconGroup=IconGroup(4G),activityIn=false,activityOut=false,rssi=0,lastModified=09-08 02:21:57,dataSim=true,networkName=中国联通,networkNameData=中国联通,dataConnected=true,isDefault=true,isEmergency=false,airplaneMode=false,carrierNetworkChangeMode=false
09-08 02:21:58.070  1468  1810 D NetworkController: notifyListenersIfNecessary isDirty = true
09-08 02:21:58.071  1468  1810 D NetworkController: Change in state from: connected=true,enabled=true,level=4,inetCondition=1,iconGroup=IconGroup(4G),activityIn=true,activityOut=true,rssi=0,lastModified=09-08 02:21:57,dataSim=true,networkName=中国联通,networkNameData=中国联通,dataConnected=true,isDefault=true,isEmergency=false,airplaneMode=false,carrierNetworkChangeMode=false
09-08 02:21:58.071  1468  1810 D NetworkController: 	to: connected=true,enabled=true,level=4,inetCondition=1,iconGroup=IconGroup(4G),activityIn=false,activityOut=false,rssi=0,lastModified=09-08 02:21:57,dataSim=true,networkName=中国联通,networkNameData=中国联通,dataConnected=true,isDefault=true,isEmergency=false,airplaneMode=false,carrierNetworkChangeMode=false
09-08 02:21:58.071  1468  1810 D MobileSignalController: notifyListeners 0525  mCurrentState.slotId = 1 mCurrentState.subId = 3 mCurrentState.signalStrengthLvl = 4 signalStrengSlaveLvl = 4 mCurrentState.signalType = 13 mCurrentState.signalTypeEx = 13 mCurrentState.signalSingleMode = true mCurrentState.isRoaming = false mCurrentState.isPoweroff = false mCurrentState.dataSim = true
09-08 02:21:58.071  1468  1810 D MobileSignalController: notifyListeners 0525  mCurrentState.slotId = 1 mCurrentState.subId = 3mCurrentState.dataConnected = true mCurrentState.dataType = 13 mCurrentState.activity = 0
09-08 02:21:58.072  1468  1468 D QikuSignalClusterView: setMobileIndicators signalView.getSubId = 3 signalView.getSlotId = 1 mainStrength = 4 slaveStrength = 4 mainType = 13 slaveType = 13 isSingleMode = true isRoaming = false isPoweroff = false subId = 3 isDataSim = true
09-08 02:21:58.072  1468  1468 D QikuMultiSignalView: SetDataNetworkVisible mSlotId = 0 mSubId = 2 visibile = false
09-08 02:21:58.072  1468  1468 D QikuMultiSignalView: SetDataNetworkVisible mSlotId = 1 mSubId = 3 visibile = true
09-08 02:21:58.072  1468  1468 D QikuSignalClusterView: setMobileIndicators signalView.getSubId = 3 signalView.getSlotId = 1 mainStrength = 4 slaveStrength = 4 mainType = 13 slaveType = 13 isSingleMode = true isRoaming = false isPoweroff = false subId = 3 isDataSim = true
09-08 02:21:58.072  1468  1468 D QikuMultiSignalView: SetDataNetworkVisible mSlotId = 0 mSubId = 2 visibile = false
09-08 02:21:58.072  1468  1468 D QikuMultiSignalView: SetDataNetworkVisible mSlotId = 1 mSubId = 3 visibile = true
09-08 02:21:58.072  1468  1468 D QikuSignalClusterView: setMobileIndicators signalView.getSubId = 3 signalView.getSlotId = 1 mainStrength = 4 slaveStrength = 4 mainType = 13 slaveType = 13 isSingleMode = true isRoaming = false isPoweroff = false subId = 3 isDataSim = true
09-08 02:21:58.072  1468  1468 D QikuMultiSignalView: SetDataNetworkVisible mSlotId = 0 mSubId = 2 visibile = false
09-08 02:21:58.073  1468  1468 D QikuMultiSignalView: SetDataNetworkVisible mSlotId = 1 mSubId = 3 visibile = true
09-08 02:21:58.085  1468  1468 D QikuSignalClusterView: setDataNetworkIndicators dataConnected = true dataType = 13 dataActivityId = 0 subId : 3
09-08 02:21:58.086  1468  1468 D QikuMultiSignalView: SetDataNetworkVisible mSlotId = 0 mSubId = 2 visibile = false
09-08 02:21:58.086  1468  1468 D QikuMultiSignalView: SetDataNetworkVisible mSlotId = 1 mSubId = 3 visibile = true
09-08 02:21:58.086  1468  1468 D QikuSignalClusterView: setDataNetworkIndicators dataConnected = true dataType = 13 dataActivityId = 0 subId : 3
09-08 02:21:58.086  1468  1468 D QikuMultiSignalView: SetDataNetworkVisible mSlotId = 0 mSubId = 2 visibile = false
09-08 02:21:58.086  1468  1468 D QikuMultiSignalView: SetDataNetworkVisible mSlotId = 1 mSubId = 3 visibile = true
09-08 02:21:58.086  1468  1468 D QikuSignalClusterView: setDataNetworkIndicators dataConnected = true dataType = 13 dataActivityId = 0 subId : 3
09-08 02:21:58.087  1468  1468 D QikuMultiSignalView: SetDataNetworkVisible mSlotId = 0 mSubId = 2 visibile = false
09-08 02:21:58.087  1468  1468 D QikuMultiSignalView: SetDataNetworkVisible mSlotId = 1 mSubId = 3 visibile = true
09-08 02:21:58.108   324  4102 I BufferQueueProducer: [StatusBar](this:0x7f7e52e400,id:5,api:1,p:1468,c:324) queueBuffer: fps=10.26 dur=2047.08 max=1049.38 min=5.43
09-08 02:21:58.121   324   324 I SurfaceFlinger: [Built-in Screen (type:0)] fps:10.261446,dur:2046.50,max:1050.35,min:16.15
09-08 02:21:58.123 20798 20819 I System  : FinalizerDaemon: finalize objects = 1
09-08 02:21:58.142  1109 29481 D AudioTrack: AudioTrackThread::pauseInternal: ns = 88365577
09-08 02:21:58.143  1109  4765 D AudioTrack: AudioTrackThread::pauseInternal: ns = 88366962
09-08 02:21:58.170  1109  1620 D AppOps  : checkOperation(code = 43 uid = 10000 pkgName = com.qihoo360.mobilesafe) - op == null, return default mode = 3
09-08 02:21:58.231  1109 29481 D AudioTrack: AudioTrackThread::pauseInternal: ns = 88365885
09-08 02:21:58.231  1109  4765 D AudioTrack: AudioTrackThread::pauseInternal: ns = 88367038
09-08 02:21:58.315   390   390 I thermal_repeater: select timeout
09-08 02:21:58.320  1109 29481 D AudioTrack: AudioTrackThread::pauseInternal: ns = 88364039
09-08 02:21:58.320  1109  4765 D AudioTrack: AudioTrackThread::pauseInternal: ns = 88365961
09-08 02:21:58.408  1109 29481 D AudioTrack: AudioTrackThread::pauseInternal: ns = 88364884
09-08 02:21:58.409  1109  4765 D AudioTrack: AudioTrackThread::pauseInternal: ns = 88365885
09-08 02:21:58.497  1109 29481 D AudioTrack: AudioTrackThread::pauseInternal: ns = 88365808
09-08 02:21:58.497  1109  4765 D AudioTrack: AudioTrackThread::pauseInternal: ns = 88366885
09-08 02:21:58.586  1109 29481 D AudioTrack: AudioTrackThread::pauseInternal: ns = 88364500
09-08 02:21:58.586  1109  4765 D AudioTrack: AudioTrackThread::pauseInternal: ns = 88366038
09-08 02:21:58.675  1109 29481 D AudioTrack: AudioTrackThread::pauseInternal: ns = 88364192
09-08 02:21:58.675  1109  4765 D AudioTrack: AudioTrackThread::pauseInternal: ns = 88365884
09-08 02:21:58.764  1109 29481 D AudioTrack: AudioTrackThread::pauseInternal: ns = 88364807
09-08 02:21:58.764  1109  4765 D AudioTrack: AudioTrackThread::pauseInternal: ns = 88365808
09-08 02:21:58.852  1109 29481 D AudioTrack: AudioTrackThread::pauseInternal: ns = 88364577
09-08 02:21:58.853  1109  4765 D AudioTrack: AudioTrackThread::pauseInternal: ns = 88365807
09-08 02:21:58.941  1109 29481 D AudioTrack: AudioTrackThread::pauseInternal: ns = 88365423
09-08 02:21:58.941  1109  4765 D AudioTrack: AudioTrackThread::pauseInternal: ns = 88366115
09-08 02:21:59.011  1109  1363 D AutomaticBrightnessController: calculateAmbientLux: [-8000, 100]: lux=4.0, weight=3.2805E7
09-08 02:21:59.011  1109  1363 D AutomaticBrightnessController: calculateAmbientLux: totalWeight=3.2805E7, newAmbientLux=4.0
09-08 02:21:59.012  1109  1363 D AutomaticBrightnessController: updateAmbientLux: Scheduling ambient lux update for 5333507553335075 (in 3999 ms)
09-08 02:21:59.030  1109 29481 D AudioTrack: AudioTrackThread::pauseInternal: ns = 88364346
09-08 02:21:59.030  1109  4765 D AudioTrack: AudioTrackThread::pauseInternal: ns = 88365885
09-08 02:21:59.057  1946  1946 D SettingsInterface:  from settings cache , name = pdp_watchdog_poll_interval_ms , value = null
09-08 02:21:59.076   329   615 D MAL-Daemon: URC = (+ECSQ: 23,40,1,1,1,-33,-402,7,55,3
09-08 02:21:59.076   329   615 D MAL-Daemon: )
09-08 02:21:59.076   329   615 W MAL-Daemon: event_get_last_addr(): No data available!!
09-08 02:21:59.077   329   615 W MAL-Daemon: event_get_last_addr(): No data available!!
09-08 02:21:59.077   329   607 I MAL-Daemon: [RDS-I][RU][rds_ru_task] RCV Event: 104 
09-08 02:21:59.077   329   607 I MAL-Daemon: [RDS-I][RDS][rds_ru_urc_hdlr] get URC: +ECSQ: 23,40,1,1,1,-33,-402,7,55,3
09-08 02:21:59.077   329   607 I MAL-Daemon: 
09-08 02:21:59.078   329   607 I MAL-Daemon: [RDS-I][RDS][ru_parse_3gppsigval] 3gppsigval #args act<7>
09-08 02:21:59.078   329   607 I MAL-Daemon: [RDS-I][RDS][RU][rds_ru_urc_hdlr] Update 3GPP STATUS rsrp<-101> regstat<6> 
09-08 02:21:59.078   329   607 I MAL-Daemon: [RDS-I][RDS][RU][rds_ru_urc_hdlr] ru_check_ctx_ptr<0xf68fbaf4, 0xf68fbaf4>
09-08 02:21:59.078   329   607 I MAL-Daemon: [RDS-I][RDS][RU][ru_send_event_entity] send event 605 to 602
09-08 02:21:59.078   329   607 I MAL-Daemon: [RDS-I][RU][rds_ru_task] RCV Event: 605 
09-08 02:21:59.078   329   607 I MAL-Daemon: [RDS-I][RU][EVENT_RU_DM_3GPP_STATUS_IND] i4ltersrp:-101 u43gpp_status:0x6
09-08 02:21:59.079   329   607 E MAL-Daemon: [RDS-E][RU][EVENT_RU_DM_3GPP_STATUS_IND] Invalid u43gpp_status:0x6
09-08 02:21:59.079   329   607 I MAL-Daemon: [RDS-I][RU][rds_ru_rpl_gen][RDS][OP2] TYPE : <0>, UI Policy : <3>, RDS Policy : <3>
09-08 02:21:59.079   329   607 I MAL-Daemon: [RDS-I][RDS][OP][rds_op_check_feature] operator id(2) check feature<6>, curr_opmsk is <1>, sys_opmsk is <0x0001, 1>
09-08 02:21:59.079   329   607 I MAL-Daemon: [RDS-I][RU][rds_ru_rpl_gen][RDS][OP2] TYPE : <0>, RAN1 : <255> ,RAN2 : <255>
09-08 02:21:59.079   329   607 I MAL-Daemon: [RDS-I][RU][rds_ru_rpl_gen][RDS][OP2] TYPE : <1>, UI Policy : <3>, RDS Policy : <3>
09-08 02:21:59.080   329   607 I MAL-Daemon: [RDS-I][RDS][OP][rds_op_check_feature] operator id(2) check feature<6>, curr_opmsk is <1>, sys_opmsk is <0x0001, 1>
09-08 02:21:59.080   329   607 I MAL-Daemon: [RDS-I][RU][rds_ru_rpl_gen][RDS][OP2] TYPE : <1>, RAN1 : <255> ,RAN2 : <255>
09-08 02:21:59.080   329   607 I MAL-Daemon: [RDS-I][RU][rds_ru_rpl_gen][RDS][OP2] TYPE : <2>, UI Policy : <3>, RDS Policy : <3>
09-08 02:21:59.080   329   607 I MAL-Daemon: [RDS-I][RDS][OP][rds_op_check_feature] operator id(2) check feature<6>, curr_opmsk is <1>, sys_opmsk is <0x0001, 1>
09-08 02:21:59.080   329   607 I MAL-Daemon: [RDS-I][RU][rds_ru_rpl_gen][RDS][OP2] TYPE : <2>, RAN1 : <255> ,RAN2 : <255>
09-08 02:21:59.081   329   607 I MAL-Daemon: [RDS-I][RU][rds_ru_rpl_gen][RDS][OP2] TYPE : <3>, UI Policy : <3>, RDS Policy : <3>
09-08 02:21:59.081   329   607 I MAL-Daemon: [RDS-I][RU][rds_ru_rpl_gen][RDS][OP2] TYPE : <3>, RAN1 : <255> ,RAN2 : <255>
09-08 02:21:59.081   329   607 I MAL-Daemon: [RDS-I][RU][rds_ru_rpl_gen][RDS][OP2] TYPE : <4>, UI Policy : <3>, RDS Policy : <3>
09-08 02:21:59.081   329   607 I MAL-Daemon: [RDS-I][RU][rds_ru_rpl_gen][RDS][OP2] TYPE : <4>, RAN1 : <255> ,RAN2 : <255>
09-08 02:21:59.081   329   607 I MAL-Daemon: [RDS-I][RU][rds_ru_rpl_gen][RDS][OP2] TYPE : <5>, UI Policy : <3>, RDS Policy : <3>
09-08 02:21:59.081   329   607 I MAL-Daemon: [RDS-I][RU][rds_ru_rpl_gen][RDS][OP2] TYPE : <5>, RAN1 : <255> ,RAN2 : <255>
09-08 02:21:59.082   329   607 I MAL-Daemon: [RDS-I][RU][rds_ru_rpl_gen][RDS][OP2] TYPE : <6>, RAN1 : <254> ,RAN2 : <254>
09-08 02:21:59.082   329   607 I MAL-Daemon: [RDS-I][RDS][OP][rds_op_check_feature] operator id(2) check feature<0>, curr_opmsk is <1>, sys_opmsk is <0x0001, 1>
09-08 02:21:59.082   329   607 I MAL-Daemon: [RDS-I][RU][rds_ru_ims_vops_update][RDS IMS]Policy type: 0 IMS VOPS IE is Disabled, update IMS RPL from Ori:(255, 255) New:(255,255)
09-08 02:21:59.082   329   607 I MAL-Daemon: [RDS-I][RU][rds_ru_ims_vops_update][RDS IMS]Policy type: 1 IMS VOPS IE is Disabled, update IMS RPL from Ori:(255, 255) New:(255,255)
09-08 02:21:59.082   329   607 I MAL-Daemon: [RDS-I][RU][rds_ru_ims_vops_update][RDS IMS]Policy type: 2 IMS VOPS IE is Disabled, update IMS RPL from Ori:(255, 255) New:(255,255)
09-08 02:21:59.083   329   607 I MAL-Daemon: [RDS-I][RU][rds_ru_rpl_gen][RDS] Current policy: fgimsolte_en<0>, fgwfc_en<0>, erdspolicy<3>, 
09-08 02:21:59.083   329   607 I MAL-Daemon: [RDS-I][RU][rds_ru_rpl_gen][RDS] Threshold i4wifirssih<-75>, i4wifirssil<-85>, i4wifirssih_ho<-78>, i4wifirssil_ho<-88>, i4ltersrph<-106>, i4ltersrpm<-111>, i4ltersrpl<-116>
09-08 02:21:59.083   329   607 I MAL-Daemon: [RDS-I][RU][rds_ru_rpl_gen][RDS] current rds ru status: i4wifirssi<-127>, i4ltersrp<-101>, u4active_ran<0> 
09-08 02:21:59.083   329   607 I MAL-Daemon: [RDS-I][RU][rds_ru_rpl_gen][RDS] Call stat : IR92<0>, IR94<0> 
09-08 02:21:59.083   329   607 I MAL-Daemon: [RDS-I][RU][RDS IMS/MMS][rds_ru_rpl_gen] Ori:(255,255)/(255,255) New:(255,255)/(255,255)
09-08 02:21:59.084   329   607 I MAL-Daemon: [RDS-I][RU][RDS IMS/MMS WIFI][rds_ru_rpl_gen] Ori:(255,255)/(255,255) New:(255,255)/(255,255)
09-08 02:21:59.084   329   607 I MAL-Daemon: [RDS-I][RU][RDS IMS/MMS CELL][rds_ru_rpl_gen] Ori:(255,255)/(255,255) New:(255,255)/(255,255)
09-08 02:21:59.084   329   607 I MAL-Daemon: [RDS-I][RU][RDS EMG][rds_ru_rpl_gen] Ori:(254,254) New:(254,254)
09-08 02:21:59.084   329   566 D MAL-Daemon: atmngr_urc_hdl(): [AT_URC] "
09-08 02:21:59.084   329   566 D MAL-Daemon: +ECSQ: 23,40,1,1,1,-33,-402,7,55,3
09-08 02:21:59.084   329   566 D MAL-Daemon: "!!
09-08 02:21:59.104  1468  1810 D MobileSignalController: onSignalStrengthsChanged signalStrength = SignalStrength: 0 40 -120 -2560 -120 -1 8 99 -100 -8 137 2147483647 gsm|lte 1 1 1 level=4 mCurrentState.slotId = 1
09-08 02:21:59.104  1468  1810 D MobileSignalController: getNetworkTypeLevel networkType = 13 nLevel = 4 isGsm = true
09-08 02:21:59.104  1468  1810 D MobileSignalController: getNetworkTypeLevel networkType = 13 nLevel = 4 isGsm = true
09-08 02:21:59.104  1468  1810 D MobileSignalController: updateSignalStrength strengthLvl is 4 strengSlaveLvl is 4 mCurrentState.slotId = 1
09-08 02:21:59.104  1468  1810 D MobileSignalController: calculateSignalStrength single signals-------- isSEDRegion: false mCurrentState.slotId = 1
09-08 02:21:59.106  1109  2446 V ActivityManager: Broadcast sticky: Intent { act=android.intent.action.SIG_STR flg=0x20000010 (has extras) } ordered=false userid=-1 callerApp=ProcessRecord{41f62cd 1109:system/1000}
09-08 02:21:59.109  1946 11581 D SettingsInterface:  from settings cache , name = multi_sim_voice_call , value = -2
09-08 02:21:59.110  1468  1810 D MobileSignalController: updateImsRegState mCurrentState.slotId = 1 mCurrentState.subId = 3 mDataNetType = 13 mIMSState = 1mCurrentState.subId = 3 volteState = 4 enabled = false
09-08 02:21:59.111  1468  1810 D MobileSignalController: isRoaming is not cdma
09-08 02:21:59.111  1468  1810 D MobileSignalController: isRoaming is not cdma
09-08 02:21:59.111  1468  1810 D NetworkController: notifyListenersIfNecessary isDirty = false
09-08 02:21:59.111  1468  1810 D MobileSignalController: updateTelephony mCurrentState.slotId = 1 mCurrentState.subId = 3 mServiceState = 0 0 voice home data home 中国联通 CU-GSM 46001 中国联通 CU-GSM 46001  LTE LTE CSS not supported 0 0 RoamInd=-1 DefRoamInd=-1 EmergOnly=false Ril Voice Regist state: 1 Ril Data Regist state: 1 mProprietaryDataRadioTechnology: 0 VoiceRejectCause: 0 DataRejectCause: -1 IsDataRoamingFromRegistration=false mSignalStrength = SignalStrength: 0 40 -120 -2560 -120 -1 8 99 -100 -8 137 2147483647 gsm|lte 1 1 1 mDataState = 2
09-08 02:21:59.119  1109 29481 D AudioTrack: AudioTrackThread::pauseInternal: ns = 88365654
09-08 02:21:59.119  1109  4765 D AudioTrack: AudioTrackThread::pauseInternal: ns = 88366961
09-08 02:21:59.174  1109  4300 D AppOps  : checkOperation(code = 43 uid = 10000 pkgName = com.qihoo360.mobilesafe) - op == null, return default mode = 3
09-08 02:21:59.200  1109  1388 D AlarmManager: set alarm to RTC 98204023
09-08 02:21:59.200  1109  1388 D SettingsInterface:  from settings cache , name = background_power_saving_enable , value = 1
09-08 02:21:59.200  1109  1388 D DataShapingService: Alarm manager openLteDataUpLinkGate: false
09-08 02:21:59.200  1109  1388 V AlarmManager: openLteGateSuccess = false
09-08 02:21:59.201  1109  1388 V ActivityManager: Broadcast: Intent { act=android.content.jobscheduler.JOB_DELAY_EXPIRED flg=0x114 (has extras) } ordered=true userid=0 callerApp=null
09-08 02:21:59.204  1109  1388 V AlarmManager: sending alarm Alarm{cd9a765 type 3 when 98203924 android tag:*alarm*:android.content.jobscheduler.JOB_DELAY_EXPIRED} success
09-08 02:21:59.204  1109  1388 D PowerManagerService: acquireWakeLockInternal: lock=248031697, flags=0x1, tag="*alarm*", ws=WorkSource{1000}, uid=1000, pid=1109
09-08 02:21:59.205  1109  1388 D PowerManagerService: updateWakeLockSummaryLocked: mWakefulness=Awake, mWakeLockSummary=0x1
09-08 02:21:59.206  1109  1388 D PowerManagerService: updateUserActivitySummaryLocked: mWakefulness=Awake, mUserActivitySummary=0x1, nextTimeout=53377481 (in 46211 ms)
09-08 02:21:59.206  1109  1388 D DisplayPowerController: requestPowerState: policy=BRIGHT, useProximitySensor=false, screenBrightness=102, screenAutoBrightnessAdjustment=0.0, brightnessSetByUser=true, useAutoBrightness=true, blockScreenOn=false, lowPowerMode=false, boostScreenBrightness=false, dozeScreenBrightness=-1, dozeScreenState=UNKNOWN, waitForNegativeProximity=false
09-08 02:21:59.207  1109 29481 D AudioTrack: AudioTrackThread::pauseInternal: ns = 88364269
09-08 02:21:59.208  1109  4765 D AudioTrack: AudioTrackThread::pauseInternal: ns = 88365884
09-08 02:21:59.208  1109  1388 D PowerManagerService: updateDisplayPowerStateLocked: mDisplayReady=true, policy=3, mWakefulness=1, mWakeLockSummary=0x1, mUserActivitySummary=0x1, mBootCompleted=true, mScreenBrightnessBoostInProgress=false
09-08 02:21:59.209  1109  1388 D PowerManagerService: Acquiring suspend blocker "PowerManagerService.WakeLocks".
09-08 02:21:59.209  1109  1388 D PowerManagerNotifier: onWakeLockAcquired: flags=1, tag="*alarm*", packageName=android, ownerUid=1000, ownerPid=1109, workSource=WorkSource{1000}
09-08 02:21:59.210  1109  1363 I DisplayPowerState: isRealyScreenOn is true
09-08 02:21:59.210  1109  1363 I PowerManagerService: 3Button light brightness: 0.
09-08 02:21:59.212  1109  1109 V AlarmManager: set(PendingIntent{605956b: PendingIntentRecord{fa968c8 android broadcastIntent}}) : type=3 triggerAtTime=2016-09-08 02:23:38 win=-1 tElapsed=98303401 maxElapsed=98378005 interval=0 flags=0x8
09-08 02:21:59.213  1109  1109 D ActivityThread: BDC-Calling finishReceiver: IIntentReceiver=ede45d8
